
> adh-lms@0.1.0 build
> next build

Γû▓ Next.js 16.1.1 (Turbopack)
- Environments: .env.local

node.exe : ΓÜá The "middleware" file convention is deprecated. Please use "proxy" instead. Learn more: 
https://nextjs.org/docs/messages/middleware-to-proxy
At line:1 char:1
+ & "C:\Program Files\nodejs/node.exe" "C:\Program Files\nodejs/node_mo ...
+ ~~~~~~~~~~~~~~~~~~~~~~~~~~~~~~~~~~~~~~~~~~~~~~~~~~~~~~~~~~~~~~~~~~~~~
    + CategoryInfo          : NotSpecified: (ΓÜá The "middle...leware-to-proxy:String) [], RemoteException
    + FullyQualifiedErrorId : NativeCommandError
 
  Creating an optimized production build ...
Γ£ô Compiled successfully in 7.1s
  Running TypeScript ...
Failed to compile.

./src/app/(dashboard)/(student)/dashboard/page.tsx:101:38
Type error: Type 'DashboardCourse[]' is not assignable to type 'CourseWithProgressWithCategory[]'.
  Type 'DashboardCourse' is missing the following properties from type 'CourseWithProgressWithCategory': description, price

[0m [90m  99 |[39m                             [33mContinue[39m [33mLearning[39m
 [90m 100 |[39m                         [33m<[39m[33m/[39m[33mh2[39m[33m>[39m
[31m[1m>[22m[39m[90m 101 |[39m                         [33m<[39m[33mCoursesList[39m items[33m=[39m{coursesInProgress} 
[33m/[39m[33m>[39m
 [90m     |[39m                                      [31m[1m^[22m[39m
 [90m 102 |[39m                     [33m<[39m[33m/[39m[33mdiv[39m[33m>[39m
 [90m 103 |[39m                 )}
 [90m 104 |[39m[0m
Next.js build worker exited with code: 1 and signal: null
