02-12 19:46:28.302  2261  7095 I artd    : unable to open vdex file /data/dalvik-cache/x86_64/data@user_de@0@com.google.android.gms@app_chimera@m@00000001@CronetDynamite.uncompressed.apk@classes.vdex: File /data/dalvik-cache/x86_64/data@user_de@0@com.google.android.gms@app_chimera@m@00000001@CronetDynamite.uncompressed.apk@classes.vdex does not exist.
02-12 19:46:28.302  2261  7095 I artd    : OatFileAssistant test for existing oat file /data/dalvik-cache/x86_64/data@user_de@0@com.google.android.gms@app_chimera@m@00000001@CronetDynamite.uncompressed.apk@classes.vdex: File /data/dalvik-cache/x86_64/data@user_de@0@com.google.android.gms@app_chimera@m@00000001@CronetDynamite.uncompressed.apk@classes.vdex does not exist.
02-12 19:46:28.302  2261  7095 I artd    : GetBestInfo checking vdex next to the dex file (/data/user_de/0/com.google.android.gms/app_chimera/m/00000001/oat/x86_64/CronetDynamite.uncompressed.vdex)
02-12 19:46:28.302  2261  7095 I artd    : unable to open vdex file /data/user_de/0/com.google.android.gms/app_chimera/m/00000001/oat/x86_64/CronetDynamite.uncompressed.vdex: File /data/user_de/0/com.google.android.gms/app_chimera/m/00000001/oat/x86_64/CronetDynamite.uncompressed.vdex does not exist.
02-12 19:46:28.302  2261  7095 I artd    : OatFileAssistant test for existing oat file /data/user_de/0/com.google.android.gms/app_chimera/m/00000001/oat/x86_64/CronetDynamite.uncompressed.vdex: File /data/user_de/0/com.google.android.gms/app_chimera/m/00000001/oat/x86_64/CronetDynamite.uncompressed.vdex does not exist.
02-12 19:46:28.302  2261  7095 I artd    : GetBestInfo checking dm (/data/user_de/0/com.google.android.gms/app_chimera/m/00000001/CronetDynamite.uncompressed.dm)
02-12 19:46:28.303  2261  7095 W ziparchive: Unable to open '/data/user_de/0/com.google.android.gms/app_chimera/m/00000001/CronetDynamite.uncompressed.dm': No such file or directory
02-12 19:46:28.303  2261  7095 I artd    : OatFileAssistant test for existing oat file /data/user_de/0/com.google.android.gms/app_chimera/m/00000001/CronetDynamite.uncompressed.dm: I/O error
02-12 19:46:28.303  2261  7095 I artd    : GetBestInfo checking dm (/data/user_de/0/com.google.android.gms/app_chimera/m/00000001/CronetDynamite.uncompressed.dm)
02-12 19:46:28.303  2261  7095 W ziparchive: Unable to open '/data/user_de/0/com.google.android.gms/app_chimera/m/00000001/CronetDynamite.uncompressed.dm': No such file or directory
02-12 19:46:28.303  2261  7095 I artd    : OatFileAssistant test for existing oat file /data/user_de/0/com.google.android.gms/app_chimera/m/00000001/CronetDynamite.uncompressed.dm: I/O error
02-12 19:46:28.303  2261  7095 I artd    : GetBestInfo no usable artifacts
02-12 19:46:28.306  2261  7095 I artd    : Dex parent of /data/user_de/0/com.google.android.gms/app_chimera/m/0000000a/dl-VisionOcr.optional_260235100000.apk is not writable: Permission denied
02-12 19:46:28.306  2261  7095 I artd    : GetBestInfo checking odex in dalvik-cache (/data/dalvik-cache/x86_64/data@user_de@0@com.google.android.gms@app_chimera@m@0000000a@dl-VisionOcr.optional_260235100000.apk@classes.dex)
02-12 19:46:28.306  2261  7095 I artd    : Loading /data/dalvik-cache/x86_64/data@user_de@0@com.google.android.gms@app_chimera@m@0000000a@dl-VisionOcr.optional_260235100000.apk@classes.dex with executable: 0
02-12 19:46:28.306  2261  7095 I artd    : OatFileAssistant test for existing oat file /data/dalvik-cache/x86_64/data@user_de@0@com.google.android.gms@app_chimera@m@0000000a@dl-VisionOcr.optional_260235100000.apk@classes.dex: File /data/dalvik-cache/x86_64/data@user_de@0@com.google.android.gms@app_chimera@m@0000000a@dl-VisionOcr.optional_260235100000.apk@classes.vdex does not exist.
02-12 19:46:28.307  2261  7095 I artd    : GetBestInfo checking odex next to the dex file (/data/user_de/0/com.google.android.gms/app_chimera/m/0000000a/oat/x86_64/dl-VisionOcr.optional_260235100000.odex)
02-12 19:46:28.307  2261  7095 I artd    : Loading /data/user_de/0/com.google.android.gms/app_chimera/m/0000000a/oat/x86_64/dl-VisionOcr.optional_260235100000.odex with executable: 0
02-12 19:46:28.308  2261  7095 I artd    : OatFileAssistant test for existing oat file /data/user_de/0/com.google.android.gms/app_chimera/m/0000000a/oat/x86_64/dl-VisionOcr.optional_260235100000.odex: File /data/user_de/0/com.google.android.gms/app_chimera/m/0000000a/oat/x86_64/dl-VisionOcr.optional_260235100000.vdex does not exist.
02-12 19:46:28.308  2261  7095 I artd    : GetBestInfo checking vdex in dalvik-cache (/data/dalvik-cache/x86_64/data@user_de@0@com.google.android.gms@app_chimera@m@0000000a@dl-VisionOcr.optional_260235100000.apk@classes.vdex)
02-12 19:46:28.308  2261  7095 I artd    : unable to open vdex file /data/dalvik-cache/x86_64/data@user_de@0@com.google.android.gms@app_chimera@m@0000000a@dl-VisionOcr.optional_260235100000.apk@classes.vdex: File /data/dalvik-cache/x86_64/data@user_de@0@com.google.android.gms@app_chimera@m@0000000a@dl-VisionOcr.optional_260235100000.apk@classes.vdex does not exist.
02-12 19:46:28.308  2261  7095 I artd    : OatFileAssistant test for existing oat file /data/dalvik-cache/x86_64/data@user_de@0@com.google.android.gms@app_chimera@m@0000000a@dl-VisionOcr.optional_260235100000.apk@classes.vdex: File /data/dalvik-cache/x86_64/data@user_de@0@com.google.android.gms@app_chimera@m@0000000a@dl-VisionOcr.optional_260235100000.apk@classes.vdex does not exist.
02-12 19:46:28.308  2261  7095 I artd    : GetBestInfo checking vdex next to the dex file (/data/user_de/0/com.google.android.gms/app_chimera/m/0000000a/oat/x86_64/dl-VisionOcr.optional_260235100000.vdex)
02-12 19:46:28.308  2261  7095 I artd    : unable to open vdex file /data/user_de/0/com.google.android.gms/app_chimera/m/0000000a/oat/x86_64/dl-VisionOcr.optional_260235100000.vdex: File /data/user_de/0/com.google.android.gms/app_chimera/m/0000000a/oat/x86_64/dl-VisionOcr.optional_260235100000.vdex does not exist.
02-12 19:46:28.308  2261  7095 I artd    : OatFileAssistant test for existing oat file /data/user_de/0/com.google.android.gms/app_chimera/m/0000000a/oat/x86_64/dl-VisionOcr.optional_260235100000.vdex: File /data/user_de/0/com.google.android.gms/app_chimera/m/0000000a/oat/x86_64/dl-VisionOcr.optional_260235100000.vdex does not exist.
02-12 19:46:28.309  2261  7095 I artd    : GetBestInfo checking dm (/data/user_de/0/com.google.android.gms/app_chimera/m/0000000a/dl-VisionOcr.optional_260235100000.dm)
02-12 19:46:28.310  2261  7095 W ziparchive: Unable to open '/data/user_de/0/com.google.android.gms/app_chimera/m/0000000a/dl-VisionOcr.optional_260235100000.dm': No such file or directory
02-12 19:46:28.310  2261  7095 I artd    : OatFileAssistant test for existing oat file /data/user_de/0/com.google.android.gms/app_chimera/m/0000000a/dl-VisionOcr.optional_260235100000.dm: I/O error
02-12 19:46:28.310  2261  7095 I artd    : GetBestInfo checking dm (/data/user_de/0/com.google.android.gms/app_chimera/m/0000000a/dl-VisionOcr.optional_260235100000.dm)
02-12 19:46:28.310  2261  7095 W ziparchive: Unable to open '/data/user_de/0/com.google.android.gms/app_chimera/m/0000000a/dl-VisionOcr.optional_260235100000.dm': No such file or directory
02-12 19:46:28.310  2261  7095 I artd    : OatFileAssistant test for existing oat file /data/user_de/0/com.google.android.gms/app_chimera/m/0000000a/dl-VisionOcr.optional_260235100000.dm: I/O error
02-12 19:46:28.310  2261  7095 I artd    : GetBestInfo no usable artifacts
02-12 19:46:28.315  2261  2261 I artd    : Dex parent of /data/user_de/0/com.google.android.gms/app_chimera/m/00000008/dl-TfliteDynamiteDynamite.integ_252130102100800.apk is not writable: Permission denied
02-12 19:46:28.316  2261  2261 I artd    : GetBestInfo checking odex in dalvik-cache (/data/dalvik-cache/x86_64/data@user_de@0@com.google.android.gms@app_chimera@m@00000008@dl-TfliteDynamiteDynamite.integ_252130102100800.apk@classes.dex)
02-12 19:46:28.316  2261  2261 I artd    : Loading /data/dalvik-cache/x86_64/data@user_de@0@com.google.android.gms@app_chimera@m@00000008@dl-TfliteDynamiteDynamite.integ_252130102100800.apk@classes.dex with executable: 0
02-12 19:46:28.316  2261  2261 I artd    : OatFileAssistant test for existing oat file /data/dalvik-cache/x86_64/data@user_de@0@com.google.android.gms@app_chimera@m@00000008@dl-TfliteDynamiteDynamite.integ_252130102100800.apk@classes.dex: File /data/dalvik-cache/x86_64/data@user_de@0@com.google.android.gms@app_chimera@m@00000008@dl-TfliteDynamiteDynamite.integ_252130102100800.apk@classes.vdex does not exist.
02-12 19:46:28.316  2261  2261 I artd    : GetBestInfo checking odex next to the dex file (/data/user_de/0/com.google.android.gms/app_chimera/m/00000008/oat/x86_64/dl-TfliteDynamiteDynamite.integ_252130102100800.odex)
02-12 19:46:28.316  2261  2261 I artd    : Loading /data/user_de/0/com.google.android.gms/app_chimera/m/00000008/oat/x86_64/dl-TfliteDynamiteDynamite.integ_252130102100800.odex with executable: 0
02-12 19:46:28.316  2261  2261 I artd    : OatFileAssistant test for existing oat file /data/user_de/0/com.google.android.gms/app_chimera/m/00000008/oat/x86_64/dl-TfliteDynamiteDynamite.integ_252130102100800.odex: File /data/user_de/0/com.google.android.gms/app_chimera/m/00000008/oat/x86_64/dl-TfliteDynamiteDynamite.integ_252130102100800.vdex does not exist.
02-12 19:46:28.316  2261  2261 I artd    : GetBestInfo checking vdex in dalvik-cache (/data/dalvik-cache/x86_64/data@user_de@0@com.google.android.gms@app_chimera@m@00000008@dl-TfliteDynamiteDynamite.integ_252130102100800.apk@classes.vdex)
02-12 19:46:28.316  2261  2261 I artd    : unable to open vdex file /data/dalvik-cache/x86_64/data@user_de@0@com.google.android.gms@app_chimera@m@00000008@dl-TfliteDynamiteDynamite.integ_252130102100800.apk@classes.vdex: File /data/dalvik-cache/x86_64/data@user_de@0@com.google.android.gms@app_chimera@m@00000008@dl-TfliteDynamiteDynamite.integ_252130102100800.apk@classes.vdex does not exist.
02-12 19:46:28.316  2261  2261 I artd    : OatFileAssistant test for existing oat file /data/dalvik-cache/x86_64/data@user_de@0@com.google.android.gms@app_chimera@m@00000008@dl-TfliteDynamiteDynamite.integ_252130102100800.apk@classes.vdex: File /data/dalvik-cache/x86_64/data@user_de@0@com.google.android.gms@app_chimera@m@00000008@dl-TfliteDynamiteDynamite.integ_252130102100800.apk@classes.vdex does not exist.
02-12 19:46:28.316  2261  2261 I artd    : GetBestInfo checking vdex next to the dex file (/data/user_de/0/com.google.android.gms/app_chimera/m/00000008/oat/x86_64/dl-TfliteDynamiteDynamite.integ_252130102100800.vdex)
02-12 19:46:28.318  2261  2261 I artd    : unable to open vdex file /data/user_de/0/com.google.android.gms/app_chimera/m/00000008/oat/x86_64/dl-TfliteDynamiteDynamite.integ_252130102100800.vdex: File /data/user_de/0/com.google.android.gms/app_chimera/m/00000008/oat/x86_64/dl-TfliteDynamiteDynamite.integ_252130102100800.vdex does not exist.
02-12 19:46:28.318  2261  2261 I artd    : OatFileAssistant test for existing oat file /data/user_de/0/com.google.android.gms/app_chimera/m/00000008/oat/x86_64/dl-TfliteDynamiteDynamite.integ_252130102100800.vdex: File /data/user_de/0/com.google.android.gms/app_chimera/m/00000008/oat/x86_64/dl-TfliteDynamiteDynamite.integ_252130102100800.vdex does not exist.
02-12 19:46:28.318  2261  2261 I artd    : GetBestInfo checking dm (/data/user_de/0/com.google.android.gms/app_chimera/m/00000008/dl-TfliteDynamiteDynamite.integ_252130102100800.dm)
02-12 19:46:28.318  2261  2261 W ziparchive: Unable to open '/data/user_de/0/com.google.android.gms/app_chimera/m/00000008/dl-TfliteDynamiteDynamite.integ_252130102100800.dm': No such file or directory
02-12 19:46:28.318  2261  2261 I artd    : OatFileAssistant test for existing oat file /data/user_de/0/com.google.android.gms/app_chimera/m/00000008/dl-TfliteDynamiteDynamite.integ_252130102100800.dm: I/O error
02-12 19:46:28.318  2261  2261 I artd    : GetBestInfo checking dm (/data/user_de/0/com.google.android.gms/app_chimera/m/00000008/dl-TfliteDynamiteDynamite.integ_252130102100800.dm)
02-12 19:46:28.319  2261  2261 W ziparchive: Unable to open '/data/user_de/0/com.google.android.gms/app_chimera/m/00000008/dl-TfliteDynamiteDynamite.integ_252130102100800.dm': No such file or directory
02-12 19:46:28.319  2261  2261 I artd    : OatFileAssistant test for existing oat file /data/user_de/0/com.google.android.gms/app_chimera/m/00000008/dl-TfliteDynamiteDynamite.integ_252130102100800.dm: I/O error
02-12 19:46:28.320  2261  2261 I artd    : GetBestInfo no usable artifacts
02-12 19:46:28.323  2261  7095 I artd    : Dex parent of /data/user/0/com.google.android.gms/app_dg_cache/94DF452EEF4B8E717545DCDEA6CC3C50A319A195/the.apk is not writable: Permission denied
02-12 19:46:28.323  2261  7095 I artd    : GetBestInfo checking odex in dalvik-cache (/data/dalvik-cache/x86_64/data@user@0@com.google.android.gms@app_dg_cache@94DF452EEF4B8E717545DCDEA6CC3C50A319A195@the.apk@classes.dex)
02-12 19:46:28.323  2261  7095 I artd    : Loading /data/dalvik-cache/x86_64/data@user@0@com.google.android.gms@app_dg_cache@94DF452EEF4B8E717545DCDEA6CC3C50A319A195@the.apk@classes.dex with executable: 0
02-12 19:46:28.323  2261  7095 I artd    : OatFileAssistant test for existing oat file /data/dalvik-cache/x86_64/data@user@0@com.google.android.gms@app_dg_cache@94DF452EEF4B8E717545DCDEA6CC3C50A319A195@the.apk@classes.dex: File /data/dalvik-cache/x86_64/data@user@0@com.google.android.gms@app_dg_cache@94DF452EEF4B8E717545DCDEA6CC3C50A319A195@the.apk@classes.vdex does not exist.
02-12 19:46:28.323  2261  7095 I artd    : GetBestInfo checking odex next to the dex file (/data/user/0/com.google.android.gms/app_dg_cache/94DF452EEF4B8E717545DCDEA6CC3C50A319A195/oat/x86_64/the.odex)
02-12 19:46:28.323  2261  7095 I artd    : Loading /data/user/0/com.google.android.gms/app_dg_cache/94DF452EEF4B8E717545DCDEA6CC3C50A319A195/oat/x86_64/the.odex with executable: 0
02-12 19:46:28.323  2261  7095 I artd    : OatFileAssistant test for existing oat file /data/user/0/com.google.android.gms/app_dg_cache/94DF452EEF4B8E717545DCDEA6CC3C50A319A195/oat/x86_64/the.odex: Failed to open oat filename for reading: No such file or directory
02-12 19:46:28.323  2261  7095 I artd    : GetBestInfo checking vdex in dalvik-cache (/data/dalvik-cache/x86_64/data@user@0@com.google.android.gms@app_dg_cache@94DF452EEF4B8E717545DCDEA6CC3C50A319A195@the.apk@classes.vdex)
02-12 19:46:28.323  2261  7095 I artd    : unable to open vdex file /data/dalvik-cache/x86_64/data@user@0@com.google.android.gms@app_dg_cache@94DF452EEF4B8E717545DCDEA6CC3C50A319A195@the.apk@classes.vdex: File /data/dalvik-cache/x86_64/data@user@0@com.google.android.gms@app_dg_cache@94DF452EEF4B8E717545DCDEA6CC3C50A319A195@the.apk@classes.vdex does not exist.
02-12 19:46:28.323  2261  7095 I artd    : OatFileAssistant test for existing oat file /data/dalvik-cache/x86_64/data@user@0@com.google.android.gms@app_dg_cache@94DF452EEF4B8E717545DCDEA6CC3C50A319A195@the.apk@classes.vdex: File /data/dalvik-cache/x86_64/data@user@0@com.google.android.gms@app_dg_cache@94DF452EEF4B8E717545DCDEA6CC3C50A319A195@the.apk@classes.vdex does not exist.
02-12 19:46:28.323  2261  7095 I artd    : GetBestInfo checking vdex next to the dex file (/data/user/0/com.google.android.gms/app_dg_cache/94DF452EEF4B8E717545DCDEA6CC3C50A319A195/oat/x86_64/the.vdex)
02-12 19:46:28.324  2261  7095 I artd    : Successfully loaded /data/user/0/com.google.android.gms/app_dg_cache/94DF452EEF4B8E717545DCDEA6CC3C50A319A195/oat/x86_64/the.vdex with executable: 0
02-12 19:46:28.324  2261  7095 I artd    : Image checksum test skipped for vdex file /data/user/0/com.google.android.gms/app_dg_cache/94DF452EEF4B8E717545DCDEA6CC3C50A319A195/oat/x86_64/the.vdex
02-12 19:46:28.324  2261  7095 I artd    : /data/user/0/com.google.android.gms/app_dg_cache/94DF452EEF4B8E717545DCDEA6CC3C50A319A195/oat/x86_64/the.vdex is kOatUpToDate with filter verify
02-12 19:46:28.324  2261  7095 I artd    : Dex parent of /data/user_de/0/com.google.android.gms/app_chimera/m/00000007/MeasurementDynamite.apk is not writable: No such file or directory
02-12 19:46:28.324  2261  7095 I artd    : GetBestInfo checking odex in dalvik-cache (/data/dalvik-cache/x86_64/data@user_de@0@com.google.android.gms@app_chimera@m@00000007@MeasurementDynamite.apk@classes.dex)
02-12 19:46:28.325  2261  7095 I artd    : Loading /data/dalvik-cache/x86_64/data@user_de@0@com.google.android.gms@app_chimera@m@00000007@MeasurementDynamite.apk@classes.dex with executable: 0
02-12 19:46:28.325  2261  7095 I artd    : OatFileAssistant test for existing oat file /data/dalvik-cache/x86_64/data@user_de@0@com.google.android.gms@app_chimera@m@00000007@MeasurementDynamite.apk@classes.dex: File /data/dalvik-cache/x86_64/data@user_de@0@com.google.android.gms@app_chimera@m@00000007@MeasurementDynamite.apk@classes.vdex does not exist.
02-12 19:46:28.325  2261  7095 I artd    : GetBestInfo checking odex next to the dex file (/data/user_de/0/com.google.android.gms/app_chimera/m/00000007/oat/x86_64/MeasurementDynamite.odex)
02-12 19:46:28.325  2261  7095 I artd    : Loading /data/user_de/0/com.google.android.gms/app_chimera/m/00000007/oat/x86_64/MeasurementDynamite.odex with executable: 0
02-12 19:46:28.325  2261  7095 I artd    : OatFileAssistant test for existing oat file /data/user_de/0/com.google.android.gms/app_chimera/m/00000007/oat/x86_64/MeasurementDynamite.odex: File /data/user_de/0/com.google.android.gms/app_chimera/m/00000007/oat/x86_64/MeasurementDynamite.vdex does not exist.
02-12 19:46:28.325  2261  7095 I artd    : GetBestInfo checking vdex in dalvik-cache (/data/dalvik-cache/x86_64/data@user_de@0@com.google.android.gms@app_chimera@m@00000007@MeasurementDynamite.apk@classes.vdex)
02-12 19:46:28.325  2261  7095 I artd    : unable to open vdex file /data/dalvik-cache/x86_64/data@user_de@0@com.google.android.gms@app_chimera@m@00000007@MeasurementDynamite.apk@classes.vdex: File /data/dalvik-cache/x86_64/data@user_de@0@com.google.android.gms@app_chimera@m@00000007@MeasurementDynamite.apk@classes.vdex does not exist.
02-12 19:46:28.325  2261  7095 I artd    : OatFileAssistant test for existing oat file /data/dalvik-cache/x86_64/data@user_de@0@com.google.android.gms@app_chimera@m@00000007@MeasurementDynamite.apk@classes.vdex: File /data/dalvik-cache/x86_64/data@user_de@0@com.google.android.gms@app_chimera@m@00000007@MeasurementDynamite.apk@classes.vdex does not exist.
02-12 19:46:28.325  2261  7095 I artd    : GetBestInfo checking vdex next to the dex file (/data/user_de/0/com.google.android.gms/app_chimera/m/00000007/oat/x86_64/MeasurementDynamite.vdex)
02-12 19:46:28.325  2261  7095 I artd    : unable to open vdex file /data/user_de/0/com.google.android.gms/app_chimera/m/00000007/oat/x86_64/MeasurementDynamite.vdex: File /data/user_de/0/com.google.android.gms/app_chimera/m/00000007/oat/x86_64/MeasurementDynamite.vdex does not exist.
02-12 19:46:28.325  2261  7095 I artd    : OatFileAssistant test for existing oat file /data/user_de/0/com.google.android.gms/app_chimera/m/00000007/oat/x86_64/MeasurementDynamite.vdex: File /data/user_de/0/com.google.android.gms/app_chimera/m/00000007/oat/x86_64/MeasurementDynamite.vdex does not exist.
02-12 19:46:28.325  2261  7095 I artd    : GetBestInfo checking dm (/data/user_de/0/com.google.android.gms/app_chimera/m/00000007/MeasurementDynamite.dm)
02-12 19:46:28.325  2261  7095 W ziparchive: Unable to open '/data/user_de/0/com.google.android.gms/app_chimera/m/00000007/MeasurementDynamite.dm': No such file or directory
02-12 19:46:28.325  2261  7095 I artd    : OatFileAssistant test for existing oat file /data/user_de/0/com.google.android.gms/app_chimera/m/00000007/MeasurementDynamite.dm: I/O error
02-12 19:46:28.325  2261  7095 I artd    : GetBestInfo checking dm (/data/user_de/0/com.google.android.gms/app_chimera/m/00000007/MeasurementDynamite.dm)
02-12 19:46:28.325  2261  7095 W ziparchive: Unable to open '/data/user_de/0/com.google.android.gms/app_chimera/m/00000007/MeasurementDynamite.dm': No such file or directory
02-12 19:46:28.325  2261  7095 I artd    : OatFileAssistant test for existing oat file /data/user_de/0/com.google.android.gms/app_chimera/m/00000007/MeasurementDynamite.dm: I/O error
02-12 19:46:28.325  2261  7095 I artd    : GetBestInfo no usable artifacts
02-12 19:46:28.328  2261  7095 I artd    : Dex parent of /data/user_de/0/com.google.android.gms/app_chimera/m/0000000b/dl-PlayCloudSearch.optional_260235100000.apk is not writable: Permission denied
02-12 19:46:28.328  2261  7095 I artd    : GetBestInfo checking odex in dalvik-cache (/data/dalvik-cache/x86_64/data@user_de@0@com.google.android.gms@app_chimera@m@0000000b@dl-PlayCloudSearch.optional_260235100000.apk@classes.dex)
02-12 19:46:28.328  2261  7095 I artd    : Loading /data/dalvik-cache/x86_64/data@user_de@0@com.google.android.gms@app_chimera@m@0000000b@dl-PlayCloudSearch.optional_260235100000.apk@classes.dex with executable: 0
02-12 19:46:28.329  2261  7095 I artd    : OatFileAssistant test for existing oat file /data/dalvik-cache/x86_64/data@user_de@0@com.google.android.gms@app_chimera@m@0000000b@dl-PlayCloudSearch.optional_260235100000.apk@classes.dex: File /data/dalvik-cache/x86_64/data@user_de@0@com.google.android.gms@app_chimera@m@0000000b@dl-PlayCloudSearch.optional_260235100000.apk@classes.vdex does not exist.
02-12 19:46:28.329  2261  7095 I artd    : GetBestInfo checking odex next to the dex file (/data/user_de/0/com.google.android.gms/app_chimera/m/0000000b/oat/x86_64/dl-PlayCloudSearch.optional_260235100000.odex)
02-12 19:46:28.329  2261  7095 I artd    : Loading /data/user_de/0/com.google.android.gms/app_chimera/m/0000000b/oat/x86_64/dl-PlayCloudSearch.optional_260235100000.odex with executable: 0
02-12 19:46:28.329  2261  7095 I artd    : OatFileAssistant test for existing oat file /data/user_de/0/com.google.android.gms/app_chimera/m/0000000b/oat/x86_64/dl-PlayCloudSearch.optional_260235100000.odex: File /data/user_de/0/com.google.android.gms/app_chimera/m/0000000b/oat/x86_64/dl-PlayCloudSearch.optional_260235100000.vdex does not exist.
02-12 19:46:28.330  2261  7095 I artd    : GetBestInfo checking vdex in dalvik-cache (/data/dalvik-cache/x86_64/data@user_de@0@com.google.android.gms@app_chimera@m@0000000b@dl-PlayCloudSearch.optional_260235100000.apk@classes.vdex)
02-12 19:46:28.330  2261  7095 I artd    : unable to open vdex file /data/dalvik-cache/x86_64/data@user_de@0@com.google.android.gms@app_chimera@m@0000000b@dl-PlayCloudSearch.optional_260235100000.apk@classes.vdex: File /data/dalvik-cache/x86_64/data@user_de@0@com.google.android.gms@app_chimera@m@0000000b@dl-PlayCloudSearch.optional_260235100000.apk@classes.vdex does not exist.
02-12 19:46:28.330  2261  7095 I artd    : OatFileAssistant test for existing oat file /data/dalvik-cache/x86_64/data@user_de@0@com.google.android.gms@app_chimera@m@0000000b@dl-PlayCloudSearch.optional_260235100000.apk@classes.vdex: File /data/dalvik-cache/x86_64/data@user_de@0@com.google.android.gms@app_chimera@m@0000000b@dl-PlayCloudSearch.optional_260235100000.apk@classes.vdex does not exist.
02-12 19:46:28.330  2261  7095 I artd    : GetBestInfo checking vdex next to the dex file (/data/user_de/0/com.google.android.gms/app_chimera/m/0000000b/oat/x86_64/dl-PlayCloudSearch.optional_260235100000.vdex)
02-12 19:46:28.330  2261  7095 I artd    : unable to open vdex file /data/user_de/0/com.google.android.gms/app_chimera/m/0000000b/oat/x86_64/dl-PlayCloudSearch.optional_260235100000.vdex: File /data/user_de/0/com.google.android.gms/app_chimera/m/0000000b/oat/x86_64/dl-PlayCloudSearch.optional_260235100000.vdex does not exist.
02-12 19:46:28.330  2261  7095 I artd    : OatFileAssistant test for existing oat file /data/user_de/0/com.google.android.gms/app_chimera/m/0000000b/oat/x86_64/dl-PlayCloudSearch.optional_260235100000.vdex: File /data/user_de/0/com.google.android.gms/app_chimera/m/0000000b/oat/x86_64/dl-PlayCloudSearch.optional_260235100000.vdex does not exist.
02-12 19:46:28.330  2261  7095 I artd    : GetBestInfo checking dm (/data/user_de/0/com.google.android.gms/app_chimera/m/0000000b/dl-PlayCloudSearch.optional_260235100000.dm)
02-12 19:46:28.330  2261  7095 W ziparchive: Unable to open '/data/user_de/0/com.google.android.gms/app_chimera/m/0000000b/dl-PlayCloudSearch.optional_260235100000.dm': No such file or directory
02-12 19:46:28.330  2261  7095 I artd    : OatFileAssistant test for existing oat file /data/user_de/0/com.google.android.gms/app_chimera/m/0000000b/dl-PlayCloudSearch.optional_260235100000.dm: I/O error
02-12 19:46:28.330  2261  7095 I artd    : GetBestInfo checking dm (/data/user_de/0/com.google.android.gms/app_chimera/m/0000000b/dl-PlayCloudSearch.optional_260235100000.dm)
02-12 19:46:28.330  2261  7095 W ziparchive: Unable to open '/data/user_de/0/com.google.android.gms/app_chimera/m/0000000b/dl-PlayCloudSearch.optional_260235100000.dm': No such file or directory
02-12 19:46:28.330  2261  7095 I artd    : OatFileAssistant test for existing oat file /data/user_de/0/com.google.android.gms/app_chimera/m/0000000b/dl-PlayCloudSearch.optional_260235100000.dm: I/O error
02-12 19:46:28.331  2261  7095 I artd    : GetBestInfo no usable artifacts
02-12 19:46:30.232   653   949 W IPCThreadState: Sending oneway calls to frozen process.
02-12 19:46:30.232   653   949 W IPCThreadState: Sending oneway calls to frozen process.
02-12 19:46:30.232   653   949 W IPCThreadState: Sending oneway calls to frozen process.
02-12 19:46:30.233   653   949 W IPCThreadState: Sending oneway calls to frozen process.
02-12 19:46:30.234   653   949 W IPCThreadState: Sending oneway calls to frozen process.
02-12 19:46:30.243  1684  2589 I BugleRcsEngine: handleMessage processing message:[NOTIFY_UPTIME_IGNORE_STATE_CHANGED] with [non-null]:RcsEngineImpl reference [CONTEXT log_prefix="RcsEngineImpl[DUAL_REG]:[72809b4d-0d4f]>Handler" thread_id=63 ]
02-12 19:46:30.246  1684  2336 I BugleRcsEngine: Connected state: [1], networkType: [WIFI] [CONTEXT thread_id=57 ]
02-12 19:46:30.250  1358  2351 I NullBinder: NullBinder for android.net.action.RECOMMEND_NETWORKS triggering remote TransactionTooLargeException due to Service without Chimera impl, calling uid: 1000, calling pid: 0
02-12 19:46:30.250   653   949 W IPCThreadState: Sending oneway calls to frozen process.
02-12 19:46:30.251  1358  2351 W .gms.persistent: Large reply transaction of 1056768 bytes, interface descriptor , code 1
02-12 19:46:30.256   653   949 W IPCThreadState: Sending oneway calls to frozen process.
02-12 19:46:30.256   653   949 W IPCThreadState: Sending oneway calls to frozen process.
02-12 19:46:30.256 10601 10731 V Capacitor/NetworkPlugin: Notifying listeners for event networkStatusChange
02-12 19:46:30.256   653   949 W IPCThreadState: Sending oneway calls to frozen process.
02-12 19:46:30.257   653   949 W IPCThreadState: Sending oneway calls to frozen process.
02-12 19:46:30.257   653   949 W IPCThreadState: Sending oneway calls to frozen process.
02-12 19:46:30.268  1684  2589 I BugleRcsEngine: No RCS Configuration was found in Bugle for simID: redacted-pii:sim_id[chars:20,last3:897] [CONTEXT log_prefix="ProvisioningEngineDataRetriever" thread_id=63 ]
02-12 19:46:30.273 10601 10601 I Capacitor/Console: File: http://10.0.2.2:3000/_next/static/chunks/node_modules_next_dist_f3530cac._.js - Line 2298 - Msg: {"connected":true,"connectionType":"wifi"}
02-12 19:46:33.241  1684  2589 I BugleRcsEngine: handleMessage processing message:[NOTIFY_UPTIME_IGNORE_STATE_CHANGED] with [non-null]:RcsEngineImpl reference [CONTEXT log_prefix="RcsEngineImpl[DUAL_REG]:[72809b4d-0d4f]>Handler" thread_id=63 ]
02-12 19:46:33.242   653   949 W IPCThreadState: Sending oneway calls to frozen process.
02-12 19:46:33.246   653   949 W IPCThreadState: Sending oneway calls to frozen process.
02-12 19:46:33.246   653   949 W IPCThreadState: Sending oneway calls to frozen process.
02-12 19:46:33.246   653   949 W IPCThreadState: Sending oneway calls to frozen process.
02-12 19:46:33.246   653   949 W IPCThreadState: Sending oneway calls to frozen process.
02-12 19:46:33.247  1358  3269 I NullBinder: NullBinder for android.net.action.RECOMMEND_NETWORKS triggering remote TransactionTooLargeException due to Service without Chimera impl, calling uid: 1000, calling pid: 0
02-12 19:46:33.247  1358  3269 W .gms.persistent: Large reply transaction of 1056768 bytes, interface descriptor , code 1
02-12 19:46:33.250  1684  2336 I BugleRcsEngine: Connected state: [1], networkType: [WIFI] [CONTEXT thread_id=57 ]
02-12 19:46:33.252   653   949 W IPCThreadState: Sending oneway calls to frozen process.
02-12 19:46:33.252   653   949 W IPCThreadState: Sending oneway calls to frozen process.
02-12 19:46:33.252   653   949 W IPCThreadState: Sending oneway calls to frozen process.
02-12 19:46:33.252   653   949 W IPCThreadState: Sending oneway calls to frozen process.
02-12 19:46:33.252   653   949 W IPCThreadState: Sending oneway calls to frozen process.
02-12 19:46:33.252   653   949 W IPCThreadState: Sending oneway calls to frozen process.
02-12 19:46:33.260 10601 10731 V Capacitor/NetworkPlugin: Notifying listeners for event networkStatusChange
02-12 19:46:33.261  1684  2589 I BugleRcsEngine: No RCS Configuration was found in Bugle for simID: redacted-pii:sim_id[chars:20,last3:897] [CONTEXT log_prefix="ProvisioningEngineDataRetriever" thread_id=63 ]
02-12 19:46:33.267 10601 10601 I Capacitor/Console: File: http://10.0.2.2:3000/_next/static/chunks/node_modules_next_dist_f3530cac._.js - Line 2298 - Msg: {"connected":true,"connectionType":"wifi"}
02-12 19:46:34.401   653   888 D ActivityManager: freezing 11601 com.google.android.gms
02-12 19:46:36.250  1358  3269 I NullBinder: NullBinder for android.net.action.RECOMMEND_NETWORKS triggering remote TransactionTooLargeException due to Service without Chimera impl, calling uid: 1000, calling pid: 0
02-12 19:46:36.251  1358  3269 W .gms.persistent: Large reply transaction of 1056768 bytes, interface descriptor , code 1
02-12 19:46:36.251   653   949 W IPCThreadState: Sending oneway calls to frozen process.
02-12 19:46:36.251   653   949 W IPCThreadState: Sending oneway calls to frozen process.
02-12 19:46:36.251   653   949 W IPCThreadState: Sending oneway calls to frozen process.
02-12 19:46:36.252   653   949 W IPCThreadState: Sending oneway calls to frozen process.
02-12 19:46:36.252   653   949 W IPCThreadState: Sending oneway calls to frozen process.
02-12 19:46:36.253  1684  2589 I BugleRcsEngine: handleMessage processing message:[NOTIFY_UPTIME_IGNORE_STATE_CHANGED] with [non-null]:RcsEngineImpl reference [CONTEXT log_prefix="RcsEngineImpl[DUAL_REG]:[72809b4d-0d4f]>Handler" thread_id=63 ]
02-12 19:46:36.254  1684  2336 I BugleRcsEngine: Connected state: [1], networkType: [WIFI] [CONTEXT thread_id=57 ]
02-12 19:46:36.262   653   949 W IPCThreadState: Sending oneway calls to frozen process.
02-12 19:46:36.263   653   949 W IPCThreadState: Sending oneway calls to frozen process.
02-12 19:46:36.263   653   949 W IPCThreadState: Sending oneway calls to frozen process.
02-12 19:46:36.263   653   949 W IPCThreadState: Sending oneway calls to frozen process.
02-12 19:46:36.263   653   949 W IPCThreadState: Sending oneway calls to frozen process.
02-12 19:46:36.265   653   949 W IPCThreadState: Sending oneway calls to frozen process.
02-12 19:46:36.269 10601 10731 V Capacitor/NetworkPlugin: Notifying listeners for event networkStatusChange
02-12 19:46:36.283  1684  2589 I BugleRcsEngine: No RCS Configuration was found in Bugle for simID: redacted-pii:sim_id[chars:20,last3:897] [CONTEXT log_prefix="ProvisioningEngineDataRetriever" thread_id=63 ]
02-12 19:46:36.283 10601 10601 I Capacitor/Console: File: http://10.0.2.2:3000/_next/static/chunks/node_modules_next_dist_f3530cac._.js - Line 2298 - Msg: {"connected":true,"connectionType":"wifi"}
02-12 19:46:38.224  2261  2261 I artd    : Dex parent of /data/app/~~-29y4k5q0EyHjfoK-IJpRg==/com.google.android.gms-vMamtU__I-ZCTe82hwbPzA==/base.apk is not writable: Permission denied
02-12 19:46:38.224  2261  2261 I artd    : GetBestInfo checking odex in dalvik-cache (/data/dalvik-cache/x86_64/data@app@~~-29y4k5q0EyHjfoK-IJpRg==@com.google.android.gms-vMamtU__I-ZCTe82hwbPzA==@base.apk@classes.dex)
02-12 19:46:38.224  2261  2261 I artd    : Loading /data/dalvik-cache/x86_64/data@app@~~-29y4k5q0EyHjfoK-IJpRg==@com.google.android.gms-vMamtU__I-ZCTe82hwbPzA==@base.apk@classes.dex with executable: 0
02-12 19:46:38.224  2261  2261 I artd    : OatFileAssistant test for existing oat file /data/dalvik-cache/x86_64/data@app@~~-29y4k5q0EyHjfoK-IJpRg==@com.google.android.gms-vMamtU__I-ZCTe82hwbPzA==@base.apk@classes.dex: File /data/dalvik-cache/x86_64/data@app@~~-29y4k5q0EyHjfoK-IJpRg==@com.google.android.gms-vMamtU__I-ZCTe82hwbPzA==@base.apk@classes.vdex does not exist.
02-12 19:46:38.224  2261  2261 I artd    : GetBestInfo checking odex next to the dex file (/data/app/~~-29y4k5q0EyHjfoK-IJpRg==/com.google.android.gms-vMamtU__I-ZCTe82hwbPzA==/oat/x86_64/base.odex)
02-12 19:46:38.224  2261  2261 I artd    : Loading /data/app/~~-29y4k5q0EyHjfoK-IJpRg==/com.google.android.gms-vMamtU__I-ZCTe82hwbPzA==/oat/x86_64/base.odex with executable: 0
02-12 19:46:38.236  2261  2261 I artd    : Successfully loaded /data/app/~~-29y4k5q0EyHjfoK-IJpRg==/com.google.android.gms-vMamtU__I-ZCTe82hwbPzA==/oat/x86_64/base.odex with executable: 0
02-12 19:46:38.236  2261  2261 I artd    : /data/app/~~-29y4k5q0EyHjfoK-IJpRg==/com.google.android.gms-vMamtU__I-ZCTe82hwbPzA==/oat/x86_64/base.odex is kOatUpToDate with filter speed-profile
02-12 19:46:38.238  2261  2261 I artd    : Dex parent of /data/app/~~-29y4k5q0EyHjfoK-IJpRg==/com.google.android.gms-vMamtU__I-ZCTe82hwbPzA==/split_AdsDynamite_installtime.apk is not writable: Permission denied
02-12 19:46:38.238  2261  2261 I artd    : GetBestInfo checking odex in dalvik-cache (/data/dalvik-cache/x86_64/data@app@~~-29y4k5q0EyHjfoK-IJpRg==@com.google.android.gms-vMamtU__I-ZCTe82hwbPzA==@split_AdsDynamite_installtime.apk@classes.dex)
02-12 19:46:38.238  2261  2261 I artd    : Loading /data/dalvik-cache/x86_64/data@app@~~-29y4k5q0EyHjfoK-IJpRg==@com.google.android.gms-vMamtU__I-ZCTe82hwbPzA==@split_AdsDynamite_installtime.apk@classes.dex with executable: 0
02-12 19:46:38.238  2261  2261 I artd    : OatFileAssistant test for existing oat file /data/dalvik-cache/x86_64/data@app@~~-29y4k5q0EyHjfoK-IJpRg==@com.google.android.gms-vMamtU__I-ZCTe82hwbPzA==@split_AdsDynamite_installtime.apk@classes.dex: File /data/dalvik-cache/x86_64/data@app@~~-29y4k5q0EyHjfoK-IJpRg==@com.google.android.gms-vMamtU__I-ZCTe82hwbPzA==@split_AdsDynamite_installtime.apk@classes.vdex does not exist.
02-12 19:46:38.238  2261  2261 I artd    : GetBestInfo checking odex next to the dex file (/data/app/~~-29y4k5q0EyHjfoK-IJpRg==/com.google.android.gms-vMamtU__I-ZCTe82hwbPzA==/oat/x86_64/split_AdsDynamite_installtime.odex)
02-12 19:46:38.238  2261  2261 I artd    : Loading /data/app/~~-29y4k5q0EyHjfoK-IJpRg==/com.google.android.gms-vMamtU__I-ZCTe82hwbPzA==/oat/x86_64/split_AdsDynamite_installtime.odex with executable: 0
02-12 19:46:38.239  2261  2261 I artd    : Successfully loaded /data/app/~~-29y4k5q0EyHjfoK-IJpRg==/com.google.android.gms-vMamtU__I-ZCTe82hwbPzA==/oat/x86_64/split_AdsDynamite_installtime.odex with executable: 0
02-12 19:46:38.240  2261  2261 I artd    : /data/app/~~-29y4k5q0EyHjfoK-IJpRg==/com.google.android.gms-vMamtU__I-ZCTe82hwbPzA==/oat/x86_64/split_AdsDynamite_installtime.odex is kOatUpToDate with filter speed
02-12 19:46:38.243  2261  2261 I artd    : Dex parent of /data/app/~~-29y4k5q0EyHjfoK-IJpRg==/com.google.android.gms-vMamtU__I-ZCTe82hwbPzA==/split_CronetDynamite_installtime.apk is not writable: Permission denied
02-12 19:46:38.243  2261  2261 I artd    : GetBestInfo checking odex in dalvik-cache (/data/dalvik-cache/x86_64/data@app@~~-29y4k5q0EyHjfoK-IJpRg==@com.google.android.gms-vMamtU__I-ZCTe82hwbPzA==@split_CronetDynamite_installtime.apk@classes.dex)
02-12 19:46:38.243  2261  2261 I artd    : Loading /data/dalvik-cache/x86_64/data@app@~~-29y4k5q0EyHjfoK-IJpRg==@com.google.android.gms-vMamtU__I-ZCTe82hwbPzA==@split_CronetDynamite_installtime.apk@classes.dex with executable: 0
02-12 19:46:38.243  2261  2261 I artd    : OatFileAssistant test for existing oat file /data/dalvik-cache/x86_64/data@app@~~-29y4k5q0EyHjfoK-IJpRg==@com.google.android.gms-vMamtU__I-ZCTe82hwbPzA==@split_CronetDynamite_installtime.apk@classes.dex: File /data/dalvik-cache/x86_64/data@app@~~-29y4k5q0EyHjfoK-IJpRg==@com.google.android.gms-vMamtU__I-ZCTe82hwbPzA==@split_CronetDynamite_installtime.apk@classes.vdex does not exist.
02-12 19:46:38.243  2261  2261 I artd    : GetBestInfo checking odex next to the dex file (/data/app/~~-29y4k5q0EyHjfoK-IJpRg==/com.google.android.gms-vMamtU__I-ZCTe82hwbPzA==/oat/x86_64/split_CronetDynamite_installtime.odex)
02-12 19:46:38.243  2261  2261 I artd    : Loading /data/app/~~-29y4k5q0EyHjfoK-IJpRg==/com.google.android.gms-vMamtU__I-ZCTe82hwbPzA==/oat/x86_64/split_CronetDynamite_installtime.odex with executable: 0
02-12 19:46:38.244  2261  2261 I artd    : Successfully loaded /data/app/~~-29y4k5q0EyHjfoK-IJpRg==/com.google.android.gms-vMamtU__I-ZCTe82hwbPzA==/oat/x86_64/split_CronetDynamite_installtime.odex with executable: 0
02-12 19:46:38.244  2261  2261 I artd    : /data/app/~~-29y4k5q0EyHjfoK-IJpRg==/com.google.android.gms-vMamtU__I-ZCTe82hwbPzA==/oat/x86_64/split_CronetDynamite_installtime.odex is kOatUpToDate with filter speed-profile
02-12 19:46:38.248  2261  2261 I artd    : Dex parent of /data/app/~~-29y4k5q0EyHjfoK-IJpRg==/com.google.android.gms-vMamtU__I-ZCTe82hwbPzA==/split_DynamiteLoader_installtime.apk is not writable: Permission denied
02-12 19:46:38.249  2261  2261 I artd    : GetBestInfo checking odex in dalvik-cache (/data/dalvik-cache/x86_64/data@app@~~-29y4k5q0EyHjfoK-IJpRg==@com.google.android.gms-vMamtU__I-ZCTe82hwbPzA==@split_DynamiteLoader_installtime.apk@classes.dex)
02-12 19:46:38.249  2261  2261 I artd    : Loading /data/dalvik-cache/x86_64/data@app@~~-29y4k5q0EyHjfoK-IJpRg==@com.google.android.gms-vMamtU__I-ZCTe82hwbPzA==@split_DynamiteLoader_installtime.apk@classes.dex with executable: 0
02-12 19:46:38.250  2261  2261 I artd    : OatFileAssistant test for existing oat file /data/dalvik-cache/x86_64/data@app@~~-29y4k5q0EyHjfoK-IJpRg==@com.google.android.gms-vMamtU__I-ZCTe82hwbPzA==@split_DynamiteLoader_installtime.apk@classes.dex: File /data/dalvik-cache/x86_64/data@app@~~-29y4k5q0EyHjfoK-IJpRg==@com.google.android.gms-vMamtU__I-ZCTe82hwbPzA==@split_DynamiteLoader_installtime.apk@classes.vdex does not exist.
02-12 19:46:38.250  2261  2261 I artd    : GetBestInfo checking odex next to the dex file (/data/app/~~-29y4k5q0EyHjfoK-IJpRg==/com.google.android.gms-vMamtU__I-ZCTe82hwbPzA==/oat/x86_64/split_DynamiteLoader_installtime.odex)
02-12 19:46:38.250  2261  2261 I artd    : Loading /data/app/~~-29y4k5q0EyHjfoK-IJpRg==/com.google.android.gms-vMamtU__I-ZCTe82hwbPzA==/oat/x86_64/split_DynamiteLoader_installtime.odex with executable: 0
02-12 19:46:38.250  2261  2261 I artd    : Successfully loaded /data/app/~~-29y4k5q0EyHjfoK-IJpRg==/com.google.android.gms-vMamtU__I-ZCTe82hwbPzA==/oat/x86_64/split_DynamiteLoader_installtime.odex with executable: 0
02-12 19:46:38.251  2261  2261 I artd    : /data/app/~~-29y4k5q0EyHjfoK-IJpRg==/com.google.android.gms-vMamtU__I-ZCTe82hwbPzA==/oat/x86_64/split_DynamiteLoader_installtime.odex is kOatUpToDate with filter speed
02-12 19:46:38.255  2261  2261 I artd    : Dex parent of /data/app/~~-29y4k5q0EyHjfoK-IJpRg==/com.google.android.gms-vMamtU__I-ZCTe82hwbPzA==/split_DynamiteModulesA_installtime.apk is not writable: Permission denied
02-12 19:46:38.255  2261  2261 I artd    : GetBestInfo checking odex in dalvik-cache (/data/dalvik-cache/x86_64/data@app@~~-29y4k5q0EyHjfoK-IJpRg==@com.google.android.gms-vMamtU__I-ZCTe82hwbPzA==@split_DynamiteModulesA_installtime.apk@classes.dex)
02-12 19:46:38.256  2261  2261 I artd    : Loading /data/dalvik-cache/x86_64/data@app@~~-29y4k5q0EyHjfoK-IJpRg==@com.google.android.gms-vMamtU__I-ZCTe82hwbPzA==@split_DynamiteModulesA_installtime.apk@classes.dex with executable: 0
02-12 19:46:38.256  2261  2261 I artd    : OatFileAssistant test for existing oat file /data/dalvik-cache/x86_64/data@app@~~-29y4k5q0EyHjfoK-IJpRg==@com.google.android.gms-vMamtU__I-ZCTe82hwbPzA==@split_DynamiteModulesA_installtime.apk@classes.dex: File /data/dalvik-cache/x86_64/data@app@~~-29y4k5q0EyHjfoK-IJpRg==@com.google.android.gms-vMamtU__I-ZCTe82hwbPzA==@split_DynamiteModulesA_installtime.apk@classes.vdex does not exist.
02-12 19:46:38.256  2261  2261 I artd    : GetBestInfo checking odex next to the dex file (/data/app/~~-29y4k5q0EyHjfoK-IJpRg==/com.google.android.gms-vMamtU__I-ZCTe82hwbPzA==/oat/x86_64/split_DynamiteModulesA_installtime.odex)
02-12 19:46:38.256  2261  2261 I artd    : Loading /data/app/~~-29y4k5q0EyHjfoK-IJpRg==/com.google.android.gms-vMamtU__I-ZCTe82hwbPzA==/oat/x86_64/split_DynamiteModulesA_installtime.odex with executable: 0
02-12 19:46:38.258  2261  2261 I artd    : Successfully loaded /data/app/~~-29y4k5q0EyHjfoK-IJpRg==/com.google.android.gms-vMamtU__I-ZCTe82hwbPzA==/oat/x86_64/split_DynamiteModulesA_installtime.odex with executable: 0
02-12 19:46:38.258  2261  2261 I artd    : /data/app/~~-29y4k5q0EyHjfoK-IJpRg==/com.google.android.gms-vMamtU__I-ZCTe82hwbPzA==/oat/x86_64/split_DynamiteModulesA_installtime.odex is kOatUpToDate with filter speed
02-12 19:46:38.263  2261  2261 I artd    : Dex parent of /data/app/~~-29y4k5q0EyHjfoK-IJpRg==/com.google.android.gms-vMamtU__I-ZCTe82hwbPzA==/split_DynamiteModulesC_installtime.apk is not writable: Permission denied
02-12 19:46:38.263  2261  2261 I artd    : GetBestInfo checking odex in dalvik-cache (/data/dalvik-cache/x86_64/data@app@~~-29y4k5q0EyHjfoK-IJpRg==@com.google.android.gms-vMamtU__I-ZCTe82hwbPzA==@split_DynamiteModulesC_installtime.apk@classes.dex)
02-12 19:46:38.263  2261  2261 I artd    : Loading /data/dalvik-cache/x86_64/data@app@~~-29y4k5q0EyHjfoK-IJpRg==@com.google.android.gms-vMamtU__I-ZCTe82hwbPzA==@split_DynamiteModulesC_installtime.apk@classes.dex with executable: 0
02-12 19:46:38.263  2261  2261 I artd    : OatFileAssistant test for existing oat file /data/dalvik-cache/x86_64/data@app@~~-29y4k5q0EyHjfoK-IJpRg==@com.google.android.gms-vMamtU__I-ZCTe82hwbPzA==@split_DynamiteModulesC_installtime.apk@classes.dex: File /data/dalvik-cache/x86_64/data@app@~~-29y4k5q0EyHjfoK-IJpRg==@com.google.android.gms-vMamtU__I-ZCTe82hwbPzA==@split_DynamiteModulesC_installtime.apk@classes.vdex does not exist.
02-12 19:46:38.263  2261  2261 I artd    : GetBestInfo checking odex next to the dex file (/data/app/~~-29y4k5q0EyHjfoK-IJpRg==/com.google.android.gms-vMamtU__I-ZCTe82hwbPzA==/oat/x86_64/split_DynamiteModulesC_installtime.odex)
02-12 19:46:38.263  2261  2261 I artd    : Loading /data/app/~~-29y4k5q0EyHjfoK-IJpRg==/com.google.android.gms-vMamtU__I-ZCTe82hwbPzA==/oat/x86_64/split_DynamiteModulesC_installtime.odex with executable: 0
02-12 19:46:38.264  2261  2261 I artd    : Successfully loaded /data/app/~~-29y4k5q0EyHjfoK-IJpRg==/com.google.android.gms-vMamtU__I-ZCTe82hwbPzA==/oat/x86_64/split_DynamiteModulesC_installtime.odex with executable: 0
02-12 19:46:38.264  2261  2261 I artd    : /data/app/~~-29y4k5q0EyHjfoK-IJpRg==/com.google.android.gms-vMamtU__I-ZCTe82hwbPzA==/oat/x86_64/split_DynamiteModulesC_installtime.odex is kOatUpToDate with filter speed
02-12 19:46:38.266  2261  2261 I artd    : Dex parent of /data/app/~~-29y4k5q0EyHjfoK-IJpRg==/com.google.android.gms-vMamtU__I-ZCTe82hwbPzA==/split_GoogleCertificates_installtime.apk is not writable: Permission denied
02-12 19:46:38.268  2261  2261 I artd    : GetBestInfo checking odex in dalvik-cache (/data/dalvik-cache/x86_64/data@app@~~-29y4k5q0EyHjfoK-IJpRg==@com.google.android.gms-vMamtU__I-ZCTe82hwbPzA==@split_GoogleCertificates_installtime.apk@classes.dex)
02-12 19:46:38.268  2261  2261 I artd    : Loading /data/dalvik-cache/x86_64/data@app@~~-29y4k5q0EyHjfoK-IJpRg==@com.google.android.gms-vMamtU__I-ZCTe82hwbPzA==@split_GoogleCertificates_installtime.apk@classes.dex with executable: 0
02-12 19:46:38.270  2261  2261 I artd    : OatFileAssistant test for existing oat file /data/dalvik-cache/x86_64/data@app@~~-29y4k5q0EyHjfoK-IJpRg==@com.google.android.gms-vMamtU__I-ZCTe82hwbPzA==@split_GoogleCertificates_installtime.apk@classes.dex: File /data/dalvik-cache/x86_64/data@app@~~-29y4k5q0EyHjfoK-IJpRg==@com.google.android.gms-vMamtU__I-ZCTe82hwbPzA==@split_GoogleCertificates_installtime.apk@classes.vdex does not exist.
02-12 19:46:38.270  2261  2261 I artd    : GetBestInfo checking odex next to the dex file (/data/app/~~-29y4k5q0EyHjfoK-IJpRg==/com.google.android.gms-vMamtU__I-ZCTe82hwbPzA==/oat/x86_64/split_GoogleCertificates_installtime.odex)
02-12 19:46:38.270  2261  2261 I artd    : Loading /data/app/~~-29y4k5q0EyHjfoK-IJpRg==/com.google.android.gms-vMamtU__I-ZCTe82hwbPzA==/oat/x86_64/split_GoogleCertificates_installtime.odex with executable: 0
02-12 19:46:38.271  2261  2261 I artd    : Successfully loaded /data/app/~~-29y4k5q0EyHjfoK-IJpRg==/com.google.android.gms-vMamtU__I-ZCTe82hwbPzA==/oat/x86_64/split_GoogleCertificates_installtime.odex with executable: 0
02-12 19:46:38.272  2261  2261 I artd    : /data/app/~~-29y4k5q0EyHjfoK-IJpRg==/com.google.android.gms-vMamtU__I-ZCTe82hwbPzA==/oat/x86_64/split_GoogleCertificates_installtime.odex is kOatUpToDate with filter speed
02-12 19:46:38.277  2261  2261 I artd    : Dex parent of /data/app/~~-29y4k5q0EyHjfoK-IJpRg==/com.google.android.gms-vMamtU__I-ZCTe82hwbPzA==/split_MapsDynamite_installtime.apk is not writable: Permission denied
02-12 19:46:38.277  2261  2261 I artd    : GetBestInfo checking odex in dalvik-cache (/data/dalvik-cache/x86_64/data@app@~~-29y4k5q0EyHjfoK-IJpRg==@com.google.android.gms-vMamtU__I-ZCTe82hwbPzA==@split_MapsDynamite_installtime.apk@classes.dex)
02-12 19:46:38.277  2261  2261 I artd    : Loading /data/dalvik-cache/x86_64/data@app@~~-29y4k5q0EyHjfoK-IJpRg==@com.google.android.gms-vMamtU__I-ZCTe82hwbPzA==@split_MapsDynamite_installtime.apk@classes.dex with executable: 0
02-12 19:46:38.277  2261  2261 I artd    : OatFileAssistant test for existing oat file /data/dalvik-cache/x86_64/data@app@~~-29y4k5q0EyHjfoK-IJpRg==@com.google.android.gms-vMamtU__I-ZCTe82hwbPzA==@split_MapsDynamite_installtime.apk@classes.dex: File /data/dalvik-cache/x86_64/data@app@~~-29y4k5q0EyHjfoK-IJpRg==@com.google.android.gms-vMamtU__I-ZCTe82hwbPzA==@split_MapsDynamite_installtime.apk@classes.vdex does not exist.
02-12 19:46:38.277  2261  2261 I artd    : GetBestInfo checking odex next to the dex file (/data/app/~~-29y4k5q0EyHjfoK-IJpRg==/com.google.android.gms-vMamtU__I-ZCTe82hwbPzA==/oat/x86_64/split_MapsDynamite_installtime.odex)
02-12 19:46:38.277  2261  2261 I artd    : Loading /data/app/~~-29y4k5q0EyHjfoK-IJpRg==/com.google.android.gms-vMamtU__I-ZCTe82hwbPzA==/oat/x86_64/split_MapsDynamite_installtime.odex with executable: 0
02-12 19:46:38.278  2261  2261 I artd    : Successfully loaded /data/app/~~-29y4k5q0EyHjfoK-IJpRg==/com.google.android.gms-vMamtU__I-ZCTe82hwbPzA==/oat/x86_64/split_MapsDynamite_installtime.odex with executable: 0
02-12 19:46:38.280  2261  2261 I artd    : /data/app/~~-29y4k5q0EyHjfoK-IJpRg==/com.google.android.gms-vMamtU__I-ZCTe82hwbPzA==/oat/x86_64/split_MapsDynamite_installtime.odex is kOatUpToDate with filter speed
02-12 19:46:38.283  2261  2261 I artd    : Dex parent of /data/app/~~-29y4k5q0EyHjfoK-IJpRg==/com.google.android.gms-vMamtU__I-ZCTe82hwbPzA==/split_MeasurementDynamite_installtime.apk is not writable: Permission denied
02-12 19:46:38.283  2261  2261 I artd    : GetBestInfo checking odex in dalvik-cache (/data/dalvik-cache/x86_64/data@app@~~-29y4k5q0EyHjfoK-IJpRg==@com.google.android.gms-vMamtU__I-ZCTe82hwbPzA==@split_MeasurementDynamite_installtime.apk@classes.dex)
02-12 19:46:38.283  2261  2261 I artd    : Loading /data/dalvik-cache/x86_64/data@app@~~-29y4k5q0EyHjfoK-IJpRg==@com.google.android.gms-vMamtU__I-ZCTe82hwbPzA==@split_MeasurementDynamite_installtime.apk@classes.dex with executable: 0
02-12 19:46:38.283  2261  2261 I artd    : OatFileAssistant test for existing oat file /data/dalvik-cache/x86_64/data@app@~~-29y4k5q0EyHjfoK-IJpRg==@com.google.android.gms-vMamtU__I-ZCTe82hwbPzA==@split_MeasurementDynamite_installtime.apk@classes.dex: File /data/dalvik-cache/x86_64/data@app@~~-29y4k5q0EyHjfoK-IJpRg==@com.google.android.gms-vMamtU__I-ZCTe82hwbPzA==@split_MeasurementDynamite_installtime.apk@classes.vdex does not exist.
02-12 19:46:38.283  2261  2261 I artd    : GetBestInfo checking odex next to the dex file (/data/app/~~-29y4k5q0EyHjfoK-IJpRg==/com.google.android.gms-vMamtU__I-ZCTe82hwbPzA==/oat/x86_64/split_MeasurementDynamite_installtime.odex)
02-12 19:46:38.283  2261  2261 I artd    : Loading /data/app/~~-29y4k5q0EyHjfoK-IJpRg==/com.google.android.gms-vMamtU__I-ZCTe82hwbPzA==/oat/x86_64/split_MeasurementDynamite_installtime.odex with executable: 0
02-12 19:46:38.284  2261  2261 I artd    : Successfully loaded /data/app/~~-29y4k5q0EyHjfoK-IJpRg==/com.google.android.gms-vMamtU__I-ZCTe82hwbPzA==/oat/x86_64/split_MeasurementDynamite_installtime.odex with executable: 0
02-12 19:46:38.285  2261  2261 I artd    : /data/app/~~-29y4k5q0EyHjfoK-IJpRg==/com.google.android.gms-vMamtU__I-ZCTe82hwbPzA==/oat/x86_64/split_MeasurementDynamite_installtime.odex is kOatUpToDate with filter speed
02-12 19:46:38.288  2261  2261 I artd    : Dex parent of /data/app/~~-29y4k5q0EyHjfoK-IJpRg==/com.google.android.gms-vMamtU__I-ZCTe82hwbPzA==/split_all_locale_splits.apk is not writable: Permission denied
02-12 19:46:38.288  2261  2261 I artd    : GetBestInfo checking odex in dalvik-cache (/data/dalvik-cache/x86_64/data@app@~~-29y4k5q0EyHjfoK-IJpRg==@com.google.android.gms-vMamtU__I-ZCTe82hwbPzA==@split_all_locale_splits.apk@classes.dex)
