02-12 19:46:18.310  2261  2297 W ziparchive: Unable to open '/data/user_de/0/com.google.android.gms/app_chimera/m/00000002/DynamiteLoader.uncompressed.dm': No such file or directory
02-12 19:46:18.310  2261  2297 I artd    : OatFileAssistant test for existing oat file /data/user_de/0/com.google.android.gms/app_chimera/m/00000002/DynamiteLoader.uncompressed.dm: I/O error
02-12 19:46:18.310  2261  2297 I artd    : GetBestInfo checking dm (/data/user_de/0/com.google.android.gms/app_chimera/m/00000002/DynamiteLoader.uncompressed.dm)
02-12 19:46:18.310  2261  2297 W ziparchive: Unable to open '/data/user_de/0/com.google.android.gms/app_chimera/m/00000002/DynamiteLoader.uncompressed.dm': No such file or directory
02-12 19:46:18.310  2261  2297 I artd    : OatFileAssistant test for existing oat file /data/user_de/0/com.google.android.gms/app_chimera/m/00000002/DynamiteLoader.uncompressed.dm: I/O error
02-12 19:46:18.310  2261  2297 I artd    : GetBestInfo no usable artifacts
02-12 19:46:18.314  2261  2297 I artd    : Dex parent of /data/user_de/0/com.google.android.gms/app_chimera/m/0000000e/dl-MlkitOcrCommon.optional_260235100800.apk is not writable: Permission denied
02-12 19:46:18.314  2261  2297 I artd    : GetBestInfo checking odex in dalvik-cache (/data/dalvik-cache/x86_64/data@user_de@0@com.google.android.gms@app_chimera@m@0000000e@dl-MlkitOcrCommon.optional_260235100800.apk@classes.dex)
02-12 19:46:18.314  2261  2297 I artd    : Loading /data/dalvik-cache/x86_64/data@user_de@0@com.google.android.gms@app_chimera@m@0000000e@dl-MlkitOcrCommon.optional_260235100800.apk@classes.dex with executable: 0
02-12 19:46:18.314  2261  2297 I artd    : OatFileAssistant test for existing oat file /data/dalvik-cache/x86_64/data@user_de@0@com.google.android.gms@app_chimera@m@0000000e@dl-MlkitOcrCommon.optional_260235100800.apk@classes.dex: File /data/dalvik-cache/x86_64/data@user_de@0@com.google.android.gms@app_chimera@m@0000000e@dl-MlkitOcrCommon.optional_260235100800.apk@classes.vdex does not exist.
02-12 19:46:18.314  2261  2297 I artd    : GetBestInfo checking odex next to the dex file (/data/user_de/0/com.google.android.gms/app_chimera/m/0000000e/oat/x86_64/dl-MlkitOcrCommon.optional_260235100800.odex)
02-12 19:46:18.315  2261  2297 I artd    : Loading /data/user_de/0/com.google.android.gms/app_chimera/m/0000000e/oat/x86_64/dl-MlkitOcrCommon.optional_260235100800.odex with executable: 0
02-12 19:46:18.315  2261  2297 I artd    : OatFileAssistant test for existing oat file /data/user_de/0/com.google.android.gms/app_chimera/m/0000000e/oat/x86_64/dl-MlkitOcrCommon.optional_260235100800.odex: File /data/user_de/0/com.google.android.gms/app_chimera/m/0000000e/oat/x86_64/dl-MlkitOcrCommon.optional_260235100800.vdex does not exist.
02-12 19:46:18.315  2261  2297 I artd    : GetBestInfo checking vdex in dalvik-cache (/data/dalvik-cache/x86_64/data@user_de@0@com.google.android.gms@app_chimera@m@0000000e@dl-MlkitOcrCommon.optional_260235100800.apk@classes.vdex)
02-12 19:46:18.315  2261  2297 I artd    : unable to open vdex file /data/dalvik-cache/x86_64/data@user_de@0@com.google.android.gms@app_chimera@m@0000000e@dl-MlkitOcrCommon.optional_260235100800.apk@classes.vdex: File /data/dalvik-cache/x86_64/data@user_de@0@com.google.android.gms@app_chimera@m@0000000e@dl-MlkitOcrCommon.optional_260235100800.apk@classes.vdex does not exist.
02-12 19:46:18.315  2261  2297 I artd    : OatFileAssistant test for existing oat file /data/dalvik-cache/x86_64/data@user_de@0@com.google.android.gms@app_chimera@m@0000000e@dl-MlkitOcrCommon.optional_260235100800.apk@classes.vdex: File /data/dalvik-cache/x86_64/data@user_de@0@com.google.android.gms@app_chimera@m@0000000e@dl-MlkitOcrCommon.optional_260235100800.apk@classes.vdex does not exist.
02-12 19:46:18.315  2261  2297 I artd    : GetBestInfo checking vdex next to the dex file (/data/user_de/0/com.google.android.gms/app_chimera/m/0000000e/oat/x86_64/dl-MlkitOcrCommon.optional_260235100800.vdex)
02-12 19:46:18.315  2261  2297 I artd    : unable to open vdex file /data/user_de/0/com.google.android.gms/app_chimera/m/0000000e/oat/x86_64/dl-MlkitOcrCommon.optional_260235100800.vdex: File /data/user_de/0/com.google.android.gms/app_chimera/m/0000000e/oat/x86_64/dl-MlkitOcrCommon.optional_260235100800.vdex does not exist.
02-12 19:46:18.315  2261  2297 I artd    : OatFileAssistant test for existing oat file /data/user_de/0/com.google.android.gms/app_chimera/m/0000000e/oat/x86_64/dl-MlkitOcrCommon.optional_260235100800.vdex: File /data/user_de/0/com.google.android.gms/app_chimera/m/0000000e/oat/x86_64/dl-MlkitOcrCommon.optional_260235100800.vdex does not exist.
02-12 19:46:18.315  2261  2297 I artd    : GetBestInfo checking dm (/data/user_de/0/com.google.android.gms/app_chimera/m/0000000e/dl-MlkitOcrCommon.optional_260235100800.dm)
02-12 19:46:18.315  2261  2297 W ziparchive: Unable to open '/data/user_de/0/com.google.android.gms/app_chimera/m/0000000e/dl-MlkitOcrCommon.optional_260235100800.dm': No such file or directory
02-12 19:46:18.315  2261  2297 I artd    : OatFileAssistant test for existing oat file /data/user_de/0/com.google.android.gms/app_chimera/m/0000000e/dl-MlkitOcrCommon.optional_260235100800.dm: I/O error
02-12 19:46:18.315  2261  2297 I artd    : GetBestInfo checking dm (/data/user_de/0/com.google.android.gms/app_chimera/m/0000000e/dl-MlkitOcrCommon.optional_260235100800.dm)
02-12 19:46:18.315  2261  2297 W ziparchive: Unable to open '/data/user_de/0/com.google.android.gms/app_chimera/m/0000000e/dl-MlkitOcrCommon.optional_260235100800.dm': No such file or directory
02-12 19:46:18.315  2261  2297 I artd    : OatFileAssistant test for existing oat file /data/user_de/0/com.google.android.gms/app_chimera/m/0000000e/dl-MlkitOcrCommon.optional_260235100800.dm: I/O error
02-12 19:46:18.315  2261  2297 I artd    : GetBestInfo no usable artifacts
02-12 19:46:18.320  2261  2297 I artd    : Dex parent of /data/user_de/0/com.google.android.gms/app_chimera/m/00000005/GoogleCertificates.apk is not writable: No such file or directory
02-12 19:46:18.320  2261  2297 I artd    : GetBestInfo checking odex in dalvik-cache (/data/dalvik-cache/x86_64/data@user_de@0@com.google.android.gms@app_chimera@m@00000005@GoogleCertificates.apk@classes.dex)
02-12 19:46:18.320  2261  2297 I artd    : Loading /data/dalvik-cache/x86_64/data@user_de@0@com.google.android.gms@app_chimera@m@00000005@GoogleCertificates.apk@classes.dex with executable: 0
02-12 19:46:18.320  2261  2297 I artd    : OatFileAssistant test for existing oat file /data/dalvik-cache/x86_64/data@user_de@0@com.google.android.gms@app_chimera@m@00000005@GoogleCertificates.apk@classes.dex: File /data/dalvik-cache/x86_64/data@user_de@0@com.google.android.gms@app_chimera@m@00000005@GoogleCertificates.apk@classes.vdex does not exist.
02-12 19:46:18.320  2261  2297 I artd    : GetBestInfo checking odex next to the dex file (/data/user_de/0/com.google.android.gms/app_chimera/m/00000005/oat/x86_64/GoogleCertificates.odex)
02-12 19:46:18.320  2261  2297 I artd    : Loading /data/user_de/0/com.google.android.gms/app_chimera/m/00000005/oat/x86_64/GoogleCertificates.odex with executable: 0
02-12 19:46:18.320  2261  2297 I artd    : OatFileAssistant test for existing oat file /data/user_de/0/com.google.android.gms/app_chimera/m/00000005/oat/x86_64/GoogleCertificates.odex: File /data/user_de/0/com.google.android.gms/app_chimera/m/00000005/oat/x86_64/GoogleCertificates.vdex does not exist.
02-12 19:46:18.320  2261  2297 I artd    : GetBestInfo checking vdex in dalvik-cache (/data/dalvik-cache/x86_64/data@user_de@0@com.google.android.gms@app_chimera@m@00000005@GoogleCertificates.apk@classes.vdex)
02-12 19:46:18.321  2261  2297 I artd    : unable to open vdex file /data/dalvik-cache/x86_64/data@user_de@0@com.google.android.gms@app_chimera@m@00000005@GoogleCertificates.apk@classes.vdex: File /data/dalvik-cache/x86_64/data@user_de@0@com.google.android.gms@app_chimera@m@00000005@GoogleCertificates.apk@classes.vdex does not exist.
02-12 19:46:18.321  2261  2297 I artd    : OatFileAssistant test for existing oat file /data/dalvik-cache/x86_64/data@user_de@0@com.google.android.gms@app_chimera@m@00000005@GoogleCertificates.apk@classes.vdex: File /data/dalvik-cache/x86_64/data@user_de@0@com.google.android.gms@app_chimera@m@00000005@GoogleCertificates.apk@classes.vdex does not exist.
02-12 19:46:18.321  2261  2297 I artd    : GetBestInfo checking vdex next to the dex file (/data/user_de/0/com.google.android.gms/app_chimera/m/00000005/oat/x86_64/GoogleCertificates.vdex)
02-12 19:46:18.321  2261  2297 I artd    : unable to open vdex file /data/user_de/0/com.google.android.gms/app_chimera/m/00000005/oat/x86_64/GoogleCertificates.vdex: File /data/user_de/0/com.google.android.gms/app_chimera/m/00000005/oat/x86_64/GoogleCertificates.vdex does not exist.
02-12 19:46:18.321  2261  2297 I artd    : OatFileAssistant test for existing oat file /data/user_de/0/com.google.android.gms/app_chimera/m/00000005/oat/x86_64/GoogleCertificates.vdex: File /data/user_de/0/com.google.android.gms/app_chimera/m/00000005/oat/x86_64/GoogleCertificates.vdex does not exist.
02-12 19:46:18.321  2261  2297 I artd    : GetBestInfo checking dm (/data/user_de/0/com.google.android.gms/app_chimera/m/00000005/GoogleCertificates.dm)
02-12 19:46:18.321  2261  2297 W ziparchive: Unable to open '/data/user_de/0/com.google.android.gms/app_chimera/m/00000005/GoogleCertificates.dm': No such file or directory
02-12 19:46:18.321  2261  2297 I artd    : OatFileAssistant test for existing oat file /data/user_de/0/com.google.android.gms/app_chimera/m/00000005/GoogleCertificates.dm: I/O error
02-12 19:46:18.321  2261  2297 I artd    : GetBestInfo checking dm (/data/user_de/0/com.google.android.gms/app_chimera/m/00000005/GoogleCertificates.dm)
02-12 19:46:18.321  2261  2297 W ziparchive: Unable to open '/data/user_de/0/com.google.android.gms/app_chimera/m/00000005/GoogleCertificates.dm': No such file or directory
02-12 19:46:18.321  2261  2297 I artd    : OatFileAssistant test for existing oat file /data/user_de/0/com.google.android.gms/app_chimera/m/00000005/GoogleCertificates.dm: I/O error
02-12 19:46:18.321  2261  2297 I artd    : GetBestInfo no usable artifacts
02-12 19:46:18.325  2261  2297 I artd    : Dex parent of /data/user/0/com.google.android.gms/app_dg_cache/CF98DA544914DD75038B6CE6DBC852B6C43EC876/the.apk is not writable: Permission denied
02-12 19:46:18.326  2261  2297 I artd    : GetBestInfo checking odex in dalvik-cache (/data/dalvik-cache/x86_64/data@user@0@com.google.android.gms@app_dg_cache@CF98DA544914DD75038B6CE6DBC852B6C43EC876@the.apk@classes.dex)
02-12 19:46:18.326  2261  2297 I artd    : Loading /data/dalvik-cache/x86_64/data@user@0@com.google.android.gms@app_dg_cache@CF98DA544914DD75038B6CE6DBC852B6C43EC876@the.apk@classes.dex with executable: 0
02-12 19:46:18.326  2261  2297 I artd    : OatFileAssistant test for existing oat file /data/dalvik-cache/x86_64/data@user@0@com.google.android.gms@app_dg_cache@CF98DA544914DD75038B6CE6DBC852B6C43EC876@the.apk@classes.dex: File /data/dalvik-cache/x86_64/data@user@0@com.google.android.gms@app_dg_cache@CF98DA544914DD75038B6CE6DBC852B6C43EC876@the.apk@classes.vdex does not exist.
02-12 19:46:18.327  2261  2297 I artd    : GetBestInfo checking odex next to the dex file (/data/user/0/com.google.android.gms/app_dg_cache/CF98DA544914DD75038B6CE6DBC852B6C43EC876/oat/x86_64/the.odex)
02-12 19:46:18.327  2261  2297 I artd    : Loading /data/user/0/com.google.android.gms/app_dg_cache/CF98DA544914DD75038B6CE6DBC852B6C43EC876/oat/x86_64/the.odex with executable: 0
02-12 19:46:18.327  2261  2297 I artd    : OatFileAssistant test for existing oat file /data/user/0/com.google.android.gms/app_dg_cache/CF98DA544914DD75038B6CE6DBC852B6C43EC876/oat/x86_64/the.odex: Failed to open oat filename for reading: No such file or directory
02-12 19:46:18.327  2261  2297 I artd    : GetBestInfo checking vdex in dalvik-cache (/data/dalvik-cache/x86_64/data@user@0@com.google.android.gms@app_dg_cache@CF98DA544914DD75038B6CE6DBC852B6C43EC876@the.apk@classes.vdex)
02-12 19:46:18.328  2261  2297 I artd    : unable to open vdex file /data/dalvik-cache/x86_64/data@user@0@com.google.android.gms@app_dg_cache@CF98DA544914DD75038B6CE6DBC852B6C43EC876@the.apk@classes.vdex: File /data/dalvik-cache/x86_64/data@user@0@com.google.android.gms@app_dg_cache@CF98DA544914DD75038B6CE6DBC852B6C43EC876@the.apk@classes.vdex does not exist.
02-12 19:46:18.328  2261  2297 I artd    : OatFileAssistant test for existing oat file /data/dalvik-cache/x86_64/data@user@0@com.google.android.gms@app_dg_cache@CF98DA544914DD75038B6CE6DBC852B6C43EC876@the.apk@classes.vdex: File /data/dalvik-cache/x86_64/data@user@0@com.google.android.gms@app_dg_cache@CF98DA544914DD75038B6CE6DBC852B6C43EC876@the.apk@classes.vdex does not exist.
02-12 19:46:18.328  2261  2297 I artd    : GetBestInfo checking vdex next to the dex file (/data/user/0/com.google.android.gms/app_dg_cache/CF98DA544914DD75038B6CE6DBC852B6C43EC876/oat/x86_64/the.vdex)
02-12 19:46:18.328  2261  2297 I artd    : Successfully loaded /data/user/0/com.google.android.gms/app_dg_cache/CF98DA544914DD75038B6CE6DBC852B6C43EC876/oat/x86_64/the.vdex with executable: 0
02-12 19:46:18.328  2261  2297 I artd    : Image checksum test skipped for vdex file /data/user/0/com.google.android.gms/app_dg_cache/CF98DA544914DD75038B6CE6DBC852B6C43EC876/oat/x86_64/the.vdex
02-12 19:46:18.328  2261  2297 I artd    : /data/user/0/com.google.android.gms/app_dg_cache/CF98DA544914DD75038B6CE6DBC852B6C43EC876/oat/x86_64/the.vdex is kOatUpToDate with filter verify
02-12 19:46:18.330  2261  2297 I artd    : Dex parent of /data/user_de/0/com.google.android.gms/app_chimera/m/00000001/CronetDynamite.uncompressed.apk is not writable: No such file or directory
02-12 19:46:18.330  2261  2297 I artd    : GetBestInfo checking odex in dalvik-cache (/data/dalvik-cache/x86_64/data@user_de@0@com.google.android.gms@app_chimera@m@00000001@CronetDynamite.uncompressed.apk@classes.dex)
02-12 19:46:18.330  2261  2297 I artd    : Loading /data/dalvik-cache/x86_64/data@user_de@0@com.google.android.gms@app_chimera@m@00000001@CronetDynamite.uncompressed.apk@classes.dex with executable: 0
02-12 19:46:18.330  2261  2297 I artd    : OatFileAssistant test for existing oat file /data/dalvik-cache/x86_64/data@user_de@0@com.google.android.gms@app_chimera@m@00000001@CronetDynamite.uncompressed.apk@classes.dex: File /data/dalvik-cache/x86_64/data@user_de@0@com.google.android.gms@app_chimera@m@00000001@CronetDynamite.uncompressed.apk@classes.vdex does not exist.
02-12 19:46:18.330  2261  2297 I artd    : GetBestInfo checking odex next to the dex file (/data/user_de/0/com.google.android.gms/app_chimera/m/00000001/oat/x86_64/CronetDynamite.uncompressed.odex)
02-12 19:46:18.330  2261  2297 I artd    : Loading /data/user_de/0/com.google.android.gms/app_chimera/m/00000001/oat/x86_64/CronetDynamite.uncompressed.odex with executable: 0
02-12 19:46:18.330  2261  2297 I artd    : OatFileAssistant test for existing oat file /data/user_de/0/com.google.android.gms/app_chimera/m/00000001/oat/x86_64/CronetDynamite.uncompressed.odex: File /data/user_de/0/com.google.android.gms/app_chimera/m/00000001/oat/x86_64/CronetDynamite.uncompressed.vdex does not exist.
02-12 19:46:18.330  2261  2297 I artd    : GetBestInfo checking vdex in dalvik-cache (/data/dalvik-cache/x86_64/data@user_de@0@com.google.android.gms@app_chimera@m@00000001@CronetDynamite.uncompressed.apk@classes.vdex)
02-12 19:46:18.330  2261  2297 I artd    : unable to open vdex file /data/dalvik-cache/x86_64/data@user_de@0@com.google.android.gms@app_chimera@m@00000001@CronetDynamite.uncompressed.apk@classes.vdex: File /data/dalvik-cache/x86_64/data@user_de@0@com.google.android.gms@app_chimera@m@00000001@CronetDynamite.uncompressed.apk@classes.vdex does not exist.
02-12 19:46:18.330  2261  2297 I artd    : OatFileAssistant test for existing oat file /data/dalvik-cache/x86_64/data@user_de@0@com.google.android.gms@app_chimera@m@00000001@CronetDynamite.uncompressed.apk@classes.vdex: File /data/dalvik-cache/x86_64/data@user_de@0@com.google.android.gms@app_chimera@m@00000001@CronetDynamite.uncompressed.apk@classes.vdex does not exist.
02-12 19:46:18.330  2261  2297 I artd    : GetBestInfo checking vdex next to the dex file (/data/user_de/0/com.google.android.gms/app_chimera/m/00000001/oat/x86_64/CronetDynamite.uncompressed.vdex)
02-12 19:46:18.330  2261  2297 I artd    : unable to open vdex file /data/user_de/0/com.google.android.gms/app_chimera/m/00000001/oat/x86_64/CronetDynamite.uncompressed.vdex: File /data/user_de/0/com.google.android.gms/app_chimera/m/00000001/oat/x86_64/CronetDynamite.uncompressed.vdex does not exist.
02-12 19:46:18.330  2261  2297 I artd    : OatFileAssistant test for existing oat file /data/user_de/0/com.google.android.gms/app_chimera/m/00000001/oat/x86_64/CronetDynamite.uncompressed.vdex: File /data/user_de/0/com.google.android.gms/app_chimera/m/00000001/oat/x86_64/CronetDynamite.uncompressed.vdex does not exist.
02-12 19:46:18.330  2261  2297 I artd    : GetBestInfo checking dm (/data/user_de/0/com.google.android.gms/app_chimera/m/00000001/CronetDynamite.uncompressed.dm)
02-12 19:46:18.330  2261  2297 W ziparchive: Unable to open '/data/user_de/0/com.google.android.gms/app_chimera/m/00000001/CronetDynamite.uncompressed.dm': No such file or directory
02-12 19:46:18.330  2261  2297 I artd    : OatFileAssistant test for existing oat file /data/user_de/0/com.google.android.gms/app_chimera/m/00000001/CronetDynamite.uncompressed.dm: I/O error
02-12 19:46:18.330  2261  2297 I artd    : GetBestInfo checking dm (/data/user_de/0/com.google.android.gms/app_chimera/m/00000001/CronetDynamite.uncompressed.dm)
02-12 19:46:18.331  2261  2297 W ziparchive: Unable to open '/data/user_de/0/com.google.android.gms/app_chimera/m/00000001/CronetDynamite.uncompressed.dm': No such file or directory
02-12 19:46:18.332  2261  2297 I artd    : OatFileAssistant test for existing oat file /data/user_de/0/com.google.android.gms/app_chimera/m/00000001/CronetDynamite.uncompressed.dm: I/O error
02-12 19:46:18.332  2261  2297 I artd    : GetBestInfo no usable artifacts
02-12 19:46:18.339  2261  7095 I artd    : Dex parent of /data/user_de/0/com.google.android.gms/app_chimera/m/0000000a/dl-VisionOcr.optional_260235100000.apk is not writable: Permission denied
02-12 19:46:18.339  2261  7095 I artd    : GetBestInfo checking odex in dalvik-cache (/data/dalvik-cache/x86_64/data@user_de@0@com.google.android.gms@app_chimera@m@0000000a@dl-VisionOcr.optional_260235100000.apk@classes.dex)
02-12 19:46:18.339  2261  7095 I artd    : Loading /data/dalvik-cache/x86_64/data@user_de@0@com.google.android.gms@app_chimera@m@0000000a@dl-VisionOcr.optional_260235100000.apk@classes.dex with executable: 0
02-12 19:46:18.339  2261  7095 I artd    : OatFileAssistant test for existing oat file /data/dalvik-cache/x86_64/data@user_de@0@com.google.android.gms@app_chimera@m@0000000a@dl-VisionOcr.optional_260235100000.apk@classes.dex: File /data/dalvik-cache/x86_64/data@user_de@0@com.google.android.gms@app_chimera@m@0000000a@dl-VisionOcr.optional_260235100000.apk@classes.vdex does not exist.
02-12 19:46:18.340  2261  7095 I artd    : GetBestInfo checking odex next to the dex file (/data/user_de/0/com.google.android.gms/app_chimera/m/0000000a/oat/x86_64/dl-VisionOcr.optional_260235100000.odex)
02-12 19:46:18.340  2261  7095 I artd    : Loading /data/user_de/0/com.google.android.gms/app_chimera/m/0000000a/oat/x86_64/dl-VisionOcr.optional_260235100000.odex with executable: 0
02-12 19:46:18.340  2261  7095 I artd    : OatFileAssistant test for existing oat file /data/user_de/0/com.google.android.gms/app_chimera/m/0000000a/oat/x86_64/dl-VisionOcr.optional_260235100000.odex: File /data/user_de/0/com.google.android.gms/app_chimera/m/0000000a/oat/x86_64/dl-VisionOcr.optional_260235100000.vdex does not exist.
02-12 19:46:18.340  2261  7095 I artd    : GetBestInfo checking vdex in dalvik-cache (/data/dalvik-cache/x86_64/data@user_de@0@com.google.android.gms@app_chimera@m@0000000a@dl-VisionOcr.optional_260235100000.apk@classes.vdex)
02-12 19:46:18.340  2261  7095 I artd    : unable to open vdex file /data/dalvik-cache/x86_64/data@user_de@0@com.google.android.gms@app_chimera@m@0000000a@dl-VisionOcr.optional_260235100000.apk@classes.vdex: File /data/dalvik-cache/x86_64/data@user_de@0@com.google.android.gms@app_chimera@m@0000000a@dl-VisionOcr.optional_260235100000.apk@classes.vdex does not exist.
02-12 19:46:18.340  2261  7095 I artd    : OatFileAssistant test for existing oat file /data/dalvik-cache/x86_64/data@user_de@0@com.google.android.gms@app_chimera@m@0000000a@dl-VisionOcr.optional_260235100000.apk@classes.vdex: File /data/dalvik-cache/x86_64/data@user_de@0@com.google.android.gms@app_chimera@m@0000000a@dl-VisionOcr.optional_260235100000.apk@classes.vdex does not exist.
02-12 19:46:18.340  2261  7095 I artd    : GetBestInfo checking vdex next to the dex file (/data/user_de/0/com.google.android.gms/app_chimera/m/0000000a/oat/x86_64/dl-VisionOcr.optional_260235100000.vdex)
02-12 19:46:18.340  2261  7095 I artd    : unable to open vdex file /data/user_de/0/com.google.android.gms/app_chimera/m/0000000a/oat/x86_64/dl-VisionOcr.optional_260235100000.vdex: File /data/user_de/0/com.google.android.gms/app_chimera/m/0000000a/oat/x86_64/dl-VisionOcr.optional_260235100000.vdex does not exist.
02-12 19:46:18.340  2261  7095 I artd    : OatFileAssistant test for existing oat file /data/user_de/0/com.google.android.gms/app_chimera/m/0000000a/oat/x86_64/dl-VisionOcr.optional_260235100000.vdex: File /data/user_de/0/com.google.android.gms/app_chimera/m/0000000a/oat/x86_64/dl-VisionOcr.optional_260235100000.vdex does not exist.
02-12 19:46:18.340  2261  7095 I artd    : GetBestInfo checking dm (/data/user_de/0/com.google.android.gms/app_chimera/m/0000000a/dl-VisionOcr.optional_260235100000.dm)
02-12 19:46:18.341  2261  7095 W ziparchive: Unable to open '/data/user_de/0/com.google.android.gms/app_chimera/m/0000000a/dl-VisionOcr.optional_260235100000.dm': No such file or directory
02-12 19:46:18.341  2261  7095 I artd    : OatFileAssistant test for existing oat file /data/user_de/0/com.google.android.gms/app_chimera/m/0000000a/dl-VisionOcr.optional_260235100000.dm: I/O error
02-12 19:46:18.341  2261  7095 I artd    : GetBestInfo checking dm (/data/user_de/0/com.google.android.gms/app_chimera/m/0000000a/dl-VisionOcr.optional_260235100000.dm)
02-12 19:46:18.341  2261  7095 W ziparchive: Unable to open '/data/user_de/0/com.google.android.gms/app_chimera/m/0000000a/dl-VisionOcr.optional_260235100000.dm': No such file or directory
02-12 19:46:18.341  2261  7095 I artd    : OatFileAssistant test for existing oat file /data/user_de/0/com.google.android.gms/app_chimera/m/0000000a/dl-VisionOcr.optional_260235100000.dm: I/O error
02-12 19:46:18.341  2261  7095 I artd    : GetBestInfo no usable artifacts
02-12 19:46:18.344  2261  7095 I artd    : Dex parent of /data/user_de/0/com.google.android.gms/app_chimera/m/00000008/dl-TfliteDynamiteDynamite.integ_252130102100800.apk is not writable: Permission denied
02-12 19:46:18.344  2261  7095 I artd    : GetBestInfo checking odex in dalvik-cache (/data/dalvik-cache/x86_64/data@user_de@0@com.google.android.gms@app_chimera@m@00000008@dl-TfliteDynamiteDynamite.integ_252130102100800.apk@classes.dex)
02-12 19:46:18.344  2261  7095 I artd    : Loading /data/dalvik-cache/x86_64/data@user_de@0@com.google.android.gms@app_chimera@m@00000008@dl-TfliteDynamiteDynamite.integ_252130102100800.apk@classes.dex with executable: 0
02-12 19:46:18.344  2261  7095 I artd    : OatFileAssistant test for existing oat file /data/dalvik-cache/x86_64/data@user_de@0@com.google.android.gms@app_chimera@m@00000008@dl-TfliteDynamiteDynamite.integ_252130102100800.apk@classes.dex: File /data/dalvik-cache/x86_64/data@user_de@0@com.google.android.gms@app_chimera@m@00000008@dl-TfliteDynamiteDynamite.integ_252130102100800.apk@classes.vdex does not exist.
02-12 19:46:18.344  2261  7095 I artd    : GetBestInfo checking odex next to the dex file (/data/user_de/0/com.google.android.gms/app_chimera/m/00000008/oat/x86_64/dl-TfliteDynamiteDynamite.integ_252130102100800.odex)
02-12 19:46:18.344  2261  7095 I artd    : Loading /data/user_de/0/com.google.android.gms/app_chimera/m/00000008/oat/x86_64/dl-TfliteDynamiteDynamite.integ_252130102100800.odex with executable: 0
02-12 19:46:18.344  2261  7095 I artd    : OatFileAssistant test for existing oat file /data/user_de/0/com.google.android.gms/app_chimera/m/00000008/oat/x86_64/dl-TfliteDynamiteDynamite.integ_252130102100800.odex: File /data/user_de/0/com.google.android.gms/app_chimera/m/00000008/oat/x86_64/dl-TfliteDynamiteDynamite.integ_252130102100800.vdex does not exist.
02-12 19:46:18.344  2261  7095 I artd    : GetBestInfo checking vdex in dalvik-cache (/data/dalvik-cache/x86_64/data@user_de@0@com.google.android.gms@app_chimera@m@00000008@dl-TfliteDynamiteDynamite.integ_252130102100800.apk@classes.vdex)
02-12 19:46:18.344  2261  7095 I artd    : unable to open vdex file /data/dalvik-cache/x86_64/data@user_de@0@com.google.android.gms@app_chimera@m@00000008@dl-TfliteDynamiteDynamite.integ_252130102100800.apk@classes.vdex: File /data/dalvik-cache/x86_64/data@user_de@0@com.google.android.gms@app_chimera@m@00000008@dl-TfliteDynamiteDynamite.integ_252130102100800.apk@classes.vdex does not exist.
02-12 19:46:18.344  2261  7095 I artd    : OatFileAssistant test for existing oat file /data/dalvik-cache/x86_64/data@user_de@0@com.google.android.gms@app_chimera@m@00000008@dl-TfliteDynamiteDynamite.integ_252130102100800.apk@classes.vdex: File /data/dalvik-cache/x86_64/data@user_de@0@com.google.android.gms@app_chimera@m@00000008@dl-TfliteDynamiteDynamite.integ_252130102100800.apk@classes.vdex does not exist.
02-12 19:46:18.344  2261  7095 I artd    : GetBestInfo checking vdex next to the dex file (/data/user_de/0/com.google.android.gms/app_chimera/m/00000008/oat/x86_64/dl-TfliteDynamiteDynamite.integ_252130102100800.vdex)
02-12 19:46:18.344  2261  7095 I artd    : unable to open vdex file /data/user_de/0/com.google.android.gms/app_chimera/m/00000008/oat/x86_64/dl-TfliteDynamiteDynamite.integ_252130102100800.vdex: File /data/user_de/0/com.google.android.gms/app_chimera/m/00000008/oat/x86_64/dl-TfliteDynamiteDynamite.integ_252130102100800.vdex does not exist.
02-12 19:46:18.344  2261  7095 I artd    : OatFileAssistant test for existing oat file /data/user_de/0/com.google.android.gms/app_chimera/m/00000008/oat/x86_64/dl-TfliteDynamiteDynamite.integ_252130102100800.vdex: File /data/user_de/0/com.google.android.gms/app_chimera/m/00000008/oat/x86_64/dl-TfliteDynamiteDynamite.integ_252130102100800.vdex does not exist.
02-12 19:46:18.344  2261  7095 I artd    : GetBestInfo checking dm (/data/user_de/0/com.google.android.gms/app_chimera/m/00000008/dl-TfliteDynamiteDynamite.integ_252130102100800.dm)
02-12 19:46:18.344  2261  7095 W ziparchive: Unable to open '/data/user_de/0/com.google.android.gms/app_chimera/m/00000008/dl-TfliteDynamiteDynamite.integ_252130102100800.dm': No such file or directory
02-12 19:46:18.344  2261  7095 I artd    : OatFileAssistant test for existing oat file /data/user_de/0/com.google.android.gms/app_chimera/m/00000008/dl-TfliteDynamiteDynamite.integ_252130102100800.dm: I/O error
02-12 19:46:18.344  2261  7095 I artd    : GetBestInfo checking dm (/data/user_de/0/com.google.android.gms/app_chimera/m/00000008/dl-TfliteDynamiteDynamite.integ_252130102100800.dm)
02-12 19:46:18.344  2261  7095 W ziparchive: Unable to open '/data/user_de/0/com.google.android.gms/app_chimera/m/00000008/dl-TfliteDynamiteDynamite.integ_252130102100800.dm': No such file or directory
02-12 19:46:18.344  2261  7095 I artd    : OatFileAssistant test for existing oat file /data/user_de/0/com.google.android.gms/app_chimera/m/00000008/dl-TfliteDynamiteDynamite.integ_252130102100800.dm: I/O error
02-12 19:46:18.344  2261  7095 I artd    : GetBestInfo no usable artifacts
02-12 19:46:18.354  2261  7095 I artd    : Dex parent of /data/user/0/com.google.android.gms/app_dg_cache/94DF452EEF4B8E717545DCDEA6CC3C50A319A195/the.apk is not writable: Permission denied
02-12 19:46:18.354  2261  7095 I artd    : GetBestInfo checking odex in dalvik-cache (/data/dalvik-cache/x86_64/data@user@0@com.google.android.gms@app_dg_cache@94DF452EEF4B8E717545DCDEA6CC3C50A319A195@the.apk@classes.dex)
02-12 19:46:18.354  2261  7095 I artd    : Loading /data/dalvik-cache/x86_64/data@user@0@com.google.android.gms@app_dg_cache@94DF452EEF4B8E717545DCDEA6CC3C50A319A195@the.apk@classes.dex with executable: 0
02-12 19:46:18.354  2261  7095 I artd    : OatFileAssistant test for existing oat file /data/dalvik-cache/x86_64/data@user@0@com.google.android.gms@app_dg_cache@94DF452EEF4B8E717545DCDEA6CC3C50A319A195@the.apk@classes.dex: File /data/dalvik-cache/x86_64/data@user@0@com.google.android.gms@app_dg_cache@94DF452EEF4B8E717545DCDEA6CC3C50A319A195@the.apk@classes.vdex does not exist.
02-12 19:46:18.354  2261  7095 I artd    : GetBestInfo checking odex next to the dex file (/data/user/0/com.google.android.gms/app_dg_cache/94DF452EEF4B8E717545DCDEA6CC3C50A319A195/oat/x86_64/the.odex)
02-12 19:46:18.354  2261  7095 I artd    : Loading /data/user/0/com.google.android.gms/app_dg_cache/94DF452EEF4B8E717545DCDEA6CC3C50A319A195/oat/x86_64/the.odex with executable: 0
02-12 19:46:18.354  2261  7095 I artd    : OatFileAssistant test for existing oat file /data/user/0/com.google.android.gms/app_dg_cache/94DF452EEF4B8E717545DCDEA6CC3C50A319A195/oat/x86_64/the.odex: Failed to open oat filename for reading: No such file or directory
02-12 19:46:18.354  2261  7095 I artd    : GetBestInfo checking vdex in dalvik-cache (/data/dalvik-cache/x86_64/data@user@0@com.google.android.gms@app_dg_cache@94DF452EEF4B8E717545DCDEA6CC3C50A319A195@the.apk@classes.vdex)
02-12 19:46:18.354  2261  7095 I artd    : unable to open vdex file /data/dalvik-cache/x86_64/data@user@0@com.google.android.gms@app_dg_cache@94DF452EEF4B8E717545DCDEA6CC3C50A319A195@the.apk@classes.vdex: File /data/dalvik-cache/x86_64/data@user@0@com.google.android.gms@app_dg_cache@94DF452EEF4B8E717545DCDEA6CC3C50A319A195@the.apk@classes.vdex does not exist.
02-12 19:46:18.354  2261  7095 I artd    : OatFileAssistant test for existing oat file /data/dalvik-cache/x86_64/data@user@0@com.google.android.gms@app_dg_cache@94DF452EEF4B8E717545DCDEA6CC3C50A319A195@the.apk@classes.vdex: File /data/dalvik-cache/x86_64/data@user@0@com.google.android.gms@app_dg_cache@94DF452EEF4B8E717545DCDEA6CC3C50A319A195@the.apk@classes.vdex does not exist.
02-12 19:46:18.354  2261  7095 I artd    : GetBestInfo checking vdex next to the dex file (/data/user/0/com.google.android.gms/app_dg_cache/94DF452EEF4B8E717545DCDEA6CC3C50A319A195/oat/x86_64/the.vdex)
02-12 19:46:18.355  2261  7095 I artd    : Successfully loaded /data/user/0/com.google.android.gms/app_dg_cache/94DF452EEF4B8E717545DCDEA6CC3C50A319A195/oat/x86_64/the.vdex with executable: 0
02-12 19:46:18.355  2261  7095 I artd    : Image checksum test skipped for vdex file /data/user/0/com.google.android.gms/app_dg_cache/94DF452EEF4B8E717545DCDEA6CC3C50A319A195/oat/x86_64/the.vdex
02-12 19:46:18.355  2261  7095 I artd    : /data/user/0/com.google.android.gms/app_dg_cache/94DF452EEF4B8E717545DCDEA6CC3C50A319A195/oat/x86_64/the.vdex is kOatUpToDate with filter verify
02-12 19:46:18.356  2261  7095 I artd    : Dex parent of /data/user_de/0/com.google.android.gms/app_chimera/m/00000007/MeasurementDynamite.apk is not writable: No such file or directory
02-12 19:46:18.357  2261  7095 I artd    : GetBestInfo checking odex in dalvik-cache (/data/dalvik-cache/x86_64/data@user_de@0@com.google.android.gms@app_chimera@m@00000007@MeasurementDynamite.apk@classes.dex)
02-12 19:46:18.359  2261  7095 I artd    : Loading /data/dalvik-cache/x86_64/data@user_de@0@com.google.android.gms@app_chimera@m@00000007@MeasurementDynamite.apk@classes.dex with executable: 0
02-12 19:46:18.359  2261  7095 I artd    : OatFileAssistant test for existing oat file /data/dalvik-cache/x86_64/data@user_de@0@com.google.android.gms@app_chimera@m@00000007@MeasurementDynamite.apk@classes.dex: File /data/dalvik-cache/x86_64/data@user_de@0@com.google.android.gms@app_chimera@m@00000007@MeasurementDynamite.apk@classes.vdex does not exist.
02-12 19:46:18.359  2261  7095 I artd    : GetBestInfo checking odex next to the dex file (/data/user_de/0/com.google.android.gms/app_chimera/m/00000007/oat/x86_64/MeasurementDynamite.odex)
02-12 19:46:18.359  2261  7095 I artd    : Loading /data/user_de/0/com.google.android.gms/app_chimera/m/00000007/oat/x86_64/MeasurementDynamite.odex with executable: 0
02-12 19:46:18.359  2261  7095 I artd    : OatFileAssistant test for existing oat file /data/user_de/0/com.google.android.gms/app_chimera/m/00000007/oat/x86_64/MeasurementDynamite.odex: File /data/user_de/0/com.google.android.gms/app_chimera/m/00000007/oat/x86_64/MeasurementDynamite.vdex does not exist.
02-12 19:46:18.360  2261  7095 I artd    : GetBestInfo checking vdex in dalvik-cache (/data/dalvik-cache/x86_64/data@user_de@0@com.google.android.gms@app_chimera@m@00000007@MeasurementDynamite.apk@classes.vdex)
02-12 19:46:18.360  2261  7095 I artd    : unable to open vdex file /data/dalvik-cache/x86_64/data@user_de@0@com.google.android.gms@app_chimera@m@00000007@MeasurementDynamite.apk@classes.vdex: File /data/dalvik-cache/x86_64/data@user_de@0@com.google.android.gms@app_chimera@m@00000007@MeasurementDynamite.apk@classes.vdex does not exist.
02-12 19:46:18.360  2261  7095 I artd    : OatFileAssistant test for existing oat file /data/dalvik-cache/x86_64/data@user_de@0@com.google.android.gms@app_chimera@m@00000007@MeasurementDynamite.apk@classes.vdex: File /data/dalvik-cache/x86_64/data@user_de@0@com.google.android.gms@app_chimera@m@00000007@MeasurementDynamite.apk@classes.vdex does not exist.
02-12 19:46:18.360  2261  7095 I artd    : GetBestInfo checking vdex next to the dex file (/data/user_de/0/com.google.android.gms/app_chimera/m/00000007/oat/x86_64/MeasurementDynamite.vdex)
02-12 19:46:18.360  2261  7095 I artd    : unable to open vdex file /data/user_de/0/com.google.android.gms/app_chimera/m/00000007/oat/x86_64/MeasurementDynamite.vdex: File /data/user_de/0/com.google.android.gms/app_chimera/m/00000007/oat/x86_64/MeasurementDynamite.vdex does not exist.
02-12 19:46:18.360  2261  7095 I artd    : OatFileAssistant test for existing oat file /data/user_de/0/com.google.android.gms/app_chimera/m/00000007/oat/x86_64/MeasurementDynamite.vdex: File /data/user_de/0/com.google.android.gms/app_chimera/m/00000007/oat/x86_64/MeasurementDynamite.vdex does not exist.
02-12 19:46:18.360  2261  7095 I artd    : GetBestInfo checking dm (/data/user_de/0/com.google.android.gms/app_chimera/m/00000007/MeasurementDynamite.dm)
02-12 19:46:18.360  2261  7095 W ziparchive: Unable to open '/data/user_de/0/com.google.android.gms/app_chimera/m/00000007/MeasurementDynamite.dm': No such file or directory
02-12 19:46:18.360  2261  7095 I artd    : OatFileAssistant test for existing oat file /data/user_de/0/com.google.android.gms/app_chimera/m/00000007/MeasurementDynamite.dm: I/O error
02-12 19:46:18.360  2261  7095 I artd    : GetBestInfo checking dm (/data/user_de/0/com.google.android.gms/app_chimera/m/00000007/MeasurementDynamite.dm)
02-12 19:46:18.360  2261  7095 W ziparchive: Unable to open '/data/user_de/0/com.google.android.gms/app_chimera/m/00000007/MeasurementDynamite.dm': No such file or directory
02-12 19:46:18.360  2261  7095 I artd    : OatFileAssistant test for existing oat file /data/user_de/0/com.google.android.gms/app_chimera/m/00000007/MeasurementDynamite.dm: I/O error
02-12 19:46:18.360  2261  7095 I artd    : GetBestInfo no usable artifacts
02-12 19:46:18.366  2261  7095 I artd    : Dex parent of /data/user_de/0/com.google.android.gms/app_chimera/m/0000000b/dl-PlayCloudSearch.optional_260235100000.apk is not writable: Permission denied
02-12 19:46:18.366  2261  7095 I artd    : GetBestInfo checking odex in dalvik-cache (/data/dalvik-cache/x86_64/data@user_de@0@com.google.android.gms@app_chimera@m@0000000b@dl-PlayCloudSearch.optional_260235100000.apk@classes.dex)
02-12 19:46:18.366  2261  7095 I artd    : Loading /data/dalvik-cache/x86_64/data@user_de@0@com.google.android.gms@app_chimera@m@0000000b@dl-PlayCloudSearch.optional_260235100000.apk@classes.dex with executable: 0
02-12 19:46:18.366  2261  7095 I artd    : OatFileAssistant test for existing oat file /data/dalvik-cache/x86_64/data@user_de@0@com.google.android.gms@app_chimera@m@0000000b@dl-PlayCloudSearch.optional_260235100000.apk@classes.dex: File /data/dalvik-cache/x86_64/data@user_de@0@com.google.android.gms@app_chimera@m@0000000b@dl-PlayCloudSearch.optional_260235100000.apk@classes.vdex does not exist.
02-12 19:46:18.366  2261  7095 I artd    : GetBestInfo checking odex next to the dex file (/data/user_de/0/com.google.android.gms/app_chimera/m/0000000b/oat/x86_64/dl-PlayCloudSearch.optional_260235100000.odex)
02-12 19:46:18.367  2261  7095 I artd    : Loading /data/user_de/0/com.google.android.gms/app_chimera/m/0000000b/oat/x86_64/dl-PlayCloudSearch.optional_260235100000.odex with executable: 0
02-12 19:46:18.367  2261  7095 I artd    : OatFileAssistant test for existing oat file /data/user_de/0/com.google.android.gms/app_chimera/m/0000000b/oat/x86_64/dl-PlayCloudSearch.optional_260235100000.odex: File /data/user_de/0/com.google.android.gms/app_chimera/m/0000000b/oat/x86_64/dl-PlayCloudSearch.optional_260235100000.vdex does not exist.
02-12 19:46:18.367  2261  7095 I artd    : GetBestInfo checking vdex in dalvik-cache (/data/dalvik-cache/x86_64/data@user_de@0@com.google.android.gms@app_chimera@m@0000000b@dl-PlayCloudSearch.optional_260235100000.apk@classes.vdex)
02-12 19:46:18.367  2261  7095 I artd    : unable to open vdex file /data/dalvik-cache/x86_64/data@user_de@0@com.google.android.gms@app_chimera@m@0000000b@dl-PlayCloudSearch.optional_260235100000.apk@classes.vdex: File /data/dalvik-cache/x86_64/data@user_de@0@com.google.android.gms@app_chimera@m@0000000b@dl-PlayCloudSearch.optional_260235100000.apk@classes.vdex does not exist.
02-12 19:46:18.367  2261  7095 I artd    : OatFileAssistant test for existing oat file /data/dalvik-cache/x86_64/data@user_de@0@com.google.android.gms@app_chimera@m@0000000b@dl-PlayCloudSearch.optional_260235100000.apk@classes.vdex: File /data/dalvik-cache/x86_64/data@user_de@0@com.google.android.gms@app_chimera@m@0000000b@dl-PlayCloudSearch.optional_260235100000.apk@classes.vdex does not exist.
02-12 19:46:18.367  2261  7095 I artd    : GetBestInfo checking vdex next to the dex file (/data/user_de/0/com.google.android.gms/app_chimera/m/0000000b/oat/x86_64/dl-PlayCloudSearch.optional_260235100000.vdex)
02-12 19:46:18.367  2261  7095 I artd    : unable to open vdex file /data/user_de/0/com.google.android.gms/app_chimera/m/0000000b/oat/x86_64/dl-PlayCloudSearch.optional_260235100000.vdex: File /data/user_de/0/com.google.android.gms/app_chimera/m/0000000b/oat/x86_64/dl-PlayCloudSearch.optional_260235100000.vdex does not exist.
02-12 19:46:18.367  2261  7095 I artd    : OatFileAssistant test for existing oat file /data/user_de/0/com.google.android.gms/app_chimera/m/0000000b/oat/x86_64/dl-PlayCloudSearch.optional_260235100000.vdex: File /data/user_de/0/com.google.android.gms/app_chimera/m/0000000b/oat/x86_64/dl-PlayCloudSearch.optional_260235100000.vdex does not exist.
02-12 19:46:18.367  2261  7095 I artd    : GetBestInfo checking dm (/data/user_de/0/com.google.android.gms/app_chimera/m/0000000b/dl-PlayCloudSearch.optional_260235100000.dm)
02-12 19:46:18.367  2261  7095 W ziparchive: Unable to open '/data/user_de/0/com.google.android.gms/app_chimera/m/0000000b/dl-PlayCloudSearch.optional_260235100000.dm': No such file or directory
02-12 19:46:18.367  2261  7095 I artd    : OatFileAssistant test for existing oat file /data/user_de/0/com.google.android.gms/app_chimera/m/0000000b/dl-PlayCloudSearch.optional_260235100000.dm: I/O error
02-12 19:46:18.367  2261  7095 I artd    : GetBestInfo checking dm (/data/user_de/0/com.google.android.gms/app_chimera/m/0000000b/dl-PlayCloudSearch.optional_260235100000.dm)
02-12 19:46:18.367  2261  7095 W ziparchive: Unable to open '/data/user_de/0/com.google.android.gms/app_chimera/m/0000000b/dl-PlayCloudSearch.optional_260235100000.dm': No such file or directory
02-12 19:46:18.367  2261  7095 I artd    : OatFileAssistant test for existing oat file /data/user_de/0/com.google.android.gms/app_chimera/m/0000000b/dl-PlayCloudSearch.optional_260235100000.dm: I/O error
02-12 19:46:18.367  2261  7095 I artd    : GetBestInfo no usable artifacts
02-12 19:46:18.451   653   676 I system_server: Background concurrent mark compact GC freed 26MB AllocSpace bytes, 6(120KB) LOS objects, 44% free, 29MB/53MB, paused 2.113ms,6.113ms total 371.112ms
02-12 19:46:18.531 10601 10607 I today.adh.app: Background concurrent mark compact GC freed 5388KB AllocSpace bytes, 18(1160KB) LOS objects, 49% free, 6687KB/13MB, paused 13.043ms,7.371ms total 284.454ms
02-12 19:46:18.548 10601 10609 W System  : A resource failed to call close. 
02-12 19:46:18.557 10601 10609 W System  : A resource failed to call close. 
02-12 19:46:18.558 10601 10609 W System  : A resource failed to call close. 
02-12 19:46:18.558 10601 10609 W System  : A resource failed to call close. 
02-12 19:46:24.216   653   949 W IPCThreadState: Sending oneway calls to frozen process.
02-12 19:46:24.216   653   949 W IPCThreadState: Sending oneway calls to frozen process.
02-12 19:46:24.216   653   949 W IPCThreadState: Sending oneway calls to frozen process.
02-12 19:46:24.217   653   949 W IPCThreadState: Sending oneway calls to frozen process.
02-12 19:46:24.217   653   949 W IPCThreadState: Sending oneway calls to frozen process.
02-12 19:46:24.221   653   949 W IPCThreadState: Sending oneway calls to frozen process.
02-12 19:46:24.221   653   949 W IPCThreadState: Sending oneway calls to frozen process.
02-12 19:46:24.221   653   949 W IPCThreadState: Sending oneway calls to frozen process.
02-12 19:46:24.221   653   949 W IPCThreadState: Sending oneway calls to frozen process.
02-12 19:46:24.224  1684  2589 I BugleRcsEngine: handleMessage processing message:[NOTIFY_UPTIME_IGNORE_STATE_CHANGED] with [non-null]:RcsEngineImpl reference [CONTEXT log_prefix="RcsEngineImpl[DUAL_REG]:[72809b4d-0d4f]>Handler" thread_id=63 ]
02-12 19:46:24.225   653   949 W IPCThreadState: Sending oneway calls to frozen process.
02-12 19:46:24.225   653   949 W IPCThreadState: Sending oneway calls to frozen process.
02-12 19:46:24.228  1684  2336 I BugleRcsEngine: Connected state: [1], networkType: [WIFI] [CONTEXT thread_id=57 ]
02-12 19:46:24.228  1358  1812 I NullBinder: NullBinder for android.net.action.RECOMMEND_NETWORKS triggering remote TransactionTooLargeException due to Service without Chimera impl, calling uid: 1000, calling pid: 0
02-12 19:46:24.233 10601 10731 V Capacitor/NetworkPlugin: Notifying listeners for event networkStatusChange
02-12 19:46:24.233  1358  1812 W .gms.persistent: Large reply transaction of 1056768 bytes, interface descriptor , code 1
02-12 19:46:24.241 10601 10601 I Capacitor/Console: File: http://10.0.2.2:3000/_next/static/chunks/node_modules_next_dist_f3530cac._.js - Line 2298 - Msg: {"connected":true,"connectionType":"wifi"}
02-12 19:46:24.248  1684  2589 I BugleRcsEngine: No RCS Configuration was found in Bugle for simID: redacted-pii:sim_id[chars:20,last3:897] [CONTEXT log_prefix="ProvisioningEngineDataRetriever" thread_id=63 ]
02-12 19:46:24.362 11601 11601 D BoundBrokerSvc: onUnbind: Intent { act=com.google.android.gms.safetynet.service.START pkg=com.google.android.gms }
02-12 19:46:27.224   653   949 W IPCThreadState: Sending oneway calls to frozen process.
02-12 19:46:27.224   653   949 W IPCThreadState: Sending oneway calls to frozen process.
02-12 19:46:27.224   653   949 W IPCThreadState: Sending oneway calls to frozen process.
02-12 19:46:27.226  1358  1812 I NullBinder: NullBinder for android.net.action.RECOMMEND_NETWORKS triggering remote TransactionTooLargeException due to Service without Chimera impl, calling uid: 1000, calling pid: 0
02-12 19:46:27.226  1358  1812 W .gms.persistent: Large reply transaction of 1056768 bytes, interface descriptor , code 1
02-12 19:46:27.227   653   949 W IPCThreadState: Sending oneway calls to frozen process.
02-12 19:46:27.227   653   949 W IPCThreadState: Sending oneway calls to frozen process.
02-12 19:46:27.233   653   949 W IPCThreadState: Sending oneway calls to frozen process.
02-12 19:46:27.233   653   949 W IPCThreadState: Sending oneway calls to frozen process.
02-12 19:46:27.233   653   949 W IPCThreadState: Sending oneway calls to frozen process.
02-12 19:46:27.233   653   949 W IPCThreadState: Sending oneway calls to frozen process.
02-12 19:46:27.233   653   949 W IPCThreadState: Sending oneway calls to frozen process.
02-12 19:46:27.233   653   949 W IPCThreadState: Sending oneway calls to frozen process.
02-12 19:46:27.233  1684  2336 I BugleRcsEngine: Connected state: [1], networkType: [WIFI] [CONTEXT thread_id=57 ]
02-12 19:46:27.236  1684  2589 I BugleRcsEngine: handleMessage processing message:[NOTIFY_UPTIME_IGNORE_STATE_CHANGED] with [non-null]:RcsEngineImpl reference [CONTEXT log_prefix="RcsEngineImpl[DUAL_REG]:[72809b4d-0d4f]>Handler" thread_id=63 ]
02-12 19:46:27.243 10601 10731 V Capacitor/NetworkPlugin: Notifying listeners for event networkStatusChange
02-12 19:46:27.251  1684  2589 I BugleRcsEngine: No RCS Configuration was found in Bugle for simID: redacted-pii:sim_id[chars:20,last3:897] [CONTEXT log_prefix="ProvisioningEngineDataRetriever" thread_id=63 ]
02-12 19:46:27.254 10601 10601 I Capacitor/Console: File: http://10.0.2.2:3000/_next/static/chunks/node_modules_next_dist_f3530cac._.js - Line 2298 - Msg: {"connected":true,"connectionType":"wifi"}
02-12 19:46:28.224  2261  7095 I artd    : Dex parent of /data/app/~~-29y4k5q0EyHjfoK-IJpRg==/com.google.android.gms-vMamtU__I-ZCTe82hwbPzA==/base.apk is not writable: Permission denied
02-12 19:46:28.225  2261  7095 I artd    : GetBestInfo checking odex in dalvik-cache (/data/dalvik-cache/x86_64/data@app@~~-29y4k5q0EyHjfoK-IJpRg==@com.google.android.gms-vMamtU__I-ZCTe82hwbPzA==@base.apk@classes.dex)
02-12 19:46:28.225  2261  7095 I artd    : Loading /data/dalvik-cache/x86_64/data@app@~~-29y4k5q0EyHjfoK-IJpRg==@com.google.android.gms-vMamtU__I-ZCTe82hwbPzA==@base.apk@classes.dex with executable: 0
02-12 19:46:28.225  2261  7095 I artd    : OatFileAssistant test for existing oat file /data/dalvik-cache/x86_64/data@app@~~-29y4k5q0EyHjfoK-IJpRg==@com.google.android.gms-vMamtU__I-ZCTe82hwbPzA==@base.apk@classes.dex: File /data/dalvik-cache/x86_64/data@app@~~-29y4k5q0EyHjfoK-IJpRg==@com.google.android.gms-vMamtU__I-ZCTe82hwbPzA==@base.apk@classes.vdex does not exist.
02-12 19:46:28.225  2261  7095 I artd    : GetBestInfo checking odex next to the dex file (/data/app/~~-29y4k5q0EyHjfoK-IJpRg==/com.google.android.gms-vMamtU__I-ZCTe82hwbPzA==/oat/x86_64/base.odex)
02-12 19:46:28.225  2261  7095 I artd    : Loading /data/app/~~-29y4k5q0EyHjfoK-IJpRg==/com.google.android.gms-vMamtU__I-ZCTe82hwbPzA==/oat/x86_64/base.odex with executable: 0
02-12 19:46:28.226  2261  7095 I artd    : Successfully loaded /data/app/~~-29y4k5q0EyHjfoK-IJpRg==/com.google.android.gms-vMamtU__I-ZCTe82hwbPzA==/oat/x86_64/base.odex with executable: 0
02-12 19:46:28.227  2261  7095 I artd    : /data/app/~~-29y4k5q0EyHjfoK-IJpRg==/com.google.android.gms-vMamtU__I-ZCTe82hwbPzA==/oat/x86_64/base.odex is kOatUpToDate with filter speed-profile
02-12 19:46:28.232  2261  7095 I artd    : Dex parent of /data/app/~~-29y4k5q0EyHjfoK-IJpRg==/com.google.android.gms-vMamtU__I-ZCTe82hwbPzA==/split_AdsDynamite_installtime.apk is not writable: Permission denied
02-12 19:46:28.232  2261  7095 I artd    : GetBestInfo checking odex in dalvik-cache (/data/dalvik-cache/x86_64/data@app@~~-29y4k5q0EyHjfoK-IJpRg==@com.google.android.gms-vMamtU__I-ZCTe82hwbPzA==@split_AdsDynamite_installtime.apk@classes.dex)
02-12 19:46:28.232  2261  7095 I artd    : Loading /data/dalvik-cache/x86_64/data@app@~~-29y4k5q0EyHjfoK-IJpRg==@com.google.android.gms-vMamtU__I-ZCTe82hwbPzA==@split_AdsDynamite_installtime.apk@classes.dex with executable: 0
02-12 19:46:28.232  2261  7095 I artd    : OatFileAssistant test for existing oat file /data/dalvik-cache/x86_64/data@app@~~-29y4k5q0EyHjfoK-IJpRg==@com.google.android.gms-vMamtU__I-ZCTe82hwbPzA==@split_AdsDynamite_installtime.apk@classes.dex: File /data/dalvik-cache/x86_64/data@app@~~-29y4k5q0EyHjfoK-IJpRg==@com.google.android.gms-vMamtU__I-ZCTe82hwbPzA==@split_AdsDynamite_installtime.apk@classes.vdex does not exist.
02-12 19:46:28.232  2261  7095 I artd    : GetBestInfo checking odex next to the dex file (/data/app/~~-29y4k5q0EyHjfoK-IJpRg==/com.google.android.gms-vMamtU__I-ZCTe82hwbPzA==/oat/x86_64/split_AdsDynamite_installtime.odex)
02-12 19:46:28.232  2261  7095 I artd    : Loading /data/app/~~-29y4k5q0EyHjfoK-IJpRg==/com.google.android.gms-vMamtU__I-ZCTe82hwbPzA==/oat/x86_64/split_AdsDynamite_installtime.odex with executable: 0
02-12 19:46:28.233  2261  7095 I artd    : Successfully loaded /data/app/~~-29y4k5q0EyHjfoK-IJpRg==/com.google.android.gms-vMamtU__I-ZCTe82hwbPzA==/oat/x86_64/split_AdsDynamite_installtime.odex with executable: 0
02-12 19:46:28.234  2261  7095 I artd    : /data/app/~~-29y4k5q0EyHjfoK-IJpRg==/com.google.android.gms-vMamtU__I-ZCTe82hwbPzA==/oat/x86_64/split_AdsDynamite_installtime.odex is kOatUpToDate with filter speed
02-12 19:46:28.235  2261  7095 I artd    : Dex parent of /data/app/~~-29y4k5q0EyHjfoK-IJpRg==/com.google.android.gms-vMamtU__I-ZCTe82hwbPzA==/split_CronetDynamite_installtime.apk is not writable: Permission denied
