02-12 19:46:08.333  2261  2297 I artd    : OatFileAssistant test for existing oat file /data/dalvik-cache/x86_64/data@user_de@0@com.google.android.gms@app_chimera@m@00000007@MeasurementDynamite.apk@classes.vdex: File /data/dalvik-cache/x86_64/data@user_de@0@com.google.android.gms@app_chimera@m@00000007@MeasurementDynamite.apk@classes.vdex does not exist.
02-12 19:46:08.333  2261  2297 I artd    : GetBestInfo checking vdex next to the dex file (/data/user_de/0/com.google.android.gms/app_chimera/m/00000007/oat/x86_64/MeasurementDynamite.vdex)
02-12 19:46:08.333  2261  2297 I artd    : unable to open vdex file /data/user_de/0/com.google.android.gms/app_chimera/m/00000007/oat/x86_64/MeasurementDynamite.vdex: File /data/user_de/0/com.google.android.gms/app_chimera/m/00000007/oat/x86_64/MeasurementDynamite.vdex does not exist.
02-12 19:46:08.333  2261  2297 I artd    : OatFileAssistant test for existing oat file /data/user_de/0/com.google.android.gms/app_chimera/m/00000007/oat/x86_64/MeasurementDynamite.vdex: File /data/user_de/0/com.google.android.gms/app_chimera/m/00000007/oat/x86_64/MeasurementDynamite.vdex does not exist.
02-12 19:46:08.334  2261  2297 I artd    : GetBestInfo checking dm (/data/user_de/0/com.google.android.gms/app_chimera/m/00000007/MeasurementDynamite.dm)
02-12 19:46:08.334  2261  2297 W ziparchive: Unable to open '/data/user_de/0/com.google.android.gms/app_chimera/m/00000007/MeasurementDynamite.dm': No such file or directory
02-12 19:46:08.334  2261  2297 I artd    : OatFileAssistant test for existing oat file /data/user_de/0/com.google.android.gms/app_chimera/m/00000007/MeasurementDynamite.dm: I/O error
02-12 19:46:08.334  2261  2297 I artd    : GetBestInfo checking dm (/data/user_de/0/com.google.android.gms/app_chimera/m/00000007/MeasurementDynamite.dm)
02-12 19:46:08.334  2261  2297 W ziparchive: Unable to open '/data/user_de/0/com.google.android.gms/app_chimera/m/00000007/MeasurementDynamite.dm': No such file or directory
02-12 19:46:08.334  2261  2297 I artd    : OatFileAssistant test for existing oat file /data/user_de/0/com.google.android.gms/app_chimera/m/00000007/MeasurementDynamite.dm: I/O error
02-12 19:46:08.334  2261  2297 I artd    : GetBestInfo no usable artifacts
02-12 19:46:08.339  2261  2297 I artd    : Dex parent of /data/user_de/0/com.google.android.gms/app_chimera/m/0000000b/dl-PlayCloudSearch.optional_260235100000.apk is not writable: Permission denied
02-12 19:46:08.340  2261  2297 I artd    : GetBestInfo checking odex in dalvik-cache (/data/dalvik-cache/x86_64/data@user_de@0@com.google.android.gms@app_chimera@m@0000000b@dl-PlayCloudSearch.optional_260235100000.apk@classes.dex)
02-12 19:46:08.340  2261  2297 I artd    : Loading /data/dalvik-cache/x86_64/data@user_de@0@com.google.android.gms@app_chimera@m@0000000b@dl-PlayCloudSearch.optional_260235100000.apk@classes.dex with executable: 0
02-12 19:46:08.340  2261  2297 I artd    : OatFileAssistant test for existing oat file /data/dalvik-cache/x86_64/data@user_de@0@com.google.android.gms@app_chimera@m@0000000b@dl-PlayCloudSearch.optional_260235100000.apk@classes.dex: File /data/dalvik-cache/x86_64/data@user_de@0@com.google.android.gms@app_chimera@m@0000000b@dl-PlayCloudSearch.optional_260235100000.apk@classes.vdex does not exist.
02-12 19:46:08.340  2261  2297 I artd    : GetBestInfo checking odex next to the dex file (/data/user_de/0/com.google.android.gms/app_chimera/m/0000000b/oat/x86_64/dl-PlayCloudSearch.optional_260235100000.odex)
02-12 19:46:08.340  2261  2297 I artd    : Loading /data/user_de/0/com.google.android.gms/app_chimera/m/0000000b/oat/x86_64/dl-PlayCloudSearch.optional_260235100000.odex with executable: 0
02-12 19:46:08.340  2261  2297 I artd    : OatFileAssistant test for existing oat file /data/user_de/0/com.google.android.gms/app_chimera/m/0000000b/oat/x86_64/dl-PlayCloudSearch.optional_260235100000.odex: File /data/user_de/0/com.google.android.gms/app_chimera/m/0000000b/oat/x86_64/dl-PlayCloudSearch.optional_260235100000.vdex does not exist.
02-12 19:46:08.340  2261  2297 I artd    : GetBestInfo checking vdex in dalvik-cache (/data/dalvik-cache/x86_64/data@user_de@0@com.google.android.gms@app_chimera@m@0000000b@dl-PlayCloudSearch.optional_260235100000.apk@classes.vdex)
02-12 19:46:08.341  2261  2297 I artd    : unable to open vdex file /data/dalvik-cache/x86_64/data@user_de@0@com.google.android.gms@app_chimera@m@0000000b@dl-PlayCloudSearch.optional_260235100000.apk@classes.vdex: File /data/dalvik-cache/x86_64/data@user_de@0@com.google.android.gms@app_chimera@m@0000000b@dl-PlayCloudSearch.optional_260235100000.apk@classes.vdex does not exist.
02-12 19:46:08.341  2261  2297 I artd    : OatFileAssistant test for existing oat file /data/dalvik-cache/x86_64/data@user_de@0@com.google.android.gms@app_chimera@m@0000000b@dl-PlayCloudSearch.optional_260235100000.apk@classes.vdex: File /data/dalvik-cache/x86_64/data@user_de@0@com.google.android.gms@app_chimera@m@0000000b@dl-PlayCloudSearch.optional_260235100000.apk@classes.vdex does not exist.
02-12 19:46:08.341  2261  2297 I artd    : GetBestInfo checking vdex next to the dex file (/data/user_de/0/com.google.android.gms/app_chimera/m/0000000b/oat/x86_64/dl-PlayCloudSearch.optional_260235100000.vdex)
02-12 19:46:08.341  2261  2297 I artd    : unable to open vdex file /data/user_de/0/com.google.android.gms/app_chimera/m/0000000b/oat/x86_64/dl-PlayCloudSearch.optional_260235100000.vdex: File /data/user_de/0/com.google.android.gms/app_chimera/m/0000000b/oat/x86_64/dl-PlayCloudSearch.optional_260235100000.vdex does not exist.
02-12 19:46:08.341  2261  2297 I artd    : OatFileAssistant test for existing oat file /data/user_de/0/com.google.android.gms/app_chimera/m/0000000b/oat/x86_64/dl-PlayCloudSearch.optional_260235100000.vdex: File /data/user_de/0/com.google.android.gms/app_chimera/m/0000000b/oat/x86_64/dl-PlayCloudSearch.optional_260235100000.vdex does not exist.
02-12 19:46:08.342  2261  2297 I artd    : GetBestInfo checking dm (/data/user_de/0/com.google.android.gms/app_chimera/m/0000000b/dl-PlayCloudSearch.optional_260235100000.dm)
02-12 19:46:08.342  2261  2297 W ziparchive: Unable to open '/data/user_de/0/com.google.android.gms/app_chimera/m/0000000b/dl-PlayCloudSearch.optional_260235100000.dm': No such file or directory
02-12 19:46:08.342  2261  2297 I artd    : OatFileAssistant test for existing oat file /data/user_de/0/com.google.android.gms/app_chimera/m/0000000b/dl-PlayCloudSearch.optional_260235100000.dm: I/O error
02-12 19:46:08.342  2261  2297 I artd    : GetBestInfo checking dm (/data/user_de/0/com.google.android.gms/app_chimera/m/0000000b/dl-PlayCloudSearch.optional_260235100000.dm)
02-12 19:46:08.342  2261  2297 W ziparchive: Unable to open '/data/user_de/0/com.google.android.gms/app_chimera/m/0000000b/dl-PlayCloudSearch.optional_260235100000.dm': No such file or directory
02-12 19:46:08.342  2261  2297 I artd    : OatFileAssistant test for existing oat file /data/user_de/0/com.google.android.gms/app_chimera/m/0000000b/dl-PlayCloudSearch.optional_260235100000.dm: I/O error
02-12 19:46:08.342  2261  2297 I artd    : GetBestInfo no usable artifacts
02-12 19:46:09.308 11601 11601 D BoundBrokerSvc: onBind: Intent { act=com.google.android.gms.safetynet.service.START pkg=com.google.android.gms }
02-12 19:46:09.308 11601 11601 D BoundBrokerSvc: Loading bound service for intent: Intent { act=com.google.android.gms.safetynet.service.START pkg=com.google.android.gms }
02-12 19:46:15.184   653   949 W IPCThreadState: Sending oneway calls to frozen process.
02-12 19:46:15.184   653   949 W IPCThreadState: Sending oneway calls to frozen process.
02-12 19:46:15.185   653   949 W IPCThreadState: Sending oneway calls to frozen process.
02-12 19:46:15.185   653   949 W IPCThreadState: Sending oneway calls to frozen process.
02-12 19:46:15.185   653   949 W IPCThreadState: Sending oneway calls to frozen process.
02-12 19:46:15.189  1358  3269 I NullBinder: NullBinder for android.net.action.RECOMMEND_NETWORKS triggering remote TransactionTooLargeException due to Service without Chimera impl, calling uid: 1000, calling pid: 0
02-12 19:46:15.190  1358  3269 W .gms.persistent: Large reply transaction of 1056768 bytes, interface descriptor , code 1
02-12 19:46:15.194   653   949 W IPCThreadState: Sending oneway calls to frozen process.
02-12 19:46:15.194   653   949 W IPCThreadState: Sending oneway calls to frozen process.
02-12 19:46:15.194   653   949 W IPCThreadState: Sending oneway calls to frozen process.
02-12 19:46:15.194   653   949 W IPCThreadState: Sending oneway calls to frozen process.
02-12 19:46:15.194   653   949 W IPCThreadState: Sending oneway calls to frozen process.
02-12 19:46:15.195   653   949 W IPCThreadState: Sending oneway calls to frozen process.
02-12 19:46:15.197  1684  2336 I BugleRcsEngine: Connected state: [1], networkType: [WIFI] [CONTEXT thread_id=57 ]
02-12 19:46:15.199  1684  2589 I BugleRcsEngine: handleMessage processing message:[NOTIFY_UPTIME_IGNORE_STATE_CHANGED] with [non-null]:RcsEngineImpl reference [CONTEXT log_prefix="RcsEngineImpl[DUAL_REG]:[72809b4d-0d4f]>Handler" thread_id=63 ]
02-12 19:46:15.207 10601 10731 V Capacitor/NetworkPlugin: Notifying listeners for event networkStatusChange
02-12 19:46:15.220 10601 10601 I Capacitor/Console: File: http://10.0.2.2:3000/_next/static/chunks/node_modules_next_dist_f3530cac._.js - Line 2298 - Msg: {"connected":true,"connectionType":"wifi"}
02-12 19:46:15.227  1684  2589 I BugleRcsEngine: No RCS Configuration was found in Bugle for simID: redacted-pii:sim_id[chars:20,last3:897] [CONTEXT log_prefix="ProvisioningEngineDataRetriever" thread_id=63 ]
02-12 19:46:18.192  2261  2297 I artd    : Dex parent of /data/app/~~-29y4k5q0EyHjfoK-IJpRg==/com.google.android.gms-vMamtU__I-ZCTe82hwbPzA==/base.apk is not writable: Permission denied
02-12 19:46:18.192  2261  2297 I artd    : GetBestInfo checking odex in dalvik-cache (/data/dalvik-cache/x86_64/data@app@~~-29y4k5q0EyHjfoK-IJpRg==@com.google.android.gms-vMamtU__I-ZCTe82hwbPzA==@base.apk@classes.dex)
02-12 19:46:18.192  2261  2297 I artd    : Loading /data/dalvik-cache/x86_64/data@app@~~-29y4k5q0EyHjfoK-IJpRg==@com.google.android.gms-vMamtU__I-ZCTe82hwbPzA==@base.apk@classes.dex with executable: 0
02-12 19:46:18.192  2261  2297 I artd    : OatFileAssistant test for existing oat file /data/dalvik-cache/x86_64/data@app@~~-29y4k5q0EyHjfoK-IJpRg==@com.google.android.gms-vMamtU__I-ZCTe82hwbPzA==@base.apk@classes.dex: File /data/dalvik-cache/x86_64/data@app@~~-29y4k5q0EyHjfoK-IJpRg==@com.google.android.gms-vMamtU__I-ZCTe82hwbPzA==@base.apk@classes.vdex does not exist.
02-12 19:46:18.192  2261  2297 I artd    : GetBestInfo checking odex next to the dex file (/data/app/~~-29y4k5q0EyHjfoK-IJpRg==/com.google.android.gms-vMamtU__I-ZCTe82hwbPzA==/oat/x86_64/base.odex)
02-12 19:46:18.192  2261  2297 I artd    : Loading /data/app/~~-29y4k5q0EyHjfoK-IJpRg==/com.google.android.gms-vMamtU__I-ZCTe82hwbPzA==/oat/x86_64/base.odex with executable: 0
02-12 19:46:18.195  2261  2297 I artd    : Successfully loaded /data/app/~~-29y4k5q0EyHjfoK-IJpRg==/com.google.android.gms-vMamtU__I-ZCTe82hwbPzA==/oat/x86_64/base.odex with executable: 0
02-12 19:46:18.195  2261  2297 I artd    : /data/app/~~-29y4k5q0EyHjfoK-IJpRg==/com.google.android.gms-vMamtU__I-ZCTe82hwbPzA==/oat/x86_64/base.odex is kOatUpToDate with filter speed-profile
02-12 19:46:18.202  2261  2297 I artd    : Dex parent of /data/app/~~-29y4k5q0EyHjfoK-IJpRg==/com.google.android.gms-vMamtU__I-ZCTe82hwbPzA==/split_AdsDynamite_installtime.apk is not writable: Permission denied
02-12 19:46:18.202  2261  2297 I artd    : GetBestInfo checking odex in dalvik-cache (/data/dalvik-cache/x86_64/data@app@~~-29y4k5q0EyHjfoK-IJpRg==@com.google.android.gms-vMamtU__I-ZCTe82hwbPzA==@split_AdsDynamite_installtime.apk@classes.dex)
02-12 19:46:18.202  2261  2297 I artd    : Loading /data/dalvik-cache/x86_64/data@app@~~-29y4k5q0EyHjfoK-IJpRg==@com.google.android.gms-vMamtU__I-ZCTe82hwbPzA==@split_AdsDynamite_installtime.apk@classes.dex with executable: 0
02-12 19:46:18.202  2261  2297 I artd    : OatFileAssistant test for existing oat file /data/dalvik-cache/x86_64/data@app@~~-29y4k5q0EyHjfoK-IJpRg==@com.google.android.gms-vMamtU__I-ZCTe82hwbPzA==@split_AdsDynamite_installtime.apk@classes.dex: File /data/dalvik-cache/x86_64/data@app@~~-29y4k5q0EyHjfoK-IJpRg==@com.google.android.gms-vMamtU__I-ZCTe82hwbPzA==@split_AdsDynamite_installtime.apk@classes.vdex does not exist.
02-12 19:46:18.202  2261  2297 I artd    : GetBestInfo checking odex next to the dex file (/data/app/~~-29y4k5q0EyHjfoK-IJpRg==/com.google.android.gms-vMamtU__I-ZCTe82hwbPzA==/oat/x86_64/split_AdsDynamite_installtime.odex)
02-12 19:46:18.202  2261  2297 I artd    : Loading /data/app/~~-29y4k5q0EyHjfoK-IJpRg==/com.google.android.gms-vMamtU__I-ZCTe82hwbPzA==/oat/x86_64/split_AdsDynamite_installtime.odex with executable: 0
02-12 19:46:18.202  2261  2297 I artd    : Successfully loaded /data/app/~~-29y4k5q0EyHjfoK-IJpRg==/com.google.android.gms-vMamtU__I-ZCTe82hwbPzA==/oat/x86_64/split_AdsDynamite_installtime.odex with executable: 0
02-12 19:46:18.203  2261  2297 I artd    : /data/app/~~-29y4k5q0EyHjfoK-IJpRg==/com.google.android.gms-vMamtU__I-ZCTe82hwbPzA==/oat/x86_64/split_AdsDynamite_installtime.odex is kOatUpToDate with filter speed
02-12 19:46:18.204  2261  2297 I artd    : Dex parent of /data/app/~~-29y4k5q0EyHjfoK-IJpRg==/com.google.android.gms-vMamtU__I-ZCTe82hwbPzA==/split_CronetDynamite_installtime.apk is not writable: Permission denied
02-12 19:46:18.204  2261  2297 I artd    : GetBestInfo checking odex in dalvik-cache (/data/dalvik-cache/x86_64/data@app@~~-29y4k5q0EyHjfoK-IJpRg==@com.google.android.gms-vMamtU__I-ZCTe82hwbPzA==@split_CronetDynamite_installtime.apk@classes.dex)
02-12 19:46:18.204  2261  2297 I artd    : Loading /data/dalvik-cache/x86_64/data@app@~~-29y4k5q0EyHjfoK-IJpRg==@com.google.android.gms-vMamtU__I-ZCTe82hwbPzA==@split_CronetDynamite_installtime.apk@classes.dex with executable: 0
02-12 19:46:18.204  2261  2297 I artd    : OatFileAssistant test for existing oat file /data/dalvik-cache/x86_64/data@app@~~-29y4k5q0EyHjfoK-IJpRg==@com.google.android.gms-vMamtU__I-ZCTe82hwbPzA==@split_CronetDynamite_installtime.apk@classes.dex: File /data/dalvik-cache/x86_64/data@app@~~-29y4k5q0EyHjfoK-IJpRg==@com.google.android.gms-vMamtU__I-ZCTe82hwbPzA==@split_CronetDynamite_installtime.apk@classes.vdex does not exist.
02-12 19:46:18.204  2261  2297 I artd    : GetBestInfo checking odex next to the dex file (/data/app/~~-29y4k5q0EyHjfoK-IJpRg==/com.google.android.gms-vMamtU__I-ZCTe82hwbPzA==/oat/x86_64/split_CronetDynamite_installtime.odex)
02-12 19:46:18.205  2261  2297 I artd    : Loading /data/app/~~-29y4k5q0EyHjfoK-IJpRg==/com.google.android.gms-vMamtU__I-ZCTe82hwbPzA==/oat/x86_64/split_CronetDynamite_installtime.odex with executable: 0
02-12 19:46:18.205  2261  2297 I artd    : Successfully loaded /data/app/~~-29y4k5q0EyHjfoK-IJpRg==/com.google.android.gms-vMamtU__I-ZCTe82hwbPzA==/oat/x86_64/split_CronetDynamite_installtime.odex with executable: 0
02-12 19:46:18.206  2261  2297 I artd    : /data/app/~~-29y4k5q0EyHjfoK-IJpRg==/com.google.android.gms-vMamtU__I-ZCTe82hwbPzA==/oat/x86_64/split_CronetDynamite_installtime.odex is kOatUpToDate with filter speed-profile
02-12 19:46:18.210  2261  2297 I artd    : Dex parent of /data/app/~~-29y4k5q0EyHjfoK-IJpRg==/com.google.android.gms-vMamtU__I-ZCTe82hwbPzA==/split_DynamiteLoader_installtime.apk is not writable: Permission denied
02-12 19:46:18.210  2261  2297 I artd    : GetBestInfo checking odex in dalvik-cache (/data/dalvik-cache/x86_64/data@app@~~-29y4k5q0EyHjfoK-IJpRg==@com.google.android.gms-vMamtU__I-ZCTe82hwbPzA==@split_DynamiteLoader_installtime.apk@classes.dex)
02-12 19:46:18.210  2261  2297 I artd    : Loading /data/dalvik-cache/x86_64/data@app@~~-29y4k5q0EyHjfoK-IJpRg==@com.google.android.gms-vMamtU__I-ZCTe82hwbPzA==@split_DynamiteLoader_installtime.apk@classes.dex with executable: 0
02-12 19:46:18.210  2261  2297 I artd    : OatFileAssistant test for existing oat file /data/dalvik-cache/x86_64/data@app@~~-29y4k5q0EyHjfoK-IJpRg==@com.google.android.gms-vMamtU__I-ZCTe82hwbPzA==@split_DynamiteLoader_installtime.apk@classes.dex: File /data/dalvik-cache/x86_64/data@app@~~-29y4k5q0EyHjfoK-IJpRg==@com.google.android.gms-vMamtU__I-ZCTe82hwbPzA==@split_DynamiteLoader_installtime.apk@classes.vdex does not exist.
02-12 19:46:18.210  2261  2297 I artd    : GetBestInfo checking odex next to the dex file (/data/app/~~-29y4k5q0EyHjfoK-IJpRg==/com.google.android.gms-vMamtU__I-ZCTe82hwbPzA==/oat/x86_64/split_DynamiteLoader_installtime.odex)
02-12 19:46:18.210  2261  2297 I artd    : Loading /data/app/~~-29y4k5q0EyHjfoK-IJpRg==/com.google.android.gms-vMamtU__I-ZCTe82hwbPzA==/oat/x86_64/split_DynamiteLoader_installtime.odex with executable: 0
02-12 19:46:18.211  2261  2297 I artd    : Successfully loaded /data/app/~~-29y4k5q0EyHjfoK-IJpRg==/com.google.android.gms-vMamtU__I-ZCTe82hwbPzA==/oat/x86_64/split_DynamiteLoader_installtime.odex with executable: 0
02-12 19:46:18.212  2261  2297 I artd    : /data/app/~~-29y4k5q0EyHjfoK-IJpRg==/com.google.android.gms-vMamtU__I-ZCTe82hwbPzA==/oat/x86_64/split_DynamiteLoader_installtime.odex is kOatUpToDate with filter speed
02-12 19:46:18.212   653   949 W IPCThreadState: Sending oneway calls to frozen process.
02-12 19:46:18.213   653   949 W IPCThreadState: Sending oneway calls to frozen process.
02-12 19:46:18.213   653   949 W IPCThreadState: Sending oneway calls to frozen process.
02-12 19:46:18.216  2261  2297 I artd    : Dex parent of /data/app/~~-29y4k5q0EyHjfoK-IJpRg==/com.google.android.gms-vMamtU__I-ZCTe82hwbPzA==/split_DynamiteModulesA_installtime.apk is not writable: Permission denied
02-12 19:46:18.216  2261  2297 I artd    : GetBestInfo checking odex in dalvik-cache (/data/dalvik-cache/x86_64/data@app@~~-29y4k5q0EyHjfoK-IJpRg==@com.google.android.gms-vMamtU__I-ZCTe82hwbPzA==@split_DynamiteModulesA_installtime.apk@classes.dex)
02-12 19:46:18.216  2261  2297 I artd    : Loading /data/dalvik-cache/x86_64/data@app@~~-29y4k5q0EyHjfoK-IJpRg==@com.google.android.gms-vMamtU__I-ZCTe82hwbPzA==@split_DynamiteModulesA_installtime.apk@classes.dex with executable: 0
02-12 19:46:18.216  2261  2297 I artd    : OatFileAssistant test for existing oat file /data/dalvik-cache/x86_64/data@app@~~-29y4k5q0EyHjfoK-IJpRg==@com.google.android.gms-vMamtU__I-ZCTe82hwbPzA==@split_DynamiteModulesA_installtime.apk@classes.dex: File /data/dalvik-cache/x86_64/data@app@~~-29y4k5q0EyHjfoK-IJpRg==@com.google.android.gms-vMamtU__I-ZCTe82hwbPzA==@split_DynamiteModulesA_installtime.apk@classes.vdex does not exist.
02-12 19:46:18.216  2261  2297 I artd    : GetBestInfo checking odex next to the dex file (/data/app/~~-29y4k5q0EyHjfoK-IJpRg==/com.google.android.gms-vMamtU__I-ZCTe82hwbPzA==/oat/x86_64/split_DynamiteModulesA_installtime.odex)
02-12 19:46:18.217  2261  2297 I artd    : Loading /data/app/~~-29y4k5q0EyHjfoK-IJpRg==/com.google.android.gms-vMamtU__I-ZCTe82hwbPzA==/oat/x86_64/split_DynamiteModulesA_installtime.odex with executable: 0
02-12 19:46:18.217  2261  2297 I artd    : Successfully loaded /data/app/~~-29y4k5q0EyHjfoK-IJpRg==/com.google.android.gms-vMamtU__I-ZCTe82hwbPzA==/oat/x86_64/split_DynamiteModulesA_installtime.odex with executable: 0
02-12 19:46:18.218  2261  2297 I artd    : /data/app/~~-29y4k5q0EyHjfoK-IJpRg==/com.google.android.gms-vMamtU__I-ZCTe82hwbPzA==/oat/x86_64/split_DynamiteModulesA_installtime.odex is kOatUpToDate with filter speed
02-12 19:46:18.223   653   949 W IPCThreadState: Sending oneway calls to frozen process.
02-12 19:46:18.223   653   949 W IPCThreadState: Sending oneway calls to frozen process.
02-12 19:46:18.229   653   949 W IPCThreadState: Sending oneway calls to frozen process.
02-12 19:46:18.229   653   949 W IPCThreadState: Sending oneway calls to frozen process.
02-12 19:46:18.229   653   949 W IPCThreadState: Sending oneway calls to frozen process.
02-12 19:46:18.229   653   949 W IPCThreadState: Sending oneway calls to frozen process.
02-12 19:46:18.229   653   949 W IPCThreadState: Sending oneway calls to frozen process.
02-12 19:46:18.229   653   949 W IPCThreadState: Sending oneway calls to frozen process.
02-12 19:46:18.234  1684  2589 I BugleRcsEngine: handleMessage processing message:[NOTIFY_UPTIME_IGNORE_STATE_CHANGED] with [non-null]:RcsEngineImpl reference [CONTEXT log_prefix="RcsEngineImpl[DUAL_REG]:[72809b4d-0d4f]>Handler" thread_id=63 ]
02-12 19:46:18.234  2261  2297 I artd    : Dex parent of /data/app/~~-29y4k5q0EyHjfoK-IJpRg==/com.google.android.gms-vMamtU__I-ZCTe82hwbPzA==/split_DynamiteModulesC_installtime.apk is not writable: Permission denied
02-12 19:46:18.234  2261  2297 I artd    : GetBestInfo checking odex in dalvik-cache (/data/dalvik-cache/x86_64/data@app@~~-29y4k5q0EyHjfoK-IJpRg==@com.google.android.gms-vMamtU__I-ZCTe82hwbPzA==@split_DynamiteModulesC_installtime.apk@classes.dex)
02-12 19:46:18.234  2261  2297 I artd    : Loading /data/dalvik-cache/x86_64/data@app@~~-29y4k5q0EyHjfoK-IJpRg==@com.google.android.gms-vMamtU__I-ZCTe82hwbPzA==@split_DynamiteModulesC_installtime.apk@classes.dex with executable: 0
02-12 19:46:18.235  2261  2297 I artd    : OatFileAssistant test for existing oat file /data/dalvik-cache/x86_64/data@app@~~-29y4k5q0EyHjfoK-IJpRg==@com.google.android.gms-vMamtU__I-ZCTe82hwbPzA==@split_DynamiteModulesC_installtime.apk@classes.dex: File /data/dalvik-cache/x86_64/data@app@~~-29y4k5q0EyHjfoK-IJpRg==@com.google.android.gms-vMamtU__I-ZCTe82hwbPzA==@split_DynamiteModulesC_installtime.apk@classes.vdex does not exist.
02-12 19:46:18.235  2261  2297 I artd    : GetBestInfo checking odex next to the dex file (/data/app/~~-29y4k5q0EyHjfoK-IJpRg==/com.google.android.gms-vMamtU__I-ZCTe82hwbPzA==/oat/x86_64/split_DynamiteModulesC_installtime.odex)
02-12 19:46:18.235  2261  2297 I artd    : Loading /data/app/~~-29y4k5q0EyHjfoK-IJpRg==/com.google.android.gms-vMamtU__I-ZCTe82hwbPzA==/oat/x86_64/split_DynamiteModulesC_installtime.odex with executable: 0
02-12 19:46:18.235  2261  2297 I artd    : Successfully loaded /data/app/~~-29y4k5q0EyHjfoK-IJpRg==/com.google.android.gms-vMamtU__I-ZCTe82hwbPzA==/oat/x86_64/split_DynamiteModulesC_installtime.odex with executable: 0
02-12 19:46:18.235  2261  2297 I artd    : /data/app/~~-29y4k5q0EyHjfoK-IJpRg==/com.google.android.gms-vMamtU__I-ZCTe82hwbPzA==/oat/x86_64/split_DynamiteModulesC_installtime.odex is kOatUpToDate with filter speed
02-12 19:46:18.243  1684  2336 I BugleRcsEngine: Connected state: [1], networkType: [WIFI] [CONTEXT thread_id=57 ]
02-12 19:46:18.244 10601 10731 V Capacitor/NetworkPlugin: Notifying listeners for event networkStatusChange
02-12 19:46:18.246  2261  2297 I artd    : Dex parent of /data/app/~~-29y4k5q0EyHjfoK-IJpRg==/com.google.android.gms-vMamtU__I-ZCTe82hwbPzA==/split_GoogleCertificates_installtime.apk is not writable: Permission denied
02-12 19:46:18.246  2261  2297 I artd    : GetBestInfo checking odex in dalvik-cache (/data/dalvik-cache/x86_64/data@app@~~-29y4k5q0EyHjfoK-IJpRg==@com.google.android.gms-vMamtU__I-ZCTe82hwbPzA==@split_GoogleCertificates_installtime.apk@classes.dex)
02-12 19:46:18.246  2261  2297 I artd    : Loading /data/dalvik-cache/x86_64/data@app@~~-29y4k5q0EyHjfoK-IJpRg==@com.google.android.gms-vMamtU__I-ZCTe82hwbPzA==@split_GoogleCertificates_installtime.apk@classes.dex with executable: 0
02-12 19:46:18.246  2261  2297 I artd    : OatFileAssistant test for existing oat file /data/dalvik-cache/x86_64/data@app@~~-29y4k5q0EyHjfoK-IJpRg==@com.google.android.gms-vMamtU__I-ZCTe82hwbPzA==@split_GoogleCertificates_installtime.apk@classes.dex: File /data/dalvik-cache/x86_64/data@app@~~-29y4k5q0EyHjfoK-IJpRg==@com.google.android.gms-vMamtU__I-ZCTe82hwbPzA==@split_GoogleCertificates_installtime.apk@classes.vdex does not exist.
02-12 19:46:18.247  2261  2297 I artd    : GetBestInfo checking odex next to the dex file (/data/app/~~-29y4k5q0EyHjfoK-IJpRg==/com.google.android.gms-vMamtU__I-ZCTe82hwbPzA==/oat/x86_64/split_GoogleCertificates_installtime.odex)
02-12 19:46:18.247  2261  2297 I artd    : Loading /data/app/~~-29y4k5q0EyHjfoK-IJpRg==/com.google.android.gms-vMamtU__I-ZCTe82hwbPzA==/oat/x86_64/split_GoogleCertificates_installtime.odex with executable: 0
02-12 19:46:18.248  2261  2297 I artd    : Successfully loaded /data/app/~~-29y4k5q0EyHjfoK-IJpRg==/com.google.android.gms-vMamtU__I-ZCTe82hwbPzA==/oat/x86_64/split_GoogleCertificates_installtime.odex with executable: 0
02-12 19:46:18.248  2261  2297 I artd    : /data/app/~~-29y4k5q0EyHjfoK-IJpRg==/com.google.android.gms-vMamtU__I-ZCTe82hwbPzA==/oat/x86_64/split_GoogleCertificates_installtime.odex is kOatUpToDate with filter speed
02-12 19:46:18.260  1684  2589 I BugleRcsEngine: No RCS Configuration was found in Bugle for simID: redacted-pii:sim_id[chars:20,last3:897] [CONTEXT log_prefix="ProvisioningEngineDataRetriever" thread_id=63 ]
02-12 19:46:18.265  1358  1812 I NullBinder: NullBinder for android.net.action.RECOMMEND_NETWORKS triggering remote TransactionTooLargeException due to Service without Chimera impl, calling uid: 1000, calling pid: 0
02-12 19:46:18.266  1358  1812 W .gms.persistent: Large reply transaction of 1056768 bytes, interface descriptor , code 1
02-12 19:46:18.271 10601 10601 I Capacitor/Console: File: http://10.0.2.2:3000/_next/static/chunks/node_modules_next_dist_f3530cac._.js - Line 2298 - Msg: {"connected":true,"connectionType":"wifi"}
02-12 19:46:18.277  2261  2297 I artd    : Dex parent of /data/app/~~-29y4k5q0EyHjfoK-IJpRg==/com.google.android.gms-vMamtU__I-ZCTe82hwbPzA==/split_MapsDynamite_installtime.apk is not writable: Permission denied
02-12 19:46:18.277  2261  2297 I artd    : GetBestInfo checking odex in dalvik-cache (/data/dalvik-cache/x86_64/data@app@~~-29y4k5q0EyHjfoK-IJpRg==@com.google.android.gms-vMamtU__I-ZCTe82hwbPzA==@split_MapsDynamite_installtime.apk@classes.dex)
02-12 19:46:18.277  2261  2297 I artd    : Loading /data/dalvik-cache/x86_64/data@app@~~-29y4k5q0EyHjfoK-IJpRg==@com.google.android.gms-vMamtU__I-ZCTe82hwbPzA==@split_MapsDynamite_installtime.apk@classes.dex with executable: 0
02-12 19:46:18.277  2261  2297 I artd    : OatFileAssistant test for existing oat file /data/dalvik-cache/x86_64/data@app@~~-29y4k5q0EyHjfoK-IJpRg==@com.google.android.gms-vMamtU__I-ZCTe82hwbPzA==@split_MapsDynamite_installtime.apk@classes.dex: File /data/dalvik-cache/x86_64/data@app@~~-29y4k5q0EyHjfoK-IJpRg==@com.google.android.gms-vMamtU__I-ZCTe82hwbPzA==@split_MapsDynamite_installtime.apk@classes.vdex does not exist.
02-12 19:46:18.277  2261  2297 I artd    : GetBestInfo checking odex next to the dex file (/data/app/~~-29y4k5q0EyHjfoK-IJpRg==/com.google.android.gms-vMamtU__I-ZCTe82hwbPzA==/oat/x86_64/split_MapsDynamite_installtime.odex)
02-12 19:46:18.277  2261  2297 I artd    : Loading /data/app/~~-29y4k5q0EyHjfoK-IJpRg==/com.google.android.gms-vMamtU__I-ZCTe82hwbPzA==/oat/x86_64/split_MapsDynamite_installtime.odex with executable: 0
02-12 19:46:18.278  2261  2297 I artd    : Successfully loaded /data/app/~~-29y4k5q0EyHjfoK-IJpRg==/com.google.android.gms-vMamtU__I-ZCTe82hwbPzA==/oat/x86_64/split_MapsDynamite_installtime.odex with executable: 0
02-12 19:46:18.279  2261  2297 I artd    : /data/app/~~-29y4k5q0EyHjfoK-IJpRg==/com.google.android.gms-vMamtU__I-ZCTe82hwbPzA==/oat/x86_64/split_MapsDynamite_installtime.odex is kOatUpToDate with filter speed
02-12 19:46:18.283  2261  2297 I artd    : Dex parent of /data/app/~~-29y4k5q0EyHjfoK-IJpRg==/com.google.android.gms-vMamtU__I-ZCTe82hwbPzA==/split_MeasurementDynamite_installtime.apk is not writable: Permission denied
02-12 19:46:18.284  2261  2297 I artd    : GetBestInfo checking odex in dalvik-cache (/data/dalvik-cache/x86_64/data@app@~~-29y4k5q0EyHjfoK-IJpRg==@com.google.android.gms-vMamtU__I-ZCTe82hwbPzA==@split_MeasurementDynamite_installtime.apk@classes.dex)
02-12 19:46:18.284  2261  2297 I artd    : Loading /data/dalvik-cache/x86_64/data@app@~~-29y4k5q0EyHjfoK-IJpRg==@com.google.android.gms-vMamtU__I-ZCTe82hwbPzA==@split_MeasurementDynamite_installtime.apk@classes.dex with executable: 0
02-12 19:46:18.284  2261  2297 I artd    : OatFileAssistant test for existing oat file /data/dalvik-cache/x86_64/data@app@~~-29y4k5q0EyHjfoK-IJpRg==@com.google.android.gms-vMamtU__I-ZCTe82hwbPzA==@split_MeasurementDynamite_installtime.apk@classes.dex: File /data/dalvik-cache/x86_64/data@app@~~-29y4k5q0EyHjfoK-IJpRg==@com.google.android.gms-vMamtU__I-ZCTe82hwbPzA==@split_MeasurementDynamite_installtime.apk@classes.vdex does not exist.
02-12 19:46:18.284  2261  2297 I artd    : GetBestInfo checking odex next to the dex file (/data/app/~~-29y4k5q0EyHjfoK-IJpRg==/com.google.android.gms-vMamtU__I-ZCTe82hwbPzA==/oat/x86_64/split_MeasurementDynamite_installtime.odex)
02-12 19:46:18.284  2261  2297 I artd    : Loading /data/app/~~-29y4k5q0EyHjfoK-IJpRg==/com.google.android.gms-vMamtU__I-ZCTe82hwbPzA==/oat/x86_64/split_MeasurementDynamite_installtime.odex with executable: 0
02-12 19:46:18.285  2261  2297 I artd    : Successfully loaded /data/app/~~-29y4k5q0EyHjfoK-IJpRg==/com.google.android.gms-vMamtU__I-ZCTe82hwbPzA==/oat/x86_64/split_MeasurementDynamite_installtime.odex with executable: 0
02-12 19:46:18.285  2261  2297 I artd    : /data/app/~~-29y4k5q0EyHjfoK-IJpRg==/com.google.android.gms-vMamtU__I-ZCTe82hwbPzA==/oat/x86_64/split_MeasurementDynamite_installtime.odex is kOatUpToDate with filter speed
02-12 19:46:18.290  2261  2297 I artd    : Dex parent of /data/app/~~-29y4k5q0EyHjfoK-IJpRg==/com.google.android.gms-vMamtU__I-ZCTe82hwbPzA==/split_all_locale_splits.apk is not writable: Permission denied
02-12 19:46:18.290  2261  2297 I artd    : GetBestInfo checking odex in dalvik-cache (/data/dalvik-cache/x86_64/data@app@~~-29y4k5q0EyHjfoK-IJpRg==@com.google.android.gms-vMamtU__I-ZCTe82hwbPzA==@split_all_locale_splits.apk@classes.dex)
02-12 19:46:18.290  2261  2297 I artd    : Loading /data/dalvik-cache/x86_64/data@app@~~-29y4k5q0EyHjfoK-IJpRg==@com.google.android.gms-vMamtU__I-ZCTe82hwbPzA==@split_all_locale_splits.apk@classes.dex with executable: 0
02-12 19:46:18.290  2261  2297 I artd    : OatFileAssistant test for existing oat file /data/dalvik-cache/x86_64/data@app@~~-29y4k5q0EyHjfoK-IJpRg==@com.google.android.gms-vMamtU__I-ZCTe82hwbPzA==@split_all_locale_splits.apk@classes.dex: File /data/dalvik-cache/x86_64/data@app@~~-29y4k5q0EyHjfoK-IJpRg==@com.google.android.gms-vMamtU__I-ZCTe82hwbPzA==@split_all_locale_splits.apk@classes.vdex does not exist.
02-12 19:46:18.290  2261  2297 I artd    : GetBestInfo checking odex next to the dex file (/data/app/~~-29y4k5q0EyHjfoK-IJpRg==/com.google.android.gms-vMamtU__I-ZCTe82hwbPzA==/oat/x86_64/split_all_locale_splits.odex)
02-12 19:46:18.290  2261  2297 I artd    : Loading /data/app/~~-29y4k5q0EyHjfoK-IJpRg==/com.google.android.gms-vMamtU__I-ZCTe82hwbPzA==/oat/x86_64/split_all_locale_splits.odex with executable: 0
02-12 19:46:18.290  2261  2297 I artd    : Successfully loaded /data/app/~~-29y4k5q0EyHjfoK-IJpRg==/com.google.android.gms-vMamtU__I-ZCTe82hwbPzA==/oat/x86_64/split_all_locale_splits.odex with executable: 0
02-12 19:46:18.291  2261  2297 I artd    : /data/app/~~-29y4k5q0EyHjfoK-IJpRg==/com.google.android.gms-vMamtU__I-ZCTe82hwbPzA==/oat/x86_64/split_all_locale_splits.odex is kOatUpToDate with filter speed
02-12 19:46:18.295  2261  2297 I artd    : Dex parent of /data/app/~~-29y4k5q0EyHjfoK-IJpRg==/com.google.android.gms-vMamtU__I-ZCTe82hwbPzA==/split_maps_core_dynamite_ondemand.apk is not writable: Permission denied
02-12 19:46:18.295  2261  2297 I artd    : GetBestInfo checking odex in dalvik-cache (/data/dalvik-cache/x86_64/data@app@~~-29y4k5q0EyHjfoK-IJpRg==@com.google.android.gms-vMamtU__I-ZCTe82hwbPzA==@split_maps_core_dynamite_ondemand.apk@classes.dex)
02-12 19:46:18.295  2261  2297 I artd    : Loading /data/dalvik-cache/x86_64/data@app@~~-29y4k5q0EyHjfoK-IJpRg==@com.google.android.gms-vMamtU__I-ZCTe82hwbPzA==@split_maps_core_dynamite_ondemand.apk@classes.dex with executable: 0
02-12 19:46:18.295  2261  2297 I artd    : OatFileAssistant test for existing oat file /data/dalvik-cache/x86_64/data@app@~~-29y4k5q0EyHjfoK-IJpRg==@com.google.android.gms-vMamtU__I-ZCTe82hwbPzA==@split_maps_core_dynamite_ondemand.apk@classes.dex: File /data/dalvik-cache/x86_64/data@app@~~-29y4k5q0EyHjfoK-IJpRg==@com.google.android.gms-vMamtU__I-ZCTe82hwbPzA==@split_maps_core_dynamite_ondemand.apk@classes.vdex does not exist.
02-12 19:46:18.295  2261  2297 I artd    : GetBestInfo checking odex next to the dex file (/data/app/~~-29y4k5q0EyHjfoK-IJpRg==/com.google.android.gms-vMamtU__I-ZCTe82hwbPzA==/oat/x86_64/split_maps_core_dynamite_ondemand.odex)
02-12 19:46:18.295  2261  2297 I artd    : Loading /data/app/~~-29y4k5q0EyHjfoK-IJpRg==/com.google.android.gms-vMamtU__I-ZCTe82hwbPzA==/oat/x86_64/split_maps_core_dynamite_ondemand.odex with executable: 0
02-12 19:46:18.295  2261  2297 I artd    : OatFileAssistant test for existing oat file /data/app/~~-29y4k5q0EyHjfoK-IJpRg==/com.google.android.gms-vMamtU__I-ZCTe82hwbPzA==/oat/x86_64/split_maps_core_dynamite_ondemand.odex: File /data/app/~~-29y4k5q0EyHjfoK-IJpRg==/com.google.android.gms-vMamtU__I-ZCTe82hwbPzA==/oat/x86_64/split_maps_core_dynamite_ondemand.vdex does not exist.
02-12 19:46:18.295  2261  2297 I artd    : GetBestInfo checking vdex in dalvik-cache (/data/dalvik-cache/x86_64/data@app@~~-29y4k5q0EyHjfoK-IJpRg==@com.google.android.gms-vMamtU__I-ZCTe82hwbPzA==@split_maps_core_dynamite_ondemand.apk@classes.vdex)
02-12 19:46:18.295  2261  2297 I artd    : unable to open vdex file /data/dalvik-cache/x86_64/data@app@~~-29y4k5q0EyHjfoK-IJpRg==@com.google.android.gms-vMamtU__I-ZCTe82hwbPzA==@split_maps_core_dynamite_ondemand.apk@classes.vdex: File /data/dalvik-cache/x86_64/data@app@~~-29y4k5q0EyHjfoK-IJpRg==@com.google.android.gms-vMamtU__I-ZCTe82hwbPzA==@split_maps_core_dynamite_ondemand.apk@classes.vdex does not exist.
02-12 19:46:18.295  2261  2297 I artd    : OatFileAssistant test for existing oat file /data/dalvik-cache/x86_64/data@app@~~-29y4k5q0EyHjfoK-IJpRg==@com.google.android.gms-vMamtU__I-ZCTe82hwbPzA==@split_maps_core_dynamite_ondemand.apk@classes.vdex: File /data/dalvik-cache/x86_64/data@app@~~-29y4k5q0EyHjfoK-IJpRg==@com.google.android.gms-vMamtU__I-ZCTe82hwbPzA==@split_maps_core_dynamite_ondemand.apk@classes.vdex does not exist.
02-12 19:46:18.295  2261  2297 I artd    : GetBestInfo checking vdex next to the dex file (/data/app/~~-29y4k5q0EyHjfoK-IJpRg==/com.google.android.gms-vMamtU__I-ZCTe82hwbPzA==/oat/x86_64/split_maps_core_dynamite_ondemand.vdex)
02-12 19:46:18.295  2261  2297 I artd    : unable to open vdex file /data/app/~~-29y4k5q0EyHjfoK-IJpRg==/com.google.android.gms-vMamtU__I-ZCTe82hwbPzA==/oat/x86_64/split_maps_core_dynamite_ondemand.vdex: File /data/app/~~-29y4k5q0EyHjfoK-IJpRg==/com.google.android.gms-vMamtU__I-ZCTe82hwbPzA==/oat/x86_64/split_maps_core_dynamite_ondemand.vdex does not exist.
02-12 19:46:18.295  2261  2297 I artd    : OatFileAssistant test for existing oat file /data/app/~~-29y4k5q0EyHjfoK-IJpRg==/com.google.android.gms-vMamtU__I-ZCTe82hwbPzA==/oat/x86_64/split_maps_core_dynamite_ondemand.vdex: File /data/app/~~-29y4k5q0EyHjfoK-IJpRg==/com.google.android.gms-vMamtU__I-ZCTe82hwbPzA==/oat/x86_64/split_maps_core_dynamite_ondemand.vdex does not exist.
02-12 19:46:18.295  2261  2297 I artd    : GetBestInfo checking dm (/data/app/~~-29y4k5q0EyHjfoK-IJpRg==/com.google.android.gms-vMamtU__I-ZCTe82hwbPzA==/split_maps_core_dynamite_ondemand.dm)
02-12 19:46:18.295  2261  2297 W ziparchive: Unable to open '/data/app/~~-29y4k5q0EyHjfoK-IJpRg==/com.google.android.gms-vMamtU__I-ZCTe82hwbPzA==/split_maps_core_dynamite_ondemand.dm': No such file or directory
02-12 19:46:18.295  2261  2297 I artd    : OatFileAssistant test for existing oat file /data/app/~~-29y4k5q0EyHjfoK-IJpRg==/com.google.android.gms-vMamtU__I-ZCTe82hwbPzA==/split_maps_core_dynamite_ondemand.dm: I/O error
02-12 19:46:18.295  2261  2297 I artd    : GetBestInfo checking dm (/data/app/~~-29y4k5q0EyHjfoK-IJpRg==/com.google.android.gms-vMamtU__I-ZCTe82hwbPzA==/split_maps_core_dynamite_ondemand.dm)
02-12 19:46:18.295  2261  2297 W ziparchive: Unable to open '/data/app/~~-29y4k5q0EyHjfoK-IJpRg==/com.google.android.gms-vMamtU__I-ZCTe82hwbPzA==/split_maps_core_dynamite_ondemand.dm': No such file or directory
02-12 19:46:18.295  2261  2297 I artd    : OatFileAssistant test for existing oat file /data/app/~~-29y4k5q0EyHjfoK-IJpRg==/com.google.android.gms-vMamtU__I-ZCTe82hwbPzA==/split_maps_core_dynamite_ondemand.dm: I/O error
02-12 19:46:18.295  2261  2297 I artd    : GetBestInfo no usable artifacts
02-12 19:46:18.299  2261  2297 I artd    : Dex parent of /data/user_de/0/com.google.android.gms/app_chimera/m/0000000f/dl-Appsearch.optional_260235100800.apk is not writable: Permission denied
02-12 19:46:18.299  2261  2297 I artd    : GetBestInfo checking odex in dalvik-cache (/data/dalvik-cache/x86_64/data@user_de@0@com.google.android.gms@app_chimera@m@0000000f@dl-Appsearch.optional_260235100800.apk@classes.dex)
02-12 19:46:18.299  2261  2297 I artd    : Loading /data/dalvik-cache/x86_64/data@user_de@0@com.google.android.gms@app_chimera@m@0000000f@dl-Appsearch.optional_260235100800.apk@classes.dex with executable: 0
02-12 19:46:18.299  2261  2297 I artd    : OatFileAssistant test for existing oat file /data/dalvik-cache/x86_64/data@user_de@0@com.google.android.gms@app_chimera@m@0000000f@dl-Appsearch.optional_260235100800.apk@classes.dex: File /data/dalvik-cache/x86_64/data@user_de@0@com.google.android.gms@app_chimera@m@0000000f@dl-Appsearch.optional_260235100800.apk@classes.vdex does not exist.
02-12 19:46:18.299  2261  2297 I artd    : GetBestInfo checking odex next to the dex file (/data/user_de/0/com.google.android.gms/app_chimera/m/0000000f/oat/x86_64/dl-Appsearch.optional_260235100800.odex)
02-12 19:46:18.299  2261  2297 I artd    : Loading /data/user_de/0/com.google.android.gms/app_chimera/m/0000000f/oat/x86_64/dl-Appsearch.optional_260235100800.odex with executable: 0
02-12 19:46:18.299  2261  2297 I artd    : OatFileAssistant test for existing oat file /data/user_de/0/com.google.android.gms/app_chimera/m/0000000f/oat/x86_64/dl-Appsearch.optional_260235100800.odex: File /data/user_de/0/com.google.android.gms/app_chimera/m/0000000f/oat/x86_64/dl-Appsearch.optional_260235100800.vdex does not exist.
02-12 19:46:18.299  2261  2297 I artd    : GetBestInfo checking vdex in dalvik-cache (/data/dalvik-cache/x86_64/data@user_de@0@com.google.android.gms@app_chimera@m@0000000f@dl-Appsearch.optional_260235100800.apk@classes.vdex)
02-12 19:46:18.299  2261  2297 I artd    : unable to open vdex file /data/dalvik-cache/x86_64/data@user_de@0@com.google.android.gms@app_chimera@m@0000000f@dl-Appsearch.optional_260235100800.apk@classes.vdex: File /data/dalvik-cache/x86_64/data@user_de@0@com.google.android.gms@app_chimera@m@0000000f@dl-Appsearch.optional_260235100800.apk@classes.vdex does not exist.
02-12 19:46:18.299  2261  2297 I artd    : OatFileAssistant test for existing oat file /data/dalvik-cache/x86_64/data@user_de@0@com.google.android.gms@app_chimera@m@0000000f@dl-Appsearch.optional_260235100800.apk@classes.vdex: File /data/dalvik-cache/x86_64/data@user_de@0@com.google.android.gms@app_chimera@m@0000000f@dl-Appsearch.optional_260235100800.apk@classes.vdex does not exist.
02-12 19:46:18.299  2261  2297 I artd    : GetBestInfo checking vdex next to the dex file (/data/user_de/0/com.google.android.gms/app_chimera/m/0000000f/oat/x86_64/dl-Appsearch.optional_260235100800.vdex)
02-12 19:46:18.299  2261  2297 I artd    : unable to open vdex file /data/user_de/0/com.google.android.gms/app_chimera/m/0000000f/oat/x86_64/dl-Appsearch.optional_260235100800.vdex: File /data/user_de/0/com.google.android.gms/app_chimera/m/0000000f/oat/x86_64/dl-Appsearch.optional_260235100800.vdex does not exist.
02-12 19:46:18.299  2261  2297 I artd    : OatFileAssistant test for existing oat file /data/user_de/0/com.google.android.gms/app_chimera/m/0000000f/oat/x86_64/dl-Appsearch.optional_260235100800.vdex: File /data/user_de/0/com.google.android.gms/app_chimera/m/0000000f/oat/x86_64/dl-Appsearch.optional_260235100800.vdex does not exist.
02-12 19:46:18.299  2261  2297 I artd    : GetBestInfo checking dm (/data/user_de/0/com.google.android.gms/app_chimera/m/0000000f/dl-Appsearch.optional_260235100800.dm)
02-12 19:46:18.299  2261  2297 W ziparchive: Unable to open '/data/user_de/0/com.google.android.gms/app_chimera/m/0000000f/dl-Appsearch.optional_260235100800.dm': No such file or directory
02-12 19:46:18.299  2261  2297 I artd    : OatFileAssistant test for existing oat file /data/user_de/0/com.google.android.gms/app_chimera/m/0000000f/dl-Appsearch.optional_260235100800.dm: I/O error
02-12 19:46:18.299  2261  2297 I artd    : GetBestInfo checking dm (/data/user_de/0/com.google.android.gms/app_chimera/m/0000000f/dl-Appsearch.optional_260235100800.dm)
02-12 19:46:18.300  2261  2297 W ziparchive: Unable to open '/data/user_de/0/com.google.android.gms/app_chimera/m/0000000f/dl-Appsearch.optional_260235100800.dm': No such file or directory
02-12 19:46:18.300  2261  2297 I artd    : OatFileAssistant test for existing oat file /data/user_de/0/com.google.android.gms/app_chimera/m/0000000f/dl-Appsearch.optional_260235100800.dm: I/O error
02-12 19:46:18.300  2261  2297 I artd    : GetBestInfo no usable artifacts
02-12 19:46:18.303  2261  2297 I artd    : Dex parent of /data/user_de/0/com.google.android.gms/app_chimera/m/0000000d/dl-MlkitBarcodeUi.optional_260235100800.apk is not writable: Permission denied
02-12 19:46:18.303  2261  2297 I artd    : GetBestInfo checking odex in dalvik-cache (/data/dalvik-cache/x86_64/data@user_de@0@com.google.android.gms@app_chimera@m@0000000d@dl-MlkitBarcodeUi.optional_260235100800.apk@classes.dex)
02-12 19:46:18.303  2261  2297 I artd    : Loading /data/dalvik-cache/x86_64/data@user_de@0@com.google.android.gms@app_chimera@m@0000000d@dl-MlkitBarcodeUi.optional_260235100800.apk@classes.dex with executable: 0
02-12 19:46:18.303  2261  2297 I artd    : OatFileAssistant test for existing oat file /data/dalvik-cache/x86_64/data@user_de@0@com.google.android.gms@app_chimera@m@0000000d@dl-MlkitBarcodeUi.optional_260235100800.apk@classes.dex: File /data/dalvik-cache/x86_64/data@user_de@0@com.google.android.gms@app_chimera@m@0000000d@dl-MlkitBarcodeUi.optional_260235100800.apk@classes.vdex does not exist.
02-12 19:46:18.303  2261  2297 I artd    : GetBestInfo checking odex next to the dex file (/data/user_de/0/com.google.android.gms/app_chimera/m/0000000d/oat/x86_64/dl-MlkitBarcodeUi.optional_260235100800.odex)
02-12 19:46:18.303  2261  2297 I artd    : Loading /data/user_de/0/com.google.android.gms/app_chimera/m/0000000d/oat/x86_64/dl-MlkitBarcodeUi.optional_260235100800.odex with executable: 0
02-12 19:46:18.303  2261  2297 I artd    : OatFileAssistant test for existing oat file /data/user_de/0/com.google.android.gms/app_chimera/m/0000000d/oat/x86_64/dl-MlkitBarcodeUi.optional_260235100800.odex: File /data/user_de/0/com.google.android.gms/app_chimera/m/0000000d/oat/x86_64/dl-MlkitBarcodeUi.optional_260235100800.vdex does not exist.
02-12 19:46:18.303  2261  2297 I artd    : GetBestInfo checking vdex in dalvik-cache (/data/dalvik-cache/x86_64/data@user_de@0@com.google.android.gms@app_chimera@m@0000000d@dl-MlkitBarcodeUi.optional_260235100800.apk@classes.vdex)
02-12 19:46:18.303  2261  2297 I artd    : unable to open vdex file /data/dalvik-cache/x86_64/data@user_de@0@com.google.android.gms@app_chimera@m@0000000d@dl-MlkitBarcodeUi.optional_260235100800.apk@classes.vdex: File /data/dalvik-cache/x86_64/data@user_de@0@com.google.android.gms@app_chimera@m@0000000d@dl-MlkitBarcodeUi.optional_260235100800.apk@classes.vdex does not exist.
02-12 19:46:18.303  2261  2297 I artd    : OatFileAssistant test for existing oat file /data/dalvik-cache/x86_64/data@user_de@0@com.google.android.gms@app_chimera@m@0000000d@dl-MlkitBarcodeUi.optional_260235100800.apk@classes.vdex: File /data/dalvik-cache/x86_64/data@user_de@0@com.google.android.gms@app_chimera@m@0000000d@dl-MlkitBarcodeUi.optional_260235100800.apk@classes.vdex does not exist.
02-12 19:46:18.304  2261  2297 I artd    : GetBestInfo checking vdex next to the dex file (/data/user_de/0/com.google.android.gms/app_chimera/m/0000000d/oat/x86_64/dl-MlkitBarcodeUi.optional_260235100800.vdex)
02-12 19:46:18.304  2261  2297 I artd    : unable to open vdex file /data/user_de/0/com.google.android.gms/app_chimera/m/0000000d/oat/x86_64/dl-MlkitBarcodeUi.optional_260235100800.vdex: File /data/user_de/0/com.google.android.gms/app_chimera/m/0000000d/oat/x86_64/dl-MlkitBarcodeUi.optional_260235100800.vdex does not exist.
02-12 19:46:18.304  2261  2297 I artd    : OatFileAssistant test for existing oat file /data/user_de/0/com.google.android.gms/app_chimera/m/0000000d/oat/x86_64/dl-MlkitBarcodeUi.optional_260235100800.vdex: File /data/user_de/0/com.google.android.gms/app_chimera/m/0000000d/oat/x86_64/dl-MlkitBarcodeUi.optional_260235100800.vdex does not exist.
02-12 19:46:18.304  2261  2297 I artd    : GetBestInfo checking dm (/data/user_de/0/com.google.android.gms/app_chimera/m/0000000d/dl-MlkitBarcodeUi.optional_260235100800.dm)
02-12 19:46:18.304  2261  2297 W ziparchive: Unable to open '/data/user_de/0/com.google.android.gms/app_chimera/m/0000000d/dl-MlkitBarcodeUi.optional_260235100800.dm': No such file or directory
02-12 19:46:18.304  2261  2297 I artd    : OatFileAssistant test for existing oat file /data/user_de/0/com.google.android.gms/app_chimera/m/0000000d/dl-MlkitBarcodeUi.optional_260235100800.dm: I/O error
02-12 19:46:18.304  2261  2297 I artd    : GetBestInfo checking dm (/data/user_de/0/com.google.android.gms/app_chimera/m/0000000d/dl-MlkitBarcodeUi.optional_260235100800.dm)
02-12 19:46:18.304  2261  2297 W ziparchive: Unable to open '/data/user_de/0/com.google.android.gms/app_chimera/m/0000000d/dl-MlkitBarcodeUi.optional_260235100800.dm': No such file or directory
02-12 19:46:18.304  2261  2297 I artd    : OatFileAssistant test for existing oat file /data/user_de/0/com.google.android.gms/app_chimera/m/0000000d/dl-MlkitBarcodeUi.optional_260235100800.dm: I/O error
02-12 19:46:18.304  2261  2297 I artd    : GetBestInfo no usable artifacts
02-12 19:46:18.307  2261  2297 I artd    : Dex parent of /data/user_de/0/com.google.android.gms/app_chimera/m/00000002/DynamiteLoader.uncompressed.apk is not writable: No such file or directory
02-12 19:46:18.307  2261  2297 I artd    : GetBestInfo checking odex in dalvik-cache (/data/dalvik-cache/x86_64/data@user_de@0@com.google.android.gms@app_chimera@m@00000002@DynamiteLoader.uncompressed.apk@classes.dex)
02-12 19:46:18.307  2261  2297 I artd    : Loading /data/dalvik-cache/x86_64/data@user_de@0@com.google.android.gms@app_chimera@m@00000002@DynamiteLoader.uncompressed.apk@classes.dex with executable: 0
02-12 19:46:18.308  2261  2297 I artd    : OatFileAssistant test for existing oat file /data/dalvik-cache/x86_64/data@user_de@0@com.google.android.gms@app_chimera@m@00000002@DynamiteLoader.uncompressed.apk@classes.dex: File /data/dalvik-cache/x86_64/data@user_de@0@com.google.android.gms@app_chimera@m@00000002@DynamiteLoader.uncompressed.apk@classes.vdex does not exist.
02-12 19:46:18.308  2261  2297 I artd    : GetBestInfo checking odex next to the dex file (/data/user_de/0/com.google.android.gms/app_chimera/m/00000002/oat/x86_64/DynamiteLoader.uncompressed.odex)
02-12 19:46:18.308  2261  2297 I artd    : Loading /data/user_de/0/com.google.android.gms/app_chimera/m/00000002/oat/x86_64/DynamiteLoader.uncompressed.odex with executable: 0
02-12 19:46:18.309  2261  2297 I artd    : OatFileAssistant test for existing oat file /data/user_de/0/com.google.android.gms/app_chimera/m/00000002/oat/x86_64/DynamiteLoader.uncompressed.odex: File /data/user_de/0/com.google.android.gms/app_chimera/m/00000002/oat/x86_64/DynamiteLoader.uncompressed.vdex does not exist.
02-12 19:46:18.309  2261  2297 I artd    : GetBestInfo checking vdex in dalvik-cache (/data/dalvik-cache/x86_64/data@user_de@0@com.google.android.gms@app_chimera@m@00000002@DynamiteLoader.uncompressed.apk@classes.vdex)
02-12 19:46:18.310  2261  2297 I artd    : unable to open vdex file /data/dalvik-cache/x86_64/data@user_de@0@com.google.android.gms@app_chimera@m@00000002@DynamiteLoader.uncompressed.apk@classes.vdex: File /data/dalvik-cache/x86_64/data@user_de@0@com.google.android.gms@app_chimera@m@00000002@DynamiteLoader.uncompressed.apk@classes.vdex does not exist.
02-12 19:46:18.310  2261  2297 I artd    : OatFileAssistant test for existing oat file /data/dalvik-cache/x86_64/data@user_de@0@com.google.android.gms@app_chimera@m@00000002@DynamiteLoader.uncompressed.apk@classes.vdex: File /data/dalvik-cache/x86_64/data@user_de@0@com.google.android.gms@app_chimera@m@00000002@DynamiteLoader.uncompressed.apk@classes.vdex does not exist.
02-12 19:46:18.310  2261  2297 I artd    : GetBestInfo checking vdex next to the dex file (/data/user_de/0/com.google.android.gms/app_chimera/m/00000002/oat/x86_64/DynamiteLoader.uncompressed.vdex)
02-12 19:46:18.310  2261  2297 I artd    : unable to open vdex file /data/user_de/0/com.google.android.gms/app_chimera/m/00000002/oat/x86_64/DynamiteLoader.uncompressed.vdex: File /data/user_de/0/com.google.android.gms/app_chimera/m/00000002/oat/x86_64/DynamiteLoader.uncompressed.vdex does not exist.
02-12 19:46:18.310  2261  2297 I artd    : OatFileAssistant test for existing oat file /data/user_de/0/com.google.android.gms/app_chimera/m/00000002/oat/x86_64/DynamiteLoader.uncompressed.vdex: File /data/user_de/0/com.google.android.gms/app_chimera/m/00000002/oat/x86_64/DynamiteLoader.uncompressed.vdex does not exist.
02-12 19:46:18.310  2261  2297 I artd    : GetBestInfo checking dm (/data/user_de/0/com.google.android.gms/app_chimera/m/00000002/DynamiteLoader.uncompressed.dm)
