02-12 19:46:48.254  2261  7095 I artd    : OatFileAssistant test for existing oat file /data/user_de/0/com.google.android.gms/app_chimera/m/00000002/oat/x86_64/DynamiteLoader.uncompressed.odex: File /data/user_de/0/com.google.android.gms/app_chimera/m/00000002/oat/x86_64/DynamiteLoader.uncompressed.vdex does not exist.
02-12 19:46:48.254  2261  7095 I artd    : GetBestInfo checking vdex in dalvik-cache (/data/dalvik-cache/x86_64/data@user_de@0@com.google.android.gms@app_chimera@m@00000002@DynamiteLoader.uncompressed.apk@classes.vdex)
02-12 19:46:48.254  2261  7095 I artd    : unable to open vdex file /data/dalvik-cache/x86_64/data@user_de@0@com.google.android.gms@app_chimera@m@00000002@DynamiteLoader.uncompressed.apk@classes.vdex: File /data/dalvik-cache/x86_64/data@user_de@0@com.google.android.gms@app_chimera@m@00000002@DynamiteLoader.uncompressed.apk@classes.vdex does not exist.
02-12 19:46:48.254  2261  7095 I artd    : OatFileAssistant test for existing oat file /data/dalvik-cache/x86_64/data@user_de@0@com.google.android.gms@app_chimera@m@00000002@DynamiteLoader.uncompressed.apk@classes.vdex: File /data/dalvik-cache/x86_64/data@user_de@0@com.google.android.gms@app_chimera@m@00000002@DynamiteLoader.uncompressed.apk@classes.vdex does not exist.
02-12 19:46:48.254  2261  7095 I artd    : GetBestInfo checking vdex next to the dex file (/data/user_de/0/com.google.android.gms/app_chimera/m/00000002/oat/x86_64/DynamiteLoader.uncompressed.vdex)
02-12 19:46:48.254  2261  7095 I artd    : unable to open vdex file /data/user_de/0/com.google.android.gms/app_chimera/m/00000002/oat/x86_64/DynamiteLoader.uncompressed.vdex: File /data/user_de/0/com.google.android.gms/app_chimera/m/00000002/oat/x86_64/DynamiteLoader.uncompressed.vdex does not exist.
02-12 19:46:48.254  2261  7095 I artd    : OatFileAssistant test for existing oat file /data/user_de/0/com.google.android.gms/app_chimera/m/00000002/oat/x86_64/DynamiteLoader.uncompressed.vdex: File /data/user_de/0/com.google.android.gms/app_chimera/m/00000002/oat/x86_64/DynamiteLoader.uncompressed.vdex does not exist.
02-12 19:46:48.254  2261  7095 I artd    : GetBestInfo checking dm (/data/user_de/0/com.google.android.gms/app_chimera/m/00000002/DynamiteLoader.uncompressed.dm)
02-12 19:46:48.254  2261  7095 W ziparchive: Unable to open '/data/user_de/0/com.google.android.gms/app_chimera/m/00000002/DynamiteLoader.uncompressed.dm': No such file or directory
02-12 19:46:48.254  2261  7095 I artd    : OatFileAssistant test for existing oat file /data/user_de/0/com.google.android.gms/app_chimera/m/00000002/DynamiteLoader.uncompressed.dm: I/O error
02-12 19:46:48.254  2261  7095 I artd    : GetBestInfo checking dm (/data/user_de/0/com.google.android.gms/app_chimera/m/00000002/DynamiteLoader.uncompressed.dm)
02-12 19:46:48.254  2261  7095 W ziparchive: Unable to open '/data/user_de/0/com.google.android.gms/app_chimera/m/00000002/DynamiteLoader.uncompressed.dm': No such file or directory
02-12 19:46:48.254  2261  7095 I artd    : OatFileAssistant test for existing oat file /data/user_de/0/com.google.android.gms/app_chimera/m/00000002/DynamiteLoader.uncompressed.dm: I/O error
02-12 19:46:48.254  2261  7095 I artd    : GetBestInfo no usable artifacts
02-12 19:46:48.255  2261  7095 I artd    : Dex parent of /data/user_de/0/com.google.android.gms/app_chimera/m/0000000e/dl-MlkitOcrCommon.optional_260235100800.apk is not writable: Permission denied
02-12 19:46:48.256  2261  7095 I artd    : GetBestInfo checking odex in dalvik-cache (/data/dalvik-cache/x86_64/data@user_de@0@com.google.android.gms@app_chimera@m@0000000e@dl-MlkitOcrCommon.optional_260235100800.apk@classes.dex)
02-12 19:46:48.256  2261  7095 I artd    : Loading /data/dalvik-cache/x86_64/data@user_de@0@com.google.android.gms@app_chimera@m@0000000e@dl-MlkitOcrCommon.optional_260235100800.apk@classes.dex with executable: 0
02-12 19:46:48.256  2261  7095 I artd    : OatFileAssistant test for existing oat file /data/dalvik-cache/x86_64/data@user_de@0@com.google.android.gms@app_chimera@m@0000000e@dl-MlkitOcrCommon.optional_260235100800.apk@classes.dex: File /data/dalvik-cache/x86_64/data@user_de@0@com.google.android.gms@app_chimera@m@0000000e@dl-MlkitOcrCommon.optional_260235100800.apk@classes.vdex does not exist.
02-12 19:46:48.256  2261  7095 I artd    : GetBestInfo checking odex next to the dex file (/data/user_de/0/com.google.android.gms/app_chimera/m/0000000e/oat/x86_64/dl-MlkitOcrCommon.optional_260235100800.odex)
02-12 19:46:48.256  2261  7095 I artd    : Loading /data/user_de/0/com.google.android.gms/app_chimera/m/0000000e/oat/x86_64/dl-MlkitOcrCommon.optional_260235100800.odex with executable: 0
02-12 19:46:48.256  2261  7095 I artd    : OatFileAssistant test for existing oat file /data/user_de/0/com.google.android.gms/app_chimera/m/0000000e/oat/x86_64/dl-MlkitOcrCommon.optional_260235100800.odex: File /data/user_de/0/com.google.android.gms/app_chimera/m/0000000e/oat/x86_64/dl-MlkitOcrCommon.optional_260235100800.vdex does not exist.
02-12 19:46:48.256  2261  7095 I artd    : GetBestInfo checking vdex in dalvik-cache (/data/dalvik-cache/x86_64/data@user_de@0@com.google.android.gms@app_chimera@m@0000000e@dl-MlkitOcrCommon.optional_260235100800.apk@classes.vdex)
02-12 19:46:48.256  2261  7095 I artd    : unable to open vdex file /data/dalvik-cache/x86_64/data@user_de@0@com.google.android.gms@app_chimera@m@0000000e@dl-MlkitOcrCommon.optional_260235100800.apk@classes.vdex: File /data/dalvik-cache/x86_64/data@user_de@0@com.google.android.gms@app_chimera@m@0000000e@dl-MlkitOcrCommon.optional_260235100800.apk@classes.vdex does not exist.
02-12 19:46:48.256  2261  7095 I artd    : OatFileAssistant test for existing oat file /data/dalvik-cache/x86_64/data@user_de@0@com.google.android.gms@app_chimera@m@0000000e@dl-MlkitOcrCommon.optional_260235100800.apk@classes.vdex: File /data/dalvik-cache/x86_64/data@user_de@0@com.google.android.gms@app_chimera@m@0000000e@dl-MlkitOcrCommon.optional_260235100800.apk@classes.vdex does not exist.
02-12 19:46:48.256  2261  7095 I artd    : GetBestInfo checking vdex next to the dex file (/data/user_de/0/com.google.android.gms/app_chimera/m/0000000e/oat/x86_64/dl-MlkitOcrCommon.optional_260235100800.vdex)
02-12 19:46:48.257  2261  7095 I artd    : unable to open vdex file /data/user_de/0/com.google.android.gms/app_chimera/m/0000000e/oat/x86_64/dl-MlkitOcrCommon.optional_260235100800.vdex: File /data/user_de/0/com.google.android.gms/app_chimera/m/0000000e/oat/x86_64/dl-MlkitOcrCommon.optional_260235100800.vdex does not exist.
02-12 19:46:48.257  2261  7095 I artd    : OatFileAssistant test for existing oat file /data/user_de/0/com.google.android.gms/app_chimera/m/0000000e/oat/x86_64/dl-MlkitOcrCommon.optional_260235100800.vdex: File /data/user_de/0/com.google.android.gms/app_chimera/m/0000000e/oat/x86_64/dl-MlkitOcrCommon.optional_260235100800.vdex does not exist.
02-12 19:46:48.257  2261  7095 I artd    : GetBestInfo checking dm (/data/user_de/0/com.google.android.gms/app_chimera/m/0000000e/dl-MlkitOcrCommon.optional_260235100800.dm)
02-12 19:46:48.257  2261  7095 W ziparchive: Unable to open '/data/user_de/0/com.google.android.gms/app_chimera/m/0000000e/dl-MlkitOcrCommon.optional_260235100800.dm': No such file or directory
02-12 19:46:48.257  2261  7095 I artd    : OatFileAssistant test for existing oat file /data/user_de/0/com.google.android.gms/app_chimera/m/0000000e/dl-MlkitOcrCommon.optional_260235100800.dm: I/O error
02-12 19:46:48.257  2261  7095 I artd    : GetBestInfo checking dm (/data/user_de/0/com.google.android.gms/app_chimera/m/0000000e/dl-MlkitOcrCommon.optional_260235100800.dm)
02-12 19:46:48.257  2261  7095 W ziparchive: Unable to open '/data/user_de/0/com.google.android.gms/app_chimera/m/0000000e/dl-MlkitOcrCommon.optional_260235100800.dm': No such file or directory
02-12 19:46:48.257  2261  7095 I artd    : OatFileAssistant test for existing oat file /data/user_de/0/com.google.android.gms/app_chimera/m/0000000e/dl-MlkitOcrCommon.optional_260235100800.dm: I/O error
02-12 19:46:48.257  2261  7095 I artd    : GetBestInfo no usable artifacts
02-12 19:46:48.258  2261  7095 I artd    : Dex parent of /data/user_de/0/com.google.android.gms/app_chimera/m/00000005/GoogleCertificates.apk is not writable: No such file or directory
02-12 19:46:48.258  2261  7095 I artd    : GetBestInfo checking odex in dalvik-cache (/data/dalvik-cache/x86_64/data@user_de@0@com.google.android.gms@app_chimera@m@00000005@GoogleCertificates.apk@classes.dex)
02-12 19:46:48.258  2261  7095 I artd    : Loading /data/dalvik-cache/x86_64/data@user_de@0@com.google.android.gms@app_chimera@m@00000005@GoogleCertificates.apk@classes.dex with executable: 0
02-12 19:46:48.258  2261  7095 I artd    : OatFileAssistant test for existing oat file /data/dalvik-cache/x86_64/data@user_de@0@com.google.android.gms@app_chimera@m@00000005@GoogleCertificates.apk@classes.dex: File /data/dalvik-cache/x86_64/data@user_de@0@com.google.android.gms@app_chimera@m@00000005@GoogleCertificates.apk@classes.vdex does not exist.
02-12 19:46:48.258  2261  7095 I artd    : GetBestInfo checking odex next to the dex file (/data/user_de/0/com.google.android.gms/app_chimera/m/00000005/oat/x86_64/GoogleCertificates.odex)
02-12 19:46:48.258  2261  7095 I artd    : Loading /data/user_de/0/com.google.android.gms/app_chimera/m/00000005/oat/x86_64/GoogleCertificates.odex with executable: 0
02-12 19:46:48.258  2261  7095 I artd    : OatFileAssistant test for existing oat file /data/user_de/0/com.google.android.gms/app_chimera/m/00000005/oat/x86_64/GoogleCertificates.odex: File /data/user_de/0/com.google.android.gms/app_chimera/m/00000005/oat/x86_64/GoogleCertificates.vdex does not exist.
02-12 19:46:48.259  2261  7095 I artd    : GetBestInfo checking vdex in dalvik-cache (/data/dalvik-cache/x86_64/data@user_de@0@com.google.android.gms@app_chimera@m@00000005@GoogleCertificates.apk@classes.vdex)
02-12 19:46:48.259  2261  7095 I artd    : unable to open vdex file /data/dalvik-cache/x86_64/data@user_de@0@com.google.android.gms@app_chimera@m@00000005@GoogleCertificates.apk@classes.vdex: File /data/dalvik-cache/x86_64/data@user_de@0@com.google.android.gms@app_chimera@m@00000005@GoogleCertificates.apk@classes.vdex does not exist.
02-12 19:46:48.259  2261  7095 I artd    : OatFileAssistant test for existing oat file /data/dalvik-cache/x86_64/data@user_de@0@com.google.android.gms@app_chimera@m@00000005@GoogleCertificates.apk@classes.vdex: File /data/dalvik-cache/x86_64/data@user_de@0@com.google.android.gms@app_chimera@m@00000005@GoogleCertificates.apk@classes.vdex does not exist.
02-12 19:46:48.259  2261  7095 I artd    : GetBestInfo checking vdex next to the dex file (/data/user_de/0/com.google.android.gms/app_chimera/m/00000005/oat/x86_64/GoogleCertificates.vdex)
02-12 19:46:48.259  2261  7095 I artd    : unable to open vdex file /data/user_de/0/com.google.android.gms/app_chimera/m/00000005/oat/x86_64/GoogleCertificates.vdex: File /data/user_de/0/com.google.android.gms/app_chimera/m/00000005/oat/x86_64/GoogleCertificates.vdex does not exist.
02-12 19:46:48.259  2261  7095 I artd    : OatFileAssistant test for existing oat file /data/user_de/0/com.google.android.gms/app_chimera/m/00000005/oat/x86_64/GoogleCertificates.vdex: File /data/user_de/0/com.google.android.gms/app_chimera/m/00000005/oat/x86_64/GoogleCertificates.vdex does not exist.
02-12 19:46:48.259  2261  7095 I artd    : GetBestInfo checking dm (/data/user_de/0/com.google.android.gms/app_chimera/m/00000005/GoogleCertificates.dm)
02-12 19:46:48.259  2261  7095 W ziparchive: Unable to open '/data/user_de/0/com.google.android.gms/app_chimera/m/00000005/GoogleCertificates.dm': No such file or directory
02-12 19:46:48.259  2261  7095 I artd    : OatFileAssistant test for existing oat file /data/user_de/0/com.google.android.gms/app_chimera/m/00000005/GoogleCertificates.dm: I/O error
02-12 19:46:48.259  2261  7095 I artd    : GetBestInfo checking dm (/data/user_de/0/com.google.android.gms/app_chimera/m/00000005/GoogleCertificates.dm)
02-12 19:46:48.259  2261  7095 W ziparchive: Unable to open '/data/user_de/0/com.google.android.gms/app_chimera/m/00000005/GoogleCertificates.dm': No such file or directory
02-12 19:46:48.259  2261  7095 I artd    : OatFileAssistant test for existing oat file /data/user_de/0/com.google.android.gms/app_chimera/m/00000005/GoogleCertificates.dm: I/O error
02-12 19:46:48.259  2261  7095 I artd    : GetBestInfo no usable artifacts
02-12 19:46:48.262  2261  7095 I artd    : Dex parent of /data/user/0/com.google.android.gms/app_dg_cache/CF98DA544914DD75038B6CE6DBC852B6C43EC876/the.apk is not writable: Permission denied
02-12 19:46:48.262  2261  7095 I artd    : GetBestInfo checking odex in dalvik-cache (/data/dalvik-cache/x86_64/data@user@0@com.google.android.gms@app_dg_cache@CF98DA544914DD75038B6CE6DBC852B6C43EC876@the.apk@classes.dex)
02-12 19:46:48.262  2261  7095 I artd    : Loading /data/dalvik-cache/x86_64/data@user@0@com.google.android.gms@app_dg_cache@CF98DA544914DD75038B6CE6DBC852B6C43EC876@the.apk@classes.dex with executable: 0
02-12 19:46:48.262  2261  7095 I artd    : OatFileAssistant test for existing oat file /data/dalvik-cache/x86_64/data@user@0@com.google.android.gms@app_dg_cache@CF98DA544914DD75038B6CE6DBC852B6C43EC876@the.apk@classes.dex: File /data/dalvik-cache/x86_64/data@user@0@com.google.android.gms@app_dg_cache@CF98DA544914DD75038B6CE6DBC852B6C43EC876@the.apk@classes.vdex does not exist.
02-12 19:46:48.262  2261  7095 I artd    : GetBestInfo checking odex next to the dex file (/data/user/0/com.google.android.gms/app_dg_cache/CF98DA544914DD75038B6CE6DBC852B6C43EC876/oat/x86_64/the.odex)
02-12 19:46:48.262  2261  7095 I artd    : Loading /data/user/0/com.google.android.gms/app_dg_cache/CF98DA544914DD75038B6CE6DBC852B6C43EC876/oat/x86_64/the.odex with executable: 0
02-12 19:46:48.262  2261  7095 I artd    : OatFileAssistant test for existing oat file /data/user/0/com.google.android.gms/app_dg_cache/CF98DA544914DD75038B6CE6DBC852B6C43EC876/oat/x86_64/the.odex: Failed to open oat filename for reading: No such file or directory
02-12 19:46:48.262  2261  7095 I artd    : GetBestInfo checking vdex in dalvik-cache (/data/dalvik-cache/x86_64/data@user@0@com.google.android.gms@app_dg_cache@CF98DA544914DD75038B6CE6DBC852B6C43EC876@the.apk@classes.vdex)
02-12 19:46:48.262  2261  7095 I artd    : unable to open vdex file /data/dalvik-cache/x86_64/data@user@0@com.google.android.gms@app_dg_cache@CF98DA544914DD75038B6CE6DBC852B6C43EC876@the.apk@classes.vdex: File /data/dalvik-cache/x86_64/data@user@0@com.google.android.gms@app_dg_cache@CF98DA544914DD75038B6CE6DBC852B6C43EC876@the.apk@classes.vdex does not exist.
02-12 19:46:48.262  2261  7095 I artd    : OatFileAssistant test for existing oat file /data/dalvik-cache/x86_64/data@user@0@com.google.android.gms@app_dg_cache@CF98DA544914DD75038B6CE6DBC852B6C43EC876@the.apk@classes.vdex: File /data/dalvik-cache/x86_64/data@user@0@com.google.android.gms@app_dg_cache@CF98DA544914DD75038B6CE6DBC852B6C43EC876@the.apk@classes.vdex does not exist.
02-12 19:46:48.262  2261  7095 I artd    : GetBestInfo checking vdex next to the dex file (/data/user/0/com.google.android.gms/app_dg_cache/CF98DA544914DD75038B6CE6DBC852B6C43EC876/oat/x86_64/the.vdex)
02-12 19:46:48.263  2261  7095 I artd    : Successfully loaded /data/user/0/com.google.android.gms/app_dg_cache/CF98DA544914DD75038B6CE6DBC852B6C43EC876/oat/x86_64/the.vdex with executable: 0
02-12 19:46:48.263  2261  7095 I artd    : Image checksum test skipped for vdex file /data/user/0/com.google.android.gms/app_dg_cache/CF98DA544914DD75038B6CE6DBC852B6C43EC876/oat/x86_64/the.vdex
02-12 19:46:48.263  2261  7095 I artd    : /data/user/0/com.google.android.gms/app_dg_cache/CF98DA544914DD75038B6CE6DBC852B6C43EC876/oat/x86_64/the.vdex is kOatUpToDate with filter verify
02-12 19:46:48.265  2261  7095 I artd    : Dex parent of /data/user_de/0/com.google.android.gms/app_chimera/m/00000001/CronetDynamite.uncompressed.apk is not writable: No such file or directory
02-12 19:46:48.265  2261  7095 I artd    : GetBestInfo checking odex in dalvik-cache (/data/dalvik-cache/x86_64/data@user_de@0@com.google.android.gms@app_chimera@m@00000001@CronetDynamite.uncompressed.apk@classes.dex)
02-12 19:46:48.265  2261  7095 I artd    : Loading /data/dalvik-cache/x86_64/data@user_de@0@com.google.android.gms@app_chimera@m@00000001@CronetDynamite.uncompressed.apk@classes.dex with executable: 0
02-12 19:46:48.265  2261  7095 I artd    : OatFileAssistant test for existing oat file /data/dalvik-cache/x86_64/data@user_de@0@com.google.android.gms@app_chimera@m@00000001@CronetDynamite.uncompressed.apk@classes.dex: File /data/dalvik-cache/x86_64/data@user_de@0@com.google.android.gms@app_chimera@m@00000001@CronetDynamite.uncompressed.apk@classes.vdex does not exist.
02-12 19:46:48.265  2261  7095 I artd    : GetBestInfo checking odex next to the dex file (/data/user_de/0/com.google.android.gms/app_chimera/m/00000001/oat/x86_64/CronetDynamite.uncompressed.odex)
02-12 19:46:48.265  2261  7095 I artd    : Loading /data/user_de/0/com.google.android.gms/app_chimera/m/00000001/oat/x86_64/CronetDynamite.uncompressed.odex with executable: 0
02-12 19:46:48.265  2261  7095 I artd    : OatFileAssistant test for existing oat file /data/user_de/0/com.google.android.gms/app_chimera/m/00000001/oat/x86_64/CronetDynamite.uncompressed.odex: File /data/user_de/0/com.google.android.gms/app_chimera/m/00000001/oat/x86_64/CronetDynamite.uncompressed.vdex does not exist.
02-12 19:46:48.265  2261  7095 I artd    : GetBestInfo checking vdex in dalvik-cache (/data/dalvik-cache/x86_64/data@user_de@0@com.google.android.gms@app_chimera@m@00000001@CronetDynamite.uncompressed.apk@classes.vdex)
02-12 19:46:48.265  2261  7095 I artd    : unable to open vdex file /data/dalvik-cache/x86_64/data@user_de@0@com.google.android.gms@app_chimera@m@00000001@CronetDynamite.uncompressed.apk@classes.vdex: File /data/dalvik-cache/x86_64/data@user_de@0@com.google.android.gms@app_chimera@m@00000001@CronetDynamite.uncompressed.apk@classes.vdex does not exist.
02-12 19:46:48.265  2261  7095 I artd    : OatFileAssistant test for existing oat file /data/dalvik-cache/x86_64/data@user_de@0@com.google.android.gms@app_chimera@m@00000001@CronetDynamite.uncompressed.apk@classes.vdex: File /data/dalvik-cache/x86_64/data@user_de@0@com.google.android.gms@app_chimera@m@00000001@CronetDynamite.uncompressed.apk@classes.vdex does not exist.
02-12 19:46:48.265  2261  7095 I artd    : GetBestInfo checking vdex next to the dex file (/data/user_de/0/com.google.android.gms/app_chimera/m/00000001/oat/x86_64/CronetDynamite.uncompressed.vdex)
02-12 19:46:48.265  2261  7095 I artd    : unable to open vdex file /data/user_de/0/com.google.android.gms/app_chimera/m/00000001/oat/x86_64/CronetDynamite.uncompressed.vdex: File /data/user_de/0/com.google.android.gms/app_chimera/m/00000001/oat/x86_64/CronetDynamite.uncompressed.vdex does not exist.
02-12 19:46:48.265  2261  7095 I artd    : OatFileAssistant test for existing oat file /data/user_de/0/com.google.android.gms/app_chimera/m/00000001/oat/x86_64/CronetDynamite.uncompressed.vdex: File /data/user_de/0/com.google.android.gms/app_chimera/m/00000001/oat/x86_64/CronetDynamite.uncompressed.vdex does not exist.
02-12 19:46:48.266  2261  7095 I artd    : GetBestInfo checking dm (/data/user_de/0/com.google.android.gms/app_chimera/m/00000001/CronetDynamite.uncompressed.dm)
02-12 19:46:48.267  2261  7095 W ziparchive: Unable to open '/data/user_de/0/com.google.android.gms/app_chimera/m/00000001/CronetDynamite.uncompressed.dm': No such file or directory
02-12 19:46:48.267  2261  7095 I artd    : OatFileAssistant test for existing oat file /data/user_de/0/com.google.android.gms/app_chimera/m/00000001/CronetDynamite.uncompressed.dm: I/O error
02-12 19:46:48.267  2261  7095 I artd    : GetBestInfo checking dm (/data/user_de/0/com.google.android.gms/app_chimera/m/00000001/CronetDynamite.uncompressed.dm)
02-12 19:46:48.267  2261  7095 W ziparchive: Unable to open '/data/user_de/0/com.google.android.gms/app_chimera/m/00000001/CronetDynamite.uncompressed.dm': No such file or directory
02-12 19:46:48.267  2261  7095 I artd    : OatFileAssistant test for existing oat file /data/user_de/0/com.google.android.gms/app_chimera/m/00000001/CronetDynamite.uncompressed.dm: I/O error
02-12 19:46:48.267  2261  7095 I artd    : GetBestInfo no usable artifacts
02-12 19:46:48.269  2261  7095 I artd    : Dex parent of /data/user_de/0/com.google.android.gms/app_chimera/m/0000000a/dl-VisionOcr.optional_260235100000.apk is not writable: Permission denied
02-12 19:46:48.269  2261  7095 I artd    : GetBestInfo checking odex in dalvik-cache (/data/dalvik-cache/x86_64/data@user_de@0@com.google.android.gms@app_chimera@m@0000000a@dl-VisionOcr.optional_260235100000.apk@classes.dex)
02-12 19:46:48.269  2261  7095 I artd    : Loading /data/dalvik-cache/x86_64/data@user_de@0@com.google.android.gms@app_chimera@m@0000000a@dl-VisionOcr.optional_260235100000.apk@classes.dex with executable: 0
02-12 19:46:48.269  2261  7095 I artd    : OatFileAssistant test for existing oat file /data/dalvik-cache/x86_64/data@user_de@0@com.google.android.gms@app_chimera@m@0000000a@dl-VisionOcr.optional_260235100000.apk@classes.dex: File /data/dalvik-cache/x86_64/data@user_de@0@com.google.android.gms@app_chimera@m@0000000a@dl-VisionOcr.optional_260235100000.apk@classes.vdex does not exist.
02-12 19:46:48.269  2261  7095 I artd    : GetBestInfo checking odex next to the dex file (/data/user_de/0/com.google.android.gms/app_chimera/m/0000000a/oat/x86_64/dl-VisionOcr.optional_260235100000.odex)
02-12 19:46:48.269  2261  7095 I artd    : Loading /data/user_de/0/com.google.android.gms/app_chimera/m/0000000a/oat/x86_64/dl-VisionOcr.optional_260235100000.odex with executable: 0
02-12 19:46:48.269  2261  7095 I artd    : OatFileAssistant test for existing oat file /data/user_de/0/com.google.android.gms/app_chimera/m/0000000a/oat/x86_64/dl-VisionOcr.optional_260235100000.odex: File /data/user_de/0/com.google.android.gms/app_chimera/m/0000000a/oat/x86_64/dl-VisionOcr.optional_260235100000.vdex does not exist.
02-12 19:46:48.269  2261  7095 I artd    : GetBestInfo checking vdex in dalvik-cache (/data/dalvik-cache/x86_64/data@user_de@0@com.google.android.gms@app_chimera@m@0000000a@dl-VisionOcr.optional_260235100000.apk@classes.vdex)
02-12 19:46:48.269  2261  7095 I artd    : unable to open vdex file /data/dalvik-cache/x86_64/data@user_de@0@com.google.android.gms@app_chimera@m@0000000a@dl-VisionOcr.optional_260235100000.apk@classes.vdex: File /data/dalvik-cache/x86_64/data@user_de@0@com.google.android.gms@app_chimera@m@0000000a@dl-VisionOcr.optional_260235100000.apk@classes.vdex does not exist.
02-12 19:46:48.270  2261  7095 I artd    : OatFileAssistant test for existing oat file /data/dalvik-cache/x86_64/data@user_de@0@com.google.android.gms@app_chimera@m@0000000a@dl-VisionOcr.optional_260235100000.apk@classes.vdex: File /data/dalvik-cache/x86_64/data@user_de@0@com.google.android.gms@app_chimera@m@0000000a@dl-VisionOcr.optional_260235100000.apk@classes.vdex does not exist.
02-12 19:46:48.270  2261  7095 I artd    : GetBestInfo checking vdex next to the dex file (/data/user_de/0/com.google.android.gms/app_chimera/m/0000000a/oat/x86_64/dl-VisionOcr.optional_260235100000.vdex)
02-12 19:46:48.270  2261  7095 I artd    : unable to open vdex file /data/user_de/0/com.google.android.gms/app_chimera/m/0000000a/oat/x86_64/dl-VisionOcr.optional_260235100000.vdex: File /data/user_de/0/com.google.android.gms/app_chimera/m/0000000a/oat/x86_64/dl-VisionOcr.optional_260235100000.vdex does not exist.
02-12 19:46:48.270  2261  7095 I artd    : OatFileAssistant test for existing oat file /data/user_de/0/com.google.android.gms/app_chimera/m/0000000a/oat/x86_64/dl-VisionOcr.optional_260235100000.vdex: File /data/user_de/0/com.google.android.gms/app_chimera/m/0000000a/oat/x86_64/dl-VisionOcr.optional_260235100000.vdex does not exist.
02-12 19:46:48.270  2261  7095 I artd    : GetBestInfo checking dm (/data/user_de/0/com.google.android.gms/app_chimera/m/0000000a/dl-VisionOcr.optional_260235100000.dm)
02-12 19:46:48.270  2261  7095 W ziparchive: Unable to open '/data/user_de/0/com.google.android.gms/app_chimera/m/0000000a/dl-VisionOcr.optional_260235100000.dm': No such file or directory
02-12 19:46:48.270  2261  7095 I artd    : OatFileAssistant test for existing oat file /data/user_de/0/com.google.android.gms/app_chimera/m/0000000a/dl-VisionOcr.optional_260235100000.dm: I/O error
02-12 19:46:48.270  2261  7095 I artd    : GetBestInfo checking dm (/data/user_de/0/com.google.android.gms/app_chimera/m/0000000a/dl-VisionOcr.optional_260235100000.dm)
02-12 19:46:48.270  2261  7095 W ziparchive: Unable to open '/data/user_de/0/com.google.android.gms/app_chimera/m/0000000a/dl-VisionOcr.optional_260235100000.dm': No such file or directory
02-12 19:46:48.270  2261  7095 I artd    : OatFileAssistant test for existing oat file /data/user_de/0/com.google.android.gms/app_chimera/m/0000000a/dl-VisionOcr.optional_260235100000.dm: I/O error
02-12 19:46:48.271  2261  7095 I artd    : GetBestInfo no usable artifacts
02-12 19:46:48.274  2261  7095 I artd    : Dex parent of /data/user_de/0/com.google.android.gms/app_chimera/m/00000008/dl-TfliteDynamiteDynamite.integ_252130102100800.apk is not writable: Permission denied
02-12 19:46:48.274  2261  7095 I artd    : GetBestInfo checking odex in dalvik-cache (/data/dalvik-cache/x86_64/data@user_de@0@com.google.android.gms@app_chimera@m@00000008@dl-TfliteDynamiteDynamite.integ_252130102100800.apk@classes.dex)
02-12 19:46:48.274  2261  7095 I artd    : Loading /data/dalvik-cache/x86_64/data@user_de@0@com.google.android.gms@app_chimera@m@00000008@dl-TfliteDynamiteDynamite.integ_252130102100800.apk@classes.dex with executable: 0
02-12 19:46:48.274  2261  7095 I artd    : OatFileAssistant test for existing oat file /data/dalvik-cache/x86_64/data@user_de@0@com.google.android.gms@app_chimera@m@00000008@dl-TfliteDynamiteDynamite.integ_252130102100800.apk@classes.dex: File /data/dalvik-cache/x86_64/data@user_de@0@com.google.android.gms@app_chimera@m@00000008@dl-TfliteDynamiteDynamite.integ_252130102100800.apk@classes.vdex does not exist.
02-12 19:46:48.274  2261  7095 I artd    : GetBestInfo checking odex next to the dex file (/data/user_de/0/com.google.android.gms/app_chimera/m/00000008/oat/x86_64/dl-TfliteDynamiteDynamite.integ_252130102100800.odex)
02-12 19:46:48.274  2261  7095 I artd    : Loading /data/user_de/0/com.google.android.gms/app_chimera/m/00000008/oat/x86_64/dl-TfliteDynamiteDynamite.integ_252130102100800.odex with executable: 0
02-12 19:46:48.274  2261  7095 I artd    : OatFileAssistant test for existing oat file /data/user_de/0/com.google.android.gms/app_chimera/m/00000008/oat/x86_64/dl-TfliteDynamiteDynamite.integ_252130102100800.odex: File /data/user_de/0/com.google.android.gms/app_chimera/m/00000008/oat/x86_64/dl-TfliteDynamiteDynamite.integ_252130102100800.vdex does not exist.
02-12 19:46:48.274  2261  7095 I artd    : GetBestInfo checking vdex in dalvik-cache (/data/dalvik-cache/x86_64/data@user_de@0@com.google.android.gms@app_chimera@m@00000008@dl-TfliteDynamiteDynamite.integ_252130102100800.apk@classes.vdex)
02-12 19:46:48.274  2261  7095 I artd    : unable to open vdex file /data/dalvik-cache/x86_64/data@user_de@0@com.google.android.gms@app_chimera@m@00000008@dl-TfliteDynamiteDynamite.integ_252130102100800.apk@classes.vdex: File /data/dalvik-cache/x86_64/data@user_de@0@com.google.android.gms@app_chimera@m@00000008@dl-TfliteDynamiteDynamite.integ_252130102100800.apk@classes.vdex does not exist.
02-12 19:46:48.274  2261  7095 I artd    : OatFileAssistant test for existing oat file /data/dalvik-cache/x86_64/data@user_de@0@com.google.android.gms@app_chimera@m@00000008@dl-TfliteDynamiteDynamite.integ_252130102100800.apk@classes.vdex: File /data/dalvik-cache/x86_64/data@user_de@0@com.google.android.gms@app_chimera@m@00000008@dl-TfliteDynamiteDynamite.integ_252130102100800.apk@classes.vdex does not exist.
02-12 19:46:48.274  2261  7095 I artd    : GetBestInfo checking vdex next to the dex file (/data/user_de/0/com.google.android.gms/app_chimera/m/00000008/oat/x86_64/dl-TfliteDynamiteDynamite.integ_252130102100800.vdex)
02-12 19:46:48.274  2261  7095 I artd    : unable to open vdex file /data/user_de/0/com.google.android.gms/app_chimera/m/00000008/oat/x86_64/dl-TfliteDynamiteDynamite.integ_252130102100800.vdex: File /data/user_de/0/com.google.android.gms/app_chimera/m/00000008/oat/x86_64/dl-TfliteDynamiteDynamite.integ_252130102100800.vdex does not exist.
02-12 19:46:48.274  2261  7095 I artd    : OatFileAssistant test for existing oat file /data/user_de/0/com.google.android.gms/app_chimera/m/00000008/oat/x86_64/dl-TfliteDynamiteDynamite.integ_252130102100800.vdex: File /data/user_de/0/com.google.android.gms/app_chimera/m/00000008/oat/x86_64/dl-TfliteDynamiteDynamite.integ_252130102100800.vdex does not exist.
02-12 19:46:48.274  2261  7095 I artd    : GetBestInfo checking dm (/data/user_de/0/com.google.android.gms/app_chimera/m/00000008/dl-TfliteDynamiteDynamite.integ_252130102100800.dm)
02-12 19:46:48.274  2261  7095 W ziparchive: Unable to open '/data/user_de/0/com.google.android.gms/app_chimera/m/00000008/dl-TfliteDynamiteDynamite.integ_252130102100800.dm': No such file or directory
02-12 19:46:48.275  2261  7095 I artd    : OatFileAssistant test for existing oat file /data/user_de/0/com.google.android.gms/app_chimera/m/00000008/dl-TfliteDynamiteDynamite.integ_252130102100800.dm: I/O error
02-12 19:46:48.275  2261  7095 I artd    : GetBestInfo checking dm (/data/user_de/0/com.google.android.gms/app_chimera/m/00000008/dl-TfliteDynamiteDynamite.integ_252130102100800.dm)
02-12 19:46:48.275  2261  7095 W ziparchive: Unable to open '/data/user_de/0/com.google.android.gms/app_chimera/m/00000008/dl-TfliteDynamiteDynamite.integ_252130102100800.dm': No such file or directory
02-12 19:46:48.275  2261  7095 I artd    : OatFileAssistant test for existing oat file /data/user_de/0/com.google.android.gms/app_chimera/m/00000008/dl-TfliteDynamiteDynamite.integ_252130102100800.dm: I/O error
02-12 19:46:48.275  2261  7095 I artd    : GetBestInfo no usable artifacts
02-12 19:46:48.281  2261  7095 I artd    : Dex parent of /data/user/0/com.google.android.gms/app_dg_cache/94DF452EEF4B8E717545DCDEA6CC3C50A319A195/the.apk is not writable: Permission denied
02-12 19:46:48.281  2261  7095 I artd    : GetBestInfo checking odex in dalvik-cache (/data/dalvik-cache/x86_64/data@user@0@com.google.android.gms@app_dg_cache@94DF452EEF4B8E717545DCDEA6CC3C50A319A195@the.apk@classes.dex)
02-12 19:46:48.282  2261  7095 I artd    : Loading /data/dalvik-cache/x86_64/data@user@0@com.google.android.gms@app_dg_cache@94DF452EEF4B8E717545DCDEA6CC3C50A319A195@the.apk@classes.dex with executable: 0
02-12 19:46:48.282  2261  7095 I artd    : OatFileAssistant test for existing oat file /data/dalvik-cache/x86_64/data@user@0@com.google.android.gms@app_dg_cache@94DF452EEF4B8E717545DCDEA6CC3C50A319A195@the.apk@classes.dex: File /data/dalvik-cache/x86_64/data@user@0@com.google.android.gms@app_dg_cache@94DF452EEF4B8E717545DCDEA6CC3C50A319A195@the.apk@classes.vdex does not exist.
02-12 19:46:48.282  2261  7095 I artd    : GetBestInfo checking odex next to the dex file (/data/user/0/com.google.android.gms/app_dg_cache/94DF452EEF4B8E717545DCDEA6CC3C50A319A195/oat/x86_64/the.odex)
02-12 19:46:48.282  2261  7095 I artd    : Loading /data/user/0/com.google.android.gms/app_dg_cache/94DF452EEF4B8E717545DCDEA6CC3C50A319A195/oat/x86_64/the.odex with executable: 0
02-12 19:46:48.282  2261  7095 I artd    : OatFileAssistant test for existing oat file /data/user/0/com.google.android.gms/app_dg_cache/94DF452EEF4B8E717545DCDEA6CC3C50A319A195/oat/x86_64/the.odex: Failed to open oat filename for reading: No such file or directory
02-12 19:46:48.282  2261  7095 I artd    : GetBestInfo checking vdex in dalvik-cache (/data/dalvik-cache/x86_64/data@user@0@com.google.android.gms@app_dg_cache@94DF452EEF4B8E717545DCDEA6CC3C50A319A195@the.apk@classes.vdex)
02-12 19:46:48.282  2261  7095 I artd    : unable to open vdex file /data/dalvik-cache/x86_64/data@user@0@com.google.android.gms@app_dg_cache@94DF452EEF4B8E717545DCDEA6CC3C50A319A195@the.apk@classes.vdex: File /data/dalvik-cache/x86_64/data@user@0@com.google.android.gms@app_dg_cache@94DF452EEF4B8E717545DCDEA6CC3C50A319A195@the.apk@classes.vdex does not exist.
02-12 19:46:48.282  2261  7095 I artd    : OatFileAssistant test for existing oat file /data/dalvik-cache/x86_64/data@user@0@com.google.android.gms@app_dg_cache@94DF452EEF4B8E717545DCDEA6CC3C50A319A195@the.apk@classes.vdex: File /data/dalvik-cache/x86_64/data@user@0@com.google.android.gms@app_dg_cache@94DF452EEF4B8E717545DCDEA6CC3C50A319A195@the.apk@classes.vdex does not exist.
02-12 19:46:48.282  2261  7095 I artd    : GetBestInfo checking vdex next to the dex file (/data/user/0/com.google.android.gms/app_dg_cache/94DF452EEF4B8E717545DCDEA6CC3C50A319A195/oat/x86_64/the.vdex)
02-12 19:46:48.282  2261  7095 I artd    : Successfully loaded /data/user/0/com.google.android.gms/app_dg_cache/94DF452EEF4B8E717545DCDEA6CC3C50A319A195/oat/x86_64/the.vdex with executable: 0
02-12 19:46:48.282  2261  7095 I artd    : Image checksum test skipped for vdex file /data/user/0/com.google.android.gms/app_dg_cache/94DF452EEF4B8E717545DCDEA6CC3C50A319A195/oat/x86_64/the.vdex
02-12 19:46:48.282  2261  7095 I artd    : /data/user/0/com.google.android.gms/app_dg_cache/94DF452EEF4B8E717545DCDEA6CC3C50A319A195/oat/x86_64/the.vdex is kOatUpToDate with filter verify
02-12 19:46:48.285  2261  7095 I artd    : Dex parent of /data/user_de/0/com.google.android.gms/app_chimera/m/00000007/MeasurementDynamite.apk is not writable: No such file or directory
02-12 19:46:48.285  2261  7095 I artd    : GetBestInfo checking odex in dalvik-cache (/data/dalvik-cache/x86_64/data@user_de@0@com.google.android.gms@app_chimera@m@00000007@MeasurementDynamite.apk@classes.dex)
02-12 19:46:48.285  2261  7095 I artd    : Loading /data/dalvik-cache/x86_64/data@user_de@0@com.google.android.gms@app_chimera@m@00000007@MeasurementDynamite.apk@classes.dex with executable: 0
02-12 19:46:48.285  2261  7095 I artd    : OatFileAssistant test for existing oat file /data/dalvik-cache/x86_64/data@user_de@0@com.google.android.gms@app_chimera@m@00000007@MeasurementDynamite.apk@classes.dex: File /data/dalvik-cache/x86_64/data@user_de@0@com.google.android.gms@app_chimera@m@00000007@MeasurementDynamite.apk@classes.vdex does not exist.
02-12 19:46:48.285  2261  7095 I artd    : GetBestInfo checking odex next to the dex file (/data/user_de/0/com.google.android.gms/app_chimera/m/00000007/oat/x86_64/MeasurementDynamite.odex)
02-12 19:46:48.285  2261  7095 I artd    : Loading /data/user_de/0/com.google.android.gms/app_chimera/m/00000007/oat/x86_64/MeasurementDynamite.odex with executable: 0
02-12 19:46:48.285  2261  7095 I artd    : OatFileAssistant test for existing oat file /data/user_de/0/com.google.android.gms/app_chimera/m/00000007/oat/x86_64/MeasurementDynamite.odex: File /data/user_de/0/com.google.android.gms/app_chimera/m/00000007/oat/x86_64/MeasurementDynamite.vdex does not exist.
02-12 19:46:48.285  2261  7095 I artd    : GetBestInfo checking vdex in dalvik-cache (/data/dalvik-cache/x86_64/data@user_de@0@com.google.android.gms@app_chimera@m@00000007@MeasurementDynamite.apk@classes.vdex)
02-12 19:46:48.285  2261  7095 I artd    : unable to open vdex file /data/dalvik-cache/x86_64/data@user_de@0@com.google.android.gms@app_chimera@m@00000007@MeasurementDynamite.apk@classes.vdex: File /data/dalvik-cache/x86_64/data@user_de@0@com.google.android.gms@app_chimera@m@00000007@MeasurementDynamite.apk@classes.vdex does not exist.
02-12 19:46:48.285  2261  7095 I artd    : OatFileAssistant test for existing oat file /data/dalvik-cache/x86_64/data@user_de@0@com.google.android.gms@app_chimera@m@00000007@MeasurementDynamite.apk@classes.vdex: File /data/dalvik-cache/x86_64/data@user_de@0@com.google.android.gms@app_chimera@m@00000007@MeasurementDynamite.apk@classes.vdex does not exist.
02-12 19:46:48.285  2261  7095 I artd    : GetBestInfo checking vdex next to the dex file (/data/user_de/0/com.google.android.gms/app_chimera/m/00000007/oat/x86_64/MeasurementDynamite.vdex)
02-12 19:46:48.285  2261  7095 I artd    : unable to open vdex file /data/user_de/0/com.google.android.gms/app_chimera/m/00000007/oat/x86_64/MeasurementDynamite.vdex: File /data/user_de/0/com.google.android.gms/app_chimera/m/00000007/oat/x86_64/MeasurementDynamite.vdex does not exist.
02-12 19:46:48.285  2261  7095 I artd    : OatFileAssistant test for existing oat file /data/user_de/0/com.google.android.gms/app_chimera/m/00000007/oat/x86_64/MeasurementDynamite.vdex: File /data/user_de/0/com.google.android.gms/app_chimera/m/00000007/oat/x86_64/MeasurementDynamite.vdex does not exist.
02-12 19:46:48.285  2261  7095 I artd    : GetBestInfo checking dm (/data/user_de/0/com.google.android.gms/app_chimera/m/00000007/MeasurementDynamite.dm)
02-12 19:46:48.287  2261  7095 W ziparchive: Unable to open '/data/user_de/0/com.google.android.gms/app_chimera/m/00000007/MeasurementDynamite.dm': No such file or directory
02-12 19:46:48.287  2261  7095 I artd    : OatFileAssistant test for existing oat file /data/user_de/0/com.google.android.gms/app_chimera/m/00000007/MeasurementDynamite.dm: I/O error
02-12 19:46:48.287  2261  7095 I artd    : GetBestInfo checking dm (/data/user_de/0/com.google.android.gms/app_chimera/m/00000007/MeasurementDynamite.dm)
02-12 19:46:48.287  2261  7095 W ziparchive: Unable to open '/data/user_de/0/com.google.android.gms/app_chimera/m/00000007/MeasurementDynamite.dm': No such file or directory
02-12 19:46:48.287  2261  7095 I artd    : OatFileAssistant test for existing oat file /data/user_de/0/com.google.android.gms/app_chimera/m/00000007/MeasurementDynamite.dm: I/O error
02-12 19:46:48.287  2261  7095 I artd    : GetBestInfo no usable artifacts
02-12 19:46:48.291  2261  7095 I artd    : Dex parent of /data/user_de/0/com.google.android.gms/app_chimera/m/0000000b/dl-PlayCloudSearch.optional_260235100000.apk is not writable: Permission denied
02-12 19:46:48.292  2261  7095 I artd    : GetBestInfo checking odex in dalvik-cache (/data/dalvik-cache/x86_64/data@user_de@0@com.google.android.gms@app_chimera@m@0000000b@dl-PlayCloudSearch.optional_260235100000.apk@classes.dex)
02-12 19:46:48.292  2261  7095 I artd    : Loading /data/dalvik-cache/x86_64/data@user_de@0@com.google.android.gms@app_chimera@m@0000000b@dl-PlayCloudSearch.optional_260235100000.apk@classes.dex with executable: 0
02-12 19:46:48.292  2261  7095 I artd    : OatFileAssistant test for existing oat file /data/dalvik-cache/x86_64/data@user_de@0@com.google.android.gms@app_chimera@m@0000000b@dl-PlayCloudSearch.optional_260235100000.apk@classes.dex: File /data/dalvik-cache/x86_64/data@user_de@0@com.google.android.gms@app_chimera@m@0000000b@dl-PlayCloudSearch.optional_260235100000.apk@classes.vdex does not exist.
02-12 19:46:48.292  2261  7095 I artd    : GetBestInfo checking odex next to the dex file (/data/user_de/0/com.google.android.gms/app_chimera/m/0000000b/oat/x86_64/dl-PlayCloudSearch.optional_260235100000.odex)
02-12 19:46:48.292  2261  7095 I artd    : Loading /data/user_de/0/com.google.android.gms/app_chimera/m/0000000b/oat/x86_64/dl-PlayCloudSearch.optional_260235100000.odex with executable: 0
02-12 19:46:48.292  2261  7095 I artd    : OatFileAssistant test for existing oat file /data/user_de/0/com.google.android.gms/app_chimera/m/0000000b/oat/x86_64/dl-PlayCloudSearch.optional_260235100000.odex: File /data/user_de/0/com.google.android.gms/app_chimera/m/0000000b/oat/x86_64/dl-PlayCloudSearch.optional_260235100000.vdex does not exist.
02-12 19:46:48.292  2261  7095 I artd    : GetBestInfo checking vdex in dalvik-cache (/data/dalvik-cache/x86_64/data@user_de@0@com.google.android.gms@app_chimera@m@0000000b@dl-PlayCloudSearch.optional_260235100000.apk@classes.vdex)
02-12 19:46:48.292  2261  7095 I artd    : unable to open vdex file /data/dalvik-cache/x86_64/data@user_de@0@com.google.android.gms@app_chimera@m@0000000b@dl-PlayCloudSearch.optional_260235100000.apk@classes.vdex: File /data/dalvik-cache/x86_64/data@user_de@0@com.google.android.gms@app_chimera@m@0000000b@dl-PlayCloudSearch.optional_260235100000.apk@classes.vdex does not exist.
02-12 19:46:48.292  2261  7095 I artd    : OatFileAssistant test for existing oat file /data/dalvik-cache/x86_64/data@user_de@0@com.google.android.gms@app_chimera@m@0000000b@dl-PlayCloudSearch.optional_260235100000.apk@classes.vdex: File /data/dalvik-cache/x86_64/data@user_de@0@com.google.android.gms@app_chimera@m@0000000b@dl-PlayCloudSearch.optional_260235100000.apk@classes.vdex does not exist.
02-12 19:46:48.292  2261  7095 I artd    : GetBestInfo checking vdex next to the dex file (/data/user_de/0/com.google.android.gms/app_chimera/m/0000000b/oat/x86_64/dl-PlayCloudSearch.optional_260235100000.vdex)
02-12 19:46:48.292  2261  7095 I artd    : unable to open vdex file /data/user_de/0/com.google.android.gms/app_chimera/m/0000000b/oat/x86_64/dl-PlayCloudSearch.optional_260235100000.vdex: File /data/user_de/0/com.google.android.gms/app_chimera/m/0000000b/oat/x86_64/dl-PlayCloudSearch.optional_260235100000.vdex does not exist.
02-12 19:46:48.292  2261  7095 I artd    : OatFileAssistant test for existing oat file /data/user_de/0/com.google.android.gms/app_chimera/m/0000000b/oat/x86_64/dl-PlayCloudSearch.optional_260235100000.vdex: File /data/user_de/0/com.google.android.gms/app_chimera/m/0000000b/oat/x86_64/dl-PlayCloudSearch.optional_260235100000.vdex does not exist.
02-12 19:46:48.292  2261  7095 I artd    : GetBestInfo checking dm (/data/user_de/0/com.google.android.gms/app_chimera/m/0000000b/dl-PlayCloudSearch.optional_260235100000.dm)
02-12 19:46:48.292  2261  7095 W ziparchive: Unable to open '/data/user_de/0/com.google.android.gms/app_chimera/m/0000000b/dl-PlayCloudSearch.optional_260235100000.dm': No such file or directory
02-12 19:46:48.292  2261  7095 I artd    : OatFileAssistant test for existing oat file /data/user_de/0/com.google.android.gms/app_chimera/m/0000000b/dl-PlayCloudSearch.optional_260235100000.dm: I/O error
02-12 19:46:48.292  2261  7095 I artd    : GetBestInfo checking dm (/data/user_de/0/com.google.android.gms/app_chimera/m/0000000b/dl-PlayCloudSearch.optional_260235100000.dm)
02-12 19:46:48.293  2261  7095 W ziparchive: Unable to open '/data/user_de/0/com.google.android.gms/app_chimera/m/0000000b/dl-PlayCloudSearch.optional_260235100000.dm': No such file or directory
02-12 19:46:48.293  2261  7095 I artd    : OatFileAssistant test for existing oat file /data/user_de/0/com.google.android.gms/app_chimera/m/0000000b/dl-PlayCloudSearch.optional_260235100000.dm: I/O error
02-12 19:46:48.293  2261  7095 I artd    : GetBestInfo no usable artifacts
02-12 19:46:48.304  1358  2313 I NullBinder: NullBinder for android.net.action.RECOMMEND_NETWORKS triggering remote TransactionTooLargeException due to Service without Chimera impl, calling uid: 1000, calling pid: 0
02-12 19:46:48.305  1358  2313 W .gms.persistent: Large reply transaction of 1056768 bytes, interface descriptor , code 1
02-12 19:46:48.310   653   949 W IPCThreadState: Sending oneway calls to frozen process.
02-12 19:46:48.310   653   949 W IPCThreadState: Sending oneway calls to frozen process.
02-12 19:46:48.310   653   949 W IPCThreadState: Sending oneway calls to frozen process.
02-12 19:46:48.310  1684  2589 I BugleRcsEngine: handleMessage processing message:[NOTIFY_UPTIME_IGNORE_STATE_CHANGED] with [non-null]:RcsEngineImpl reference [CONTEXT log_prefix="RcsEngineImpl[DUAL_REG]:[72809b4d-0d4f]>Handler" thread_id=63 ]
02-12 19:46:48.317   653   949 W IPCThreadState: Sending oneway calls to frozen process.
02-12 19:46:48.317   653   949 W IPCThreadState: Sending oneway calls to frozen process.
02-12 19:46:48.319  1684  2336 I BugleRcsEngine: Connected state: [1], networkType: [WIFI] [CONTEXT thread_id=57 ]
02-12 19:46:48.328   653   949 W IPCThreadState: Sending oneway calls to frozen process.
02-12 19:46:48.329   653   949 W IPCThreadState: Sending oneway calls to frozen process.
02-12 19:46:48.329   653   949 W IPCThreadState: Sending oneway calls to frozen process.
02-12 19:46:48.329   653   949 W IPCThreadState: Sending oneway calls to frozen process.
02-12 19:46:48.329   653   949 W IPCThreadState: Sending oneway calls to frozen process.
02-12 19:46:48.330   653   949 W IPCThreadState: Sending oneway calls to frozen process.
02-12 19:46:48.334 10601 10731 V Capacitor/NetworkPlugin: Notifying listeners for event networkStatusChange
02-12 19:46:48.338  1684  2589 I BugleRcsEngine: No RCS Configuration was found in Bugle for simID: redacted-pii:sim_id[chars:20,last3:897] [CONTEXT log_prefix="ProvisioningEngineDataRetriever" thread_id=63 ]
02-12 19:46:48.350 10601 10601 I Capacitor/Console: File: http://10.0.2.2:3000/_next/static/chunks/node_modules_next_dist_f3530cac._.js - Line 2298 - Msg: {"connected":true,"connectionType":"wifi"}
02-12 19:46:51.300  1358  1498 I NullBinder: NullBinder for android.net.action.RECOMMEND_NETWORKS triggering remote TransactionTooLargeException due to Service without Chimera impl, calling uid: 1000, calling pid: 0
02-12 19:46:51.300  1358  1498 W .gms.persistent: Large reply transaction of 1056768 bytes, interface descriptor , code 1
02-12 19:46:51.304   653   949 W IPCThreadState: Sending oneway calls to frozen process.
02-12 19:46:51.304   653   949 W IPCThreadState: Sending oneway calls to frozen process.
02-12 19:46:51.305   653   949 W IPCThreadState: Sending oneway calls to frozen process.
02-12 19:46:51.310  1684  2589 I BugleRcsEngine: handleMessage processing message:[NOTIFY_UPTIME_IGNORE_STATE_CHANGED] with [non-null]:RcsEngineImpl reference [CONTEXT log_prefix="RcsEngineImpl[DUAL_REG]:[72809b4d-0d4f]>Handler" thread_id=63 ]
02-12 19:46:51.313   653   949 W IPCThreadState: Sending oneway calls to frozen process.
02-12 19:46:51.314   653   949 W IPCThreadState: Sending oneway calls to frozen process.
02-12 19:46:51.321   653   949 W IPCThreadState: Sending oneway calls to frozen process.
02-12 19:46:51.324  1684  2336 I BugleRcsEngine: Connected state: [1], networkType: [WIFI] [CONTEXT thread_id=57 ]
02-12 19:46:51.324   653   949 W IPCThreadState: Sending oneway calls to frozen process.
02-12 19:46:51.325   653   949 W IPCThreadState: Sending oneway calls to frozen process.
02-12 19:46:51.325   653   949 W IPCThreadState: Sending oneway calls to frozen process.
02-12 19:46:51.328   653   949 W IPCThreadState: Sending oneway calls to frozen process.
02-12 19:46:51.329   653   949 W IPCThreadState: Sending oneway calls to frozen process.
02-12 19:46:51.331 10601 10731 V Capacitor/NetworkPlugin: Notifying listeners for event networkStatusChange
02-12 19:46:51.339  1684  2589 I BugleRcsEngine: No RCS Configuration was found in Bugle for simID: redacted-pii:sim_id[chars:20,last3:897] [CONTEXT log_prefix="ProvisioningEngineDataRetriever" thread_id=63 ]
02-12 19:46:51.344 10601 10601 I Capacitor/Console: File: http://10.0.2.2:3000/_next/static/chunks/node_modules_next_dist_f3530cac._.js - Line 2298 - Msg: {"connected":true,"connectionType":"wifi"}
02-12 19:46:54.311  1358  1498 I NullBinder: NullBinder for android.net.action.RECOMMEND_NETWORKS triggering remote TransactionTooLargeException due to Service without Chimera impl, calling uid: 1000, calling pid: 0
02-12 19:46:54.311  1358  1498 W .gms.persistent: Large reply transaction of 1056768 bytes, interface descriptor , code 1
02-12 19:46:54.311  1684  2336 I BugleRcsEngine: Connected state: [1], networkType: [WIFI] [CONTEXT thread_id=57 ]
02-12 19:46:54.312  1684  2589 I BugleRcsEngine: handleMessage processing message:[NOTIFY_UPTIME_IGNORE_STATE_CHANGED] with [non-null]:RcsEngineImpl reference [CONTEXT log_prefix="RcsEngineImpl[DUAL_REG]:[72809b4d-0d4f]>Handler" thread_id=63 ]
02-12 19:46:54.312   653   949 W IPCThreadState: Sending oneway calls to frozen process.
02-12 19:46:54.312   653   949 W IPCThreadState: Sending oneway calls to frozen process.
02-12 19:46:54.314   653   949 W IPCThreadState: Sending oneway calls to frozen process.
02-12 19:46:54.315   653   949 W IPCThreadState: Sending oneway calls to frozen process.
02-12 19:46:54.315   653   949 W IPCThreadState: Sending oneway calls to frozen process.
02-12 19:46:54.323   653   949 W IPCThreadState: Sending oneway calls to frozen process.
02-12 19:46:54.323   653   949 W IPCThreadState: Sending oneway calls to frozen process.
02-12 19:46:54.323   653   949 W IPCThreadState: Sending oneway calls to frozen process.
02-12 19:46:54.323   653   949 W IPCThreadState: Sending oneway calls to frozen process.
02-12 19:46:54.323   653   949 W IPCThreadState: Sending oneway calls to frozen process.
02-12 19:46:54.323   653   949 W IPCThreadState: Sending oneway calls to frozen process.
02-12 19:46:54.328 10601 10731 V Capacitor/NetworkPlugin: Notifying listeners for event networkStatusChange
02-12 19:46:54.330  1684  2589 I BugleRcsEngine: No RCS Configuration was found in Bugle for simID: redacted-pii:sim_id[chars:20,last3:897] [CONTEXT log_prefix="ProvisioningEngineDataRetriever" thread_id=63 ]
02-12 19:46:54.338 10601 10601 I Capacitor/Console: File: http://10.0.2.2:3000/_next/static/chunks/node_modules_next_dist_f3530cac._.js - Line 2298 - Msg: {"connected":true,"connectionType":"wifi"}
02-12 19:46:57.385 11601 11601 D BoundBrokerSvc: onUnbind: Intent { act=com.google.android.gms.safetynet.service.START pkg=com.google.android.gms }
02-12 19:46:58.209  2261  7095 I artd    : Dex parent of /data/app/~~-29y4k5q0EyHjfoK-IJpRg==/com.google.android.gms-vMamtU__I-ZCTe82hwbPzA==/base.apk is not writable: Permission denied
